<html>
<body>
<pre>
<h1>µVision Build Log</h1>
<h2>Tool Versions:</h2>
IDE-Version: µVision V5.26.2.0
Copyright (C) 2018 ARM Ltd and ARM Germany GmbH. All rights reserved.
License Information: Xiaorong Zhang, SFSU, LIC=----
 
Tool Versions:
Toolchain:       MDK-Lite  Version: 5.26.2.0
Toolchain Path:  C:\Keil_v5\ARM\ARMCC\Bin
C Compiler:      Armcc.exe V5.06 update 6 (build 750)
Assembler:       Armasm.exe V5.06 update 6 (build 750)
Linker/Locator:  ArmLink.exe V5.06 update 6 (build 750)
Library Manager: ArmAr.exe V5.06 update 6 (build 750)
Hex Converter:   FromElf.exe V5.06 update 6 (build 750)
CPU DLL:         SARMCM3.DLL V5.26.2.0
Dialog DLL:      DCM.DLL V1.17.2.0
Target DLL:      lmidk-agdi.dll V???
Dialog DLL:      TCM.DLL V1.36.1.0
 
<h2>Project:</h2>
C:\ti\TivaWare_C_Series-2.1.4.178\examples\boards\my_projects_123\Tiva_IMU2-master_new\IMU2.uvproj
Project File Date:  11/17/2020

<h2>Output:</h2>
*** Using Compiler 'V5.06 update 6 (build 750)', folder: 'C:\Keil_v5\ARM\ARMCC\Bin'
Rebuild target 'Target 1'
assembling startup_rvmdk.S...
compiling MPU9250.c...
compiling I2C1 Functions.c...
compiling IMU2.c...
IMU2.c(282): warning:  #177-D: variable "selfTest"  was declared but never referenced
     uint8_t selfTest[6];
IMU2.c(284): warning:  #177-D: variable "factoryTrim"  was declared but never referenced
     float factoryTrim[6];
IMU2.c(285): warning:  #177-D: variable "FS"  was declared but never referenced
     uint8_t FS = 0;
IMU2.c: 3 warnings, 0 errors
linking...
Program Size: Code=11632 RO-data=1696 RW-data=164 ZI-data=1092  
".\Objects\IMU2.axf" - 0 Error(s), 3 Warning(s).
Build Time Elapsed:  00:00:01
</pre>
</body>
</html>
