Component: ARM Compiler 5.06 update 6 (build 750) Tool: armlink [4d35ed]

==============================================================================

Section Cross References

    startup_rvmdk.o(STACK) refers (Special) to heapauxi.o(.text) for __use_two_region_memory
    startup_rvmdk.o(HEAP) refers (Special) to heapauxi.o(.text) for __use_two_region_memory
    startup_rvmdk.o(RESET) refers (Special) to heapauxi.o(.text) for __use_two_region_memory
    startup_rvmdk.o(RESET) refers to startup_rvmdk.o(STACK) for StackMem
    startup_rvmdk.o(RESET) refers to __main.o(!!!main) for __main
    startup_rvmdk.o(.text) refers (Special) to heapauxi.o(.text) for __use_two_region_memory
    startup_rvmdk.o(.text) refers to startup_rvmdk.o(HEAP) for HeapMem
    startup_rvmdk.o(.text) refers to startup_rvmdk.o(STACK) for StackMem
    imu2.o(.text) refers to _printf_percent.o(.ARM.Collect$$_printf_percent$$00000000) for _printf_percent
    imu2.o(.text) refers to _printf_d.o(.ARM.Collect$$_printf_percent$$00000009) for _printf_d
    imu2.o(.text) refers to _printf_dec.o(.text) for _printf_int_dec
    imu2.o(.text) refers to _printf_f.o(.ARM.Collect$$_printf_percent$$00000003) for _printf_f
    imu2.o(.text) refers to printf1.o(x$fpl$printf1) for _printf_fp_dec
    imu2.o(.text) refers to sysctl.o(i.SysCtlPeripheralEnable) for SysCtlPeripheralEnable
    imu2.o(.text) refers to gpio.o(i.GPIOPinTypeGPIOOutput) for GPIOPinTypeGPIOOutput
    imu2.o(.text) refers to gpio.o(i.GPIOPinConfigure) for GPIOPinConfigure
    imu2.o(.text) refers to gpio.o(i.GPIOPinTypeUART) for GPIOPinTypeUART
    imu2.o(.text) refers to sysctl.o(i.SysCtlClockGet) for SysCtlClockGet
    imu2.o(.text) refers to uart.o(i.UARTConfigSetExpClk) for UARTConfigSetExpClk
    imu2.o(.text) refers to sysctl.o(i.SysCtlPeripheralReset) for SysCtlPeripheralReset
    imu2.o(.text) refers to gpio.o(i.GPIOPinTypeI2C) for GPIOPinTypeI2C
    imu2.o(.text) refers to gpio.o(i.GPIOPinTypeI2CSCL) for GPIOPinTypeI2CSCL
    imu2.o(.text) refers to i2c.o(i.I2CMasterInitExpClk) for I2CMasterInitExpClk
    imu2.o(.text) refers to gpio.o(i.GPIOPinTypeTimer) for GPIOPinTypeTimer
    imu2.o(.text) refers to timer.o(i.TimerConfigure) for TimerConfigure
    imu2.o(.text) refers to timer.o(i.TimerLoadSet) for TimerLoadSet
    imu2.o(.text) refers to interrupt.o(i.IntPrioritySet) for IntPrioritySet
    imu2.o(.text) refers to interrupt.o(i.IntEnable) for IntEnable
    imu2.o(.text) refers to timer.o(i.TimerIntEnable) for TimerIntEnable
    imu2.o(.text) refers to timer.o(i.TimerEnable) for TimerEnable
    imu2.o(.text) refers to uart.o(i.UARTCharPut) for UARTCharPut
    imu2.o(.text) refers to i2c1 functions.o(.text) for I2C1ReadByte
    imu2.o(.text) refers to gpio.o(i.GPIOPinWrite) for GPIOPinWrite
    imu2.o(.text) refers to sysctl.o(.emb_text) for SysCtlDelay
    imu2.o(.text) refers to imu2.o(.data) for buffer
    imu2.o(.text) refers to imu2.o(.bss) for mag_bias
    imu2.o(.text) refers to mpu9250.o(.text) for MPU9250_setFullScaleGyroRange
    imu2.o(.text) refers to noretval__2sprintf.o(.text) for __2sprintf
    imu2.o(.text) refers to f2d.o(x$fpl$f2d) for __aeabi_f2d
    imu2.o(.text) refers to sysctl.o(i.SysCtlClockSet) for SysCtlClockSet
    imu2.o(.text) refers to imu2.o(.conststring) for .conststring
    mpu9250.o(.text) refers to i2c1 functions.o(.text) for I2C1ReadByte
    i2c1 functions.o(.text) refers to i2c.o(i.I2CMasterSlaveAddrSet) for I2CMasterSlaveAddrSet
    i2c1 functions.o(.text) refers to i2c.o(i.I2CMasterDataPut) for I2CMasterDataPut
    i2c1 functions.o(.text) refers to i2c.o(i.I2CMasterControl) for I2CMasterControl
    i2c1 functions.o(.text) refers to i2c.o(i.I2CMasterBusy) for I2CMasterBusy
    i2c1 functions.o(.text) refers to i2c.o(i.I2CMasterDataGet) for I2CMasterDataGet
    gpio.o(i.GPIOIntRegister) refers to gpio.o(i._GPIOIntNumberGet) for _GPIOIntNumberGet
    gpio.o(i.GPIOIntRegister) refers to interrupt.o(i.IntRegister) for IntRegister
    gpio.o(i.GPIOIntRegister) refers to interrupt.o(i.IntEnable) for IntEnable
    gpio.o(i.GPIOIntRegisterPin) refers to gpio.o(i._GPIOIntNumberGet) for _GPIOIntNumberGet
    gpio.o(i.GPIOIntRegisterPin) refers to interrupt.o(i.IntRegister) for IntRegister
    gpio.o(i.GPIOIntRegisterPin) refers to interrupt.o(i.IntEnable) for IntEnable
    gpio.o(i.GPIOIntUnregister) refers to gpio.o(i._GPIOIntNumberGet) for _GPIOIntNumberGet
    gpio.o(i.GPIOIntUnregister) refers to interrupt.o(i.IntDisable) for IntDisable
    gpio.o(i.GPIOIntUnregister) refers to interrupt.o(i.IntUnregister) for IntUnregister
    gpio.o(i.GPIOIntUnregisterPin) refers to gpio.o(i._GPIOIntNumberGet) for _GPIOIntNumberGet
    gpio.o(i.GPIOIntUnregisterPin) refers to interrupt.o(i.IntDisable) for IntDisable
    gpio.o(i.GPIOIntUnregisterPin) refers to interrupt.o(i.IntUnregister) for IntUnregister
    gpio.o(i.GPIOPinConfigure) refers to gpio.o(.constdata) for .constdata
[...]
    libinit2.o(.ARM.Collect$$libinit$$00000001) refers to fpinit.o(x$fpl$fpinit) for _fp_init
    libinit2.o(.ARM.Collect$$libinit$$0000000F) refers (Weak) to rt_locale_intlibspace.o(.text) for __rt_locale
    libinit2.o(.ARM.Collect$$libinit$$00000010) refers to libinit2.o(.ARM.Collect$$libinit$$0000000F) for .ARM.Collect$$libinit$$0000000F
    libinit2.o(.ARM.Collect$$libinit$$00000012) refers to libinit2.o(.ARM.Collect$$libinit$$0000000F) for .ARM.Collect$$libinit$$0000000F
    libinit2.o(.ARM.Collect$$libinit$$00000014) refers to libinit2.o(.ARM.Collect$$libinit$$0000000F) for .ARM.Collect$$libinit$$0000000F
    libinit2.o(.ARM.Collect$$libinit$$00000016) refers to libinit2.o(.ARM.Collect$$libinit$$0000000F) for .ARM.Collect$$libinit$$0000000F
    libinit2.o(.ARM.Collect$$libinit$$00000016) refers (Weak) to lc_numeric_c.o(locale$$code) for _get_lc_numeric
    libinit2.o(.ARM.Collect$$libinit$$00000018) refers to libinit2.o(.ARM.Collect$$libinit$$0000000F) for .ARM.Collect$$libinit$$0000000F
    libinit2.o(.ARM.Collect$$libinit$$00000026) refers to argv_veneer.o(.emb_text) for __ARM_argv_veneer
    libinit2.o(.ARM.Collect$$libinit$$00000027) refers to argv_veneer.o(.emb_text) for __ARM_argv_veneer
    rtexit.o(.ARM.Collect$$rtexit$$00000000) refers (Special) to rtexit2.o(.ARM.Collect$$rtexit$$00000004) for __rt_exit_exit
    rtexit.o(.ARM.Collect$$rtexit$$00000000) refers (Special) to rtexit2.o(.ARM.Collect$$rtexit$$00000003) for __rt_exit_ls
    rtexit.o(.ARM.Collect$$rtexit$$00000000) refers (Special) to rtexit2.o(.ARM.Collect$$rtexit$$00000002) for __rt_exit_prels_1
    rtexit.o(.ARM.exidx) refers (Special) to rtexit2.o(.ARM.Collect$$rtexit$$00000004) for __rt_exit_exit
    rtexit.o(.ARM.exidx) refers (Special) to rtexit2.o(.ARM.Collect$$rtexit$$00000003) for __rt_exit_ls
    rtexit.o(.ARM.exidx) refers (Special) to rtexit2.o(.ARM.Collect$$rtexit$$00000002) for __rt_exit_prels_1
    rtexit.o(.ARM.exidx) refers to rtexit.o(.ARM.Collect$$rtexit$$00000000) for .ARM.Collect$$rtexit$$00000000
    argv_veneer.o(.emb_text) refers to no_argv.o(.text) for __ARM_get_argv
    rtexit2.o(.ARM.Collect$$rtexit$$00000003) refers to libshutdown.o(.ARM.Collect$$libshutdown$$00000000) for __rt_lib_shutdown
    rtexit2.o(.ARM.Collect$$rtexit$$00000004) refers to sys_exit.o(.text) for _sys_exit
    rtexit2.o(.ARM.exidx) refers to rtexit2.o(.ARM.Collect$$rtexit$$00000001) for .ARM.Collect$$rtexit$$00000001
    rtexit2.o(.ARM.exidx) refers to rtexit2.o(.ARM.Collect$$rtexit$$00000003) for .ARM.Collect$$rtexit$$00000003
    rtexit2.o(.ARM.exidx) refers to rtexit2.o(.ARM.Collect$$rtexit$$00000004) for .ARM.Collect$$rtexit$$00000004
    _get_argv_nomalloc.o(.text) refers (Special) to hrguard.o(.text) for __heap_region$guard
    _get_argv_nomalloc.o(.text) refers to defsig_rtmem_outer.o(.text) for __rt_SIGRTMEM
    _get_argv_nomalloc.o(.text) refers to sys_command.o(.text) for _sys_command_string
    sys_command.o(.text) refers (Special) to use_no_semi.o(.text) for __I$use$semihosting
    sys_command.o(.text) refers (Special) to indicate_semi.o(.text) for __semihosting_library_function
    sys_exit.o(.text) refers (Special) to use_no_semi.o(.text) for __I$use$semihosting
    sys_exit.o(.text) refers (Special) to indicate_semi.o(.text) for __semihosting_library_function
    defsig_rtmem_outer.o(.text) refers to defsig_rtmem_inner.o(.text) for __rt_SIGRTMEM_inner
    defsig_rtmem_outer.o(.text) refers to defsig_exit.o(.text) for __sig_exit
    defsig_rtmem_formal.o(.text) refers to rt_raise.o(.text) for __rt_raise
    libshutdown.o(.ARM.Collect$$libshutdown$$00000000) refers (Special) to libshutdown2.o(.ARM.Collect$$libshutdown$$00000002) for __rt_lib_shutdown_cpp_1
    libshutdown.o(.ARM.Collect$$libshutdown$$00000000) refers (Special) to libshutdown2.o(.ARM.Collect$$libshutdown$$00000007) for __rt_lib_shutdown_fp_trap_1
    libshutdown.o(.ARM.Collect$$libshutdown$$00000000) refers (Special) to libshutdown2.o(.ARM.Collect$$libshutdown$$0000000F) for __rt_lib_shutdown_heap_1
    libshutdown.o(.ARM.Collect$$libshutdown$$00000000) refers (Special) to libshutdown2.o(.ARM.Collect$$libshutdown$$00000010) for __rt_lib_shutdown_return
    libshutdown.o(.ARM.Collect$$libshutdown$$00000000) refers (Special) to libshutdown2.o(.ARM.Collect$$libshutdown$$0000000A) for __rt_lib_shutdown_signal_1
    libshutdown.o(.ARM.Collect$$libshutdown$$00000000) refers (Special) to libshutdown2.o(.ARM.Collect$$libshutdown$$00000004) for __rt_lib_shutdown_stdio_1
    libshutdown.o(.ARM.Collect$$libshutdown$$00000000) refers (Special) to libshutdown2.o(.ARM.Collect$$libshutdown$$0000000C) for __rt_lib_shutdown_user_alloc_1
    rt_raise.o(.text) refers to __raise.o(.text) for __raise
    rt_raise.o(.text) refers to sys_exit.o(.text) for _sys_exit
    defsig_exit.o(.text) refers to sys_exit.o(.text) for _sys_exit
    defsig_rtmem_inner.o(.text) refers to defsig_general.o(.text) for __default_signal_display
    __raise.o(.text) refers to defsig.o(CL$$defsig) for __default_signal_handler
    defsig_general.o(.text) refers to sys_wrch.o(.text) for _ttywrch
    sys_wrch.o(.text) refers (Special) to use_no_semi.o(.text) for __I$use$semihosting
    sys_wrch.o(.text) refers (Special) to indicate_semi.o(.text) for __semihosting_library_function
    defsig.o(CL$$defsig) refers to defsig_rtmem_inner.o(.text) for __rt_SIGRTMEM_inner
    defsig_abrt_inner.o(.text) refers to defsig_general.o(.text) for __default_signal_display
    defsig_fpe_inner.o(.text) refers to defsig_general.o(.text) for __default_signal_display
    defsig_rtred_inner.o(.text) refers to defsig_general.o(.text) for __default_signal_display
    defsig_stak_inner.o(.text) refers to defsig_general.o(.text) for __default_signal_display
    defsig_pvfn_inner.o(.text) refers to defsig_general.o(.text) for __default_signal_display
    defsig_cppl_inner.o(.text) refers to defsig_general.o(.text) for __default_signal_display
    defsig_segv_inner.o(.text) refers to defsig_general.o(.text) for __default_signal_display
    defsig_other.o(.text) refers to defsig_general.o(.text) for __default_signal_display


==============================================================================

Removing Unused input sections from the image.

    Removing gpio.o(i.GPIOADCTriggerDisable), (14 bytes).
    Removing gpio.o(i.GPIOADCTriggerEnable), (12 bytes).
    Removing gpio.o(i.GPIODMATriggerDisable), (14 bytes).
    Removing gpio.o(i.GPIODMATriggerEnable), (12 bytes).
    Removing gpio.o(i.GPIODirModeGet), (34 bytes).
    Removing gpio.o(i.GPIOIntClear), (6 bytes).
    Removing gpio.o(i.GPIOIntDisable), (14 bytes).
    Removing gpio.o(i.GPIOIntEnable), (12 bytes).
    Removing gpio.o(i.GPIOIntRegister), (26 bytes).
    Removing gpio.o(i.GPIOIntRegisterPin), (30 bytes).
    Removing gpio.o(i.GPIOIntStatus), (14 bytes).
    Removing gpio.o(i.GPIOIntTypeGet), (68 bytes).
    Removing gpio.o(i.GPIOIntTypeSet), (80 bytes).
    Removing gpio.o(i.GPIOIntUnregister), (22 bytes).
    Removing gpio.o(i.GPIOIntUnregisterPin), (26 bytes).
    Removing gpio.o(i.GPIOPadConfigGet), (204 bytes).
    Removing gpio.o(i.GPIOPinRead), (6 bytes).
    Removing gpio.o(i.GPIOPinTypeADC), (28 bytes).
    Removing gpio.o(i.GPIOPinTypeCAN), (28 bytes).
    Removing gpio.o(i.GPIOPinTypeComparator), (28 bytes).
    Removing gpio.o(i.GPIOPinTypeComparatorOutput), (28 bytes).
    Removing gpio.o(i.GPIOPinTypeDIVSCLK), (28 bytes).
    Removing gpio.o(i.GPIOPinTypeEPI), (28 bytes).
    Removing gpio.o(i.GPIOPinTypeEthernetLED), (28 bytes).
    Removing gpio.o(i.GPIOPinTypeEthernetMII), (28 bytes).
    Removing gpio.o(i.GPIOPinTypeGPIOInput), (28 bytes).
    Removing gpio.o(i.GPIOPinTypeGPIOOutputOD), (28 bytes).
    Removing gpio.o(i.GPIOPinTypeHibernateRTCCLK), (28 bytes).
    Removing gpio.o(i.GPIOPinTypeLCD), (28 bytes).
    Removing gpio.o(i.GPIOPinTypeOneWire), (28 bytes).
    Removing gpio.o(i.GPIOPinTypePWM), (28 bytes).
    Removing gpio.o(i.GPIOPinTypeQEI), (28 bytes).
    Removing gpio.o(i.GPIOPinTypeSSI), (28 bytes).
    Removing gpio.o(i.GPIOPinTypeTrace), (28 bytes).
    Removing gpio.o(i.GPIOPinTypeUSBAnalog), (28 bytes).
    Removing gpio.o(i.GPIOPinTypeUSBDigital), (28 bytes).
    Removing gpio.o(i.GPIOPinTypeWakeHigh), (30 bytes).
    Removing gpio.o(i.GPIOPinTypeWakeLow), (30 bytes).
    Removing gpio.o(i.GPIOPinWakeStatus), (6 bytes).
    Removing gpio.o(i._GPIOIntNumberGet), (80 bytes).
    Removing i2c.o(i.I2CFIFODataGet), (16 bytes).
    Removing i2c.o(i.I2CFIFODataGetNonBlocking), (24 bytes).
    Removing i2c.o(i.I2CFIFODataPut), (16 bytes).
    Removing i2c.o(i.I2CFIFODataPutNonBlocking), (20 bytes).
    Removing i2c.o(i.I2CFIFOStatus), (6 bytes).
    Removing i2c.o(i.I2CIntRegister), (96 bytes).
    Removing i2c.o(i.I2CIntUnregister), (96 bytes).
    Removing i2c.o(i.I2CLoopbackEnable), (10 bytes).
    Removing i2c.o(i.I2CMasterBurstCountGet), (4 bytes).
    Removing i2c.o(i.I2CMasterBurstLengthSet), (4 bytes).
    Removing i2c.o(i.I2CMasterBusBusy), (12 bytes).
    Removing i2c.o(i.I2CMasterDisable), (10 bytes).
    Removing i2c.o(i.I2CMasterEnable), (10 bytes).
    Removing i2c.o(i.I2CMasterErr), (24 bytes).
    Removing i2c.o(i.I2CMasterGlitchFilterConfigSet), (84 bytes).
    Removing i2c.o(i.I2CMasterIntClear), (8 bytes).
    Removing i2c.o(i.I2CMasterIntClearEx), (4 bytes).
    Removing i2c.o(i.I2CMasterIntDisable), (6 bytes).
    Removing i2c.o(i.I2CMasterIntDisableEx), (10 bytes).
    Removing i2c.o(i.I2CMasterIntEnable), (6 bytes).
    Removing i2c.o(i.I2CMasterIntEnableEx), (8 bytes).
    Removing i2c.o(i.I2CMasterIntStatus), (24 bytes).
    Removing i2c.o(i.I2CMasterIntStatusEx), (10 bytes).
    Removing i2c.o(i.I2CMasterLineStateGet), (4 bytes).
    Removing i2c.o(i.I2CMasterTimeoutSet), (4 bytes).
    Removing i2c.o(i.I2CRxFIFOConfigSet), (22 bytes).
    Removing i2c.o(i.I2CRxFIFOFlush), (14 bytes).
    Removing i2c.o(i.I2CSlaveACKOverride), (22 bytes).
    Removing i2c.o(i.I2CSlaveACKValueSet), (22 bytes).
    Removing i2c.o(i.I2CSlaveAddressSet), (24 bytes).
    Removing i2c.o(i.I2CSlaveDataGet), (6 bytes).
    Removing i2c.o(i.I2CSlaveDataPut), (6 bytes).
    Removing i2c.o(i.I2CSlaveDisable), (16 bytes).
    Removing i2c.o(i.I2CSlaveEnable), (16 bytes).
    Removing i2c.o(i.I2CSlaveFIFODisable), (8 bytes).
    Removing i2c.o(i.I2CSlaveFIFOEnable), (10 bytes).
    Removing i2c.o(i.I2CSlaveInit), (20 bytes).
    Removing i2c.o(i.I2CSlaveIntClear), (8 bytes).
    Removing i2c.o(i.I2CSlaveIntClearEx), (6 bytes).
    Removing i2c.o(i.I2CSlaveIntDisable), (14 bytes).
    Removing i2c.o(i.I2CSlaveIntDisableEx), (14 bytes).
    Removing i2c.o(i.I2CSlaveIntEnable), (14 bytes).
    Removing i2c.o(i.I2CSlaveIntEnableEx), (12 bytes).
    Removing i2c.o(i.I2CSlaveIntStatus), (28 bytes).
    Removing i2c.o(i.I2CSlaveIntStatusEx), (14 bytes).
    Removing i2c.o(i.I2CSlaveStatus), (6 bytes).
    Removing i2c.o(i.I2CTxFIFOConfigSet), (24 bytes).
    Removing i2c.o(i.I2CTxFIFOFlush), (14 bytes).
    Removing i2c.o(.constdata), (128 bytes).
    Removing interrupt.o(i.IntDisable), (100 bytes).
    Removing interrupt.o(i.IntIsEnabled), (96 bytes).
    Removing interrupt.o(i.IntMasterDisable), (14 bytes).
    Removing interrupt.o(i.IntMasterEnable), (14 bytes).
    Removing interrupt.o(i.IntPendClear), (68 bytes).
    Removing interrupt.o(i.IntPendSet), (84 bytes).
    Removing interrupt.o(i.IntPriorityGet), (28 bytes).
    Removing interrupt.o(i.IntPriorityGroupingGet), (36 bytes).
    Removing interrupt.o(i.IntPriorityGroupingSet), (28 bytes).
    Removing interrupt.o(i.IntPriorityMaskGet), (4 bytes).
    Removing interrupt.o(i.IntPriorityMaskSet), (4 bytes).
    Removing interrupt.o(i.IntRegister), (52 bytes).
    Removing interrupt.o(i.IntTrigger), (12 bytes).
    Removing interrupt.o(i.IntUnregister), (20 bytes).
    Removing interrupt.o(i._IntDefaultHandler), (2 bytes).
    Removing interrupt.o(vtable), (620 bytes).
    Removing sysctl.o(i.SysCtlAltClkConfig), (12 bytes).
    Removing sysctl.o(i.SysCtlClockFreqSet), (740 bytes).
    Removing sysctl.o(i.SysCtlClockOutConfig), (20 bytes).
    Removing sysctl.o(i.SysCtlDeepSleep), (32 bytes).
    Removing sysctl.o(i.SysCtlDeepSleepClockConfigSet), (112 bytes).
    Removing sysctl.o(i.SysCtlDeepSleepClockSet), (12 bytes).
    Removing sysctl.o(i.SysCtlDeepSleepPowerSet), (12 bytes).
    Removing sysctl.o(i.SysCtlFlashSectorSizeGet), (56 bytes).
    Removing sysctl.o(i.SysCtlFlashSizeGet), (56 bytes).
    Removing sysctl.o(i.SysCtlGPIOAHBDisable), (28 bytes).
    Removing sysctl.o(i.SysCtlGPIOAHBEnable), (24 bytes).
    Removing sysctl.o(i.SysCtlIntClear), (12 bytes).
    Removing sysctl.o(i.SysCtlIntDisable), (16 bytes).
    Removing sysctl.o(i.SysCtlIntEnable), (16 bytes).
    Removing sysctl.o(i.SysCtlIntRegister), (20 bytes).
    Removing sysctl.o(i.SysCtlIntStatus), (16 bytes).
    Removing sysctl.o(i.SysCtlIntUnregister), (18 bytes).
    Removing sysctl.o(i.SysCtlLDODeepSleepGet), (12 bytes).
    Removing sysctl.o(i.SysCtlLDODeepSleepSet), (12 bytes).
    Removing sysctl.o(i.SysCtlLDOSleepGet), (12 bytes).
    Removing sysctl.o(i.SysCtlLDOSleepSet), (12 bytes).
    Removing sysctl.o(i.SysCtlMOSCConfigSet), (12 bytes).
    Removing sysctl.o(i.SysCtlNMIClear), (16 bytes).
    Removing sysctl.o(i.SysCtlNMIStatus), (12 bytes).
    Removing sysctl.o(i.SysCtlPIOSCCalibrate), (76 bytes).
    Removing sysctl.o(i.SysCtlPWMClockGet), (24 bytes).
    Removing sysctl.o(i.SysCtlPWMClockSet), (20 bytes).
    Removing sysctl.o(i.SysCtlPeripheralClockGating), (68 bytes).
    Removing sysctl.o(i.SysCtlPeripheralDeepSleepDisable), (40 bytes).
    Removing sysctl.o(i.SysCtlPeripheralDeepSleepEnable), (40 bytes).
    Removing sysctl.o(i.SysCtlPeripheralDisable), (40 bytes).
    Removing sysctl.o(i.SysCtlPeripheralPowerOff), (40 bytes).
    Removing sysctl.o(i.SysCtlPeripheralPowerOn), (40 bytes).
    Removing sysctl.o(i.SysCtlPeripheralPresent), (44 bytes).
    Removing sysctl.o(i.SysCtlPeripheralReady), (44 bytes).
    Removing sysctl.o(i.SysCtlPeripheralSleepDisable), (40 bytes).
    Removing sysctl.o(i.SysCtlPeripheralSleepEnable), (40 bytes).
    Removing sysctl.o(i.SysCtlReset), (16 bytes).
    Removing sysctl.o(i.SysCtlResetBehaviorGet), (12 bytes).
    Removing sysctl.o(i.SysCtlResetBehaviorSet), (12 bytes).
    Removing sysctl.o(i.SysCtlResetCauseClear), (16 bytes).
    Removing sysctl.o(i.SysCtlResetCauseGet), (12 bytes).
    Removing sysctl.o(i.SysCtlSRAMSizeGet), (16 bytes).
    Removing sysctl.o(i.SysCtlSleep), (4 bytes).
    Removing sysctl.o(i.SysCtlSleepPowerSet), (12 bytes).
    Removing sysctl.o(i.SysCtlUSBPLLDisable), (16 bytes).
    Removing sysctl.o(i.SysCtlUSBPLLEnable), (16 bytes).
    Removing sysctl.o(i.SysCtlVCOGet), (120 bytes).
    Removing sysctl.o(i.SysCtlVoltageEventClear), (16 bytes).
    Removing sysctl.o(i.SysCtlVoltageEventConfig), (12 bytes).
    Removing sysctl.o(i.SysCtlVoltageEventStatus), (12 bytes).
    Removing timer.o(i.TimerADCEventGet), (4 bytes).
    Removing timer.o(i.TimerADCEventSet), (4 bytes).
    Removing timer.o(i.TimerClockSourceGet), (6 bytes).
    Removing timer.o(i.TimerClockSourceSet), (6 bytes).
    Removing timer.o(i.TimerControlEvent), (18 bytes).
    Removing timer.o(i.TimerControlLevel), (22 bytes).
    Removing timer.o(i.TimerControlStall), (22 bytes).
    Removing timer.o(i.TimerControlTrigger), (80 bytes).
    Removing timer.o(i.TimerControlWaitOnTrigger), (48 bytes).
    Removing timer.o(i.TimerDMAEventGet), (4 bytes).
    Removing timer.o(i.TimerDMAEventSet), (4 bytes).
    Removing timer.o(i.TimerDisable), (16 bytes).
    Removing timer.o(i.TimerIntClear), (4 bytes).
    Removing timer.o(i.TimerIntDisable), (10 bytes).
    Removing timer.o(i.TimerIntRegister), (104 bytes).
    Removing timer.o(i.TimerIntStatus), (10 bytes).
    Removing timer.o(i.TimerIntUnregister), (104 bytes).
    Removing timer.o(i.TimerLoadGet), (10 bytes).
    Removing timer.o(i.TimerLoadGet64), (14 bytes).
    Removing timer.o(i.TimerLoadSet64), (6 bytes).
    Removing timer.o(i.TimerMatchGet), (10 bytes).
    Removing timer.o(i.TimerMatchGet64), (14 bytes).
    Removing timer.o(i.TimerMatchSet), (18 bytes).
    Removing timer.o(i.TimerMatchSet64), (6 bytes).
    Removing timer.o(i.TimerPrescaleGet), (10 bytes).
    Removing timer.o(i.TimerPrescaleMatchGet), (10 bytes).
    Removing timer.o(i.TimerPrescaleMatchSet), (18 bytes).
    Removing timer.o(i.TimerPrescaleSet), (18 bytes).
    Removing timer.o(i.TimerRTCDisable), (10 bytes).
    Removing timer.o(i.TimerRTCEnable), (10 bytes).
    Removing timer.o(i.TimerSynchronize), (4 bytes).
    Removing timer.o(i.TimerUpdateMode), (42 bytes).
    Removing timer.o(i.TimerValueGet), (10 bytes).
    Removing timer.o(i.TimerValueGet64), (14 bytes).
    Removing timer.o(.constdata), (160 bytes).
    Removing uart.o(i.UART9BitAddrSend), (38 bytes).
    Removing uart.o(i.UART9BitAddrSet), (10 bytes).
    Removing uart.o(i.UART9BitDisable), (14 bytes).
    Removing uart.o(i.UART9BitEnable), (14 bytes).
    Removing uart.o(i.UARTBreakCtl), (18 bytes).
    Removing uart.o(i.UARTBusy), (8 bytes).
    Removing uart.o(i.UARTCharGet), (12 bytes).
    Removing uart.o(i.UARTCharGetNonBlocking), (16 bytes).
    Removing uart.o(i.UARTCharPutNonBlocking), (16 bytes).
    Removing uart.o(i.UARTCharsAvail), (10 bytes).
    Removing uart.o(i.UARTClockSourceGet), (6 bytes).
    Removing uart.o(i.UARTClockSourceSet), (6 bytes).
    Removing uart.o(i.UARTConfigGetExpClk), (46 bytes).
    Removing uart.o(i.UARTDMADisable), (10 bytes).
    Removing uart.o(i.UARTDMAEnable), (8 bytes).
    Removing uart.o(i.UARTDisable), (30 bytes).
    Removing uart.o(i.UARTDisableSIR), (10 bytes).
    Removing uart.o(i.UARTEnable), (20 bytes).
    Removing uart.o(i.UARTEnableSIR), (18 bytes).
    Removing uart.o(i.UARTFIFODisable), (10 bytes).
    Removing uart.o(i.UARTFIFOEnable), (10 bytes).
    Removing uart.o(i.UARTFIFOLevelGet), (16 bytes).
    Removing uart.o(i.UARTFIFOLevelSet), (6 bytes).
    Removing uart.o(i.UARTFlowControlGet), (8 bytes).
    Removing uart.o(i.UARTFlowControlSet), (12 bytes).
    Removing uart.o(i.UARTIntClear), (4 bytes).
    Removing uart.o(i.UARTIntDisable), (10 bytes).
    Removing uart.o(i.UARTIntEnable), (8 bytes).
    Removing uart.o(i.UARTIntRegister), (88 bytes).
    Removing uart.o(i.UARTIntStatus), (10 bytes).
    Removing uart.o(i.UARTIntUnregister), (88 bytes).
    Removing uart.o(i.UARTLoopbackEnable), (10 bytes).
    Removing uart.o(i.UARTModemControlClear), (14 bytes).
    Removing uart.o(i.UARTModemControlGet), (8 bytes).
    Removing uart.o(i.UARTModemControlSet), (12 bytes).
    Removing uart.o(i.UARTModemStatusGet), (10 bytes).
    Removing uart.o(i.UARTParityModeGet), (8 bytes).
    Removing uart.o(i.UARTParityModeSet), (12 bytes).
    Removing uart.o(i.UARTRxErrorClear), (6 bytes).
    Removing uart.o(i.UARTRxErrorGet), (8 bytes).
    Removing uart.o(i.UARTSmartCardDisable), (10 bytes).
    Removing uart.o(i.UARTSmartCardEnable), (22 bytes).
    Removing uart.o(i.UARTSpaceAvail), (10 bytes).
    Removing uart.o(i.UARTTxIntModeGet), (8 bytes).
    Removing uart.o(i.UARTTxIntModeSet), (12 bytes).
    Removing uart.o(.constdata), (128 bytes).
    Removing cpu.o(.emb_text), (38 bytes).

238 unused section(s) (total 7322 bytes) removed from the image.

==============================================================================

Image Symbol Table

    Local Symbols

    Symbol Name                              Value     Ov Type        Size  Object(Section)

    RESET                                    0x00000000   Section      648  startup_rvmdk.o(RESET)
    ../clib/angel/boardlib.s                 0x00000000   Number         0  boardinit1.o ABSOLUTE
    ../clib/angel/boardlib.s                 0x00000000   Number         0  boardshut.o ABSOLUTE
    ../clib/angel/boardlib.s                 0x00000000   Number         0  boardinit3.o ABSOLUTE
    ../clib/angel/boardlib.s                 0x00000000   Number         0  boardinit2.o ABSOLUTE
    ../clib/angel/handlers.s                 0x00000000   Number         0  __scatter_zi.o ABSOLUTE
    ../clib/angel/handlers.s                 0x00000000   Number         0  __scatter_copy.o ABSOLUTE
    ../clib/angel/kernel.s                   0x00000000   Number         0  __rtentry2.o ABSOLUTE
    ../clib/angel/kernel.s                   0x00000000   Number         0  rtexit.o ABSOLUTE
    ../clib/angel/kernel.s                   0x00000000   Number         0  __rtentry.o ABSOLUTE
    ../clib/angel/kernel.s                   0x00000000   Number         0  __rtentry4.o ABSOLUTE
    ../clib/angel/kernel.s                   0x00000000   Number         0  rtexit2.o ABSOLUTE
    ../clib/angel/rt.s                       0x00000000   Number         0  rt_locale.o ABSOLUTE
    ../clib/angel/rt.s                       0x00000000   Number         0  rt_locale_intlibspace.o ABSOLUTE
    ../clib/angel/rt.s                       0x00000000   Number         0  rt_raise.o ABSOLUTE
    ../clib/angel/scatter.s                  0x00000000   Number         0  __scatter.o ABSOLUTE
    ../clib/angel/startup.s                  0x00000000   Number         0  __main.o ABSOLUTE
    ../clib/angel/sys.s                      0x00000000   Number         0  indicate_semi.o ABSOLUTE
    ../clib/angel/sys.s                      0x00000000   Number         0  use_no_semi.o ABSOLUTE
    ../clib/angel/sys.s                      0x00000000   Number         0  sys_stackheap_outer.o ABSOLUTE
    ../clib/angel/sys.s                      0x00000000   Number         0  libspace.o ABSOLUTE
    ../clib/angel/sysapp.c                   0x00000000   Number         0  sys_wrch.o ABSOLUTE
    ../clib/angel/sysapp.c                   0x00000000   Number         0  sys_exit.o ABSOLUTE
    ../clib/angel/sysapp.c                   0x00000000   Number         0  sys_command.o ABSOLUTE
    ../clib/armsys.c                         0x00000000   Number         0  no_argv.o ABSOLUTE
    ../clib/armsys.c                         0x00000000   Number         0  argv_veneer.o ABSOLUTE
    ../clib/armsys.c                         0x00000000   Number         0  argv_veneer.o ABSOLUTE
    ../clib/armsys.c                         0x00000000   Number         0  _get_argv_nomalloc.o ABSOLUTE
    ../clib/bigflt.c                         0x00000000   Number         0  bigflt0.o ABSOLUTE
    ../clib/btod.s                           0x00000000   Number         0  btod.o ABSOLUTE
    ../clib/heapalloc.c                      0x00000000   Number         0  hrguard.o ABSOLUTE
    ../clib/heapaux.c                        0x00000000   Number         0  heapauxi.o ABSOLUTE
    ../clib/libinit.s                        0x00000000   Number         0  libshutdown2.o ABSOLUTE
    ../clib/libinit.s                        0x00000000   Number         0  libinit2.o ABSOLUTE
    ../clib/libinit.s                        0x00000000   Number         0  libshutdown.o ABSOLUTE
    ../clib/libinit.s                        0x00000000   Number         0  libinit.o ABSOLUTE
    ../clib/locale.s                         0x00000000   Number         0  lc_numeric_c.o ABSOLUTE
    ../clib/longlong.s                       0x00000000   Number         0  lludiv10.o ABSOLUTE
    ../clib/memcpset.s                       0x00000000   Number         0  strcmpv7m.o ABSOLUTE
    ../clib/printf.c                         0x00000000   Number         0  noretval__2sprintf.o ABSOLUTE
    ../clib/printf.c                         0x00000000   Number         0  __printf_nopercent.o ABSOLUTE
    ../clib/printf.c                         0x00000000   Number         0  __printf.o ABSOLUTE
    ../clib/printf.c                         0x00000000   Number         0  _printf_dec.o ABSOLUTE
    ../clib/printf.c                         0x00000000   Number         0  __printf_flags_wp.o ABSOLUTE
    ../clib/printf.c                         0x00000000   Number         0  __printf_flags.o ABSOLUTE
    ../clib/printf.c                         0x00000000   Number         0  __printf_flags_ss_wp.o ABSOLUTE
    ../clib/printf.c                         0x00000000   Number         0  _printf_fp_infnan.o ABSOLUTE
    ../clib/printf.c                         0x00000000   Number         0  __printf_ss.o ABSOLUTE
    ../clib/printf.c                         0x00000000   Number         0  __printf_flags_ss.o ABSOLUTE
    ../clib/printf.c                         0x00000000   Number         0  _printf_fp_dec.o ABSOLUTE
    ../clib/printf.c                         0x00000000   Number         0  _printf_intcommon.o ABSOLUTE
    ../clib/printf.c                         0x00000000   Number         0  _printf_char_common.o ABSOLUTE
    ../clib/printf.c                         0x00000000   Number         0  __printf_wp.o ABSOLUTE
    ../clib/printf.c                         0x00000000   Number         0  __printf_ss_wp.o ABSOLUTE
    ../clib/printf.c                         0x00000000   Number         0  __2sprintf.o ABSOLUTE
    ../clib/printf.c                         0x00000000   Number         0  _sputc.o ABSOLUTE
    ../clib/printf_percent.s                 0x00000000   Number         0  _printf_d.o ABSOLUTE
    ../clib/printf_percent.s                 0x00000000   Number         0  _printf_percent_end.o ABSOLUTE
    ../clib/printf_percent.s                 0x00000000   Number         0  _printf_percent.o ABSOLUTE
    ../clib/printf_percent.s                 0x00000000   Number         0  _printf_f.o ABSOLUTE
    ../clib/signal.c                         0x00000000   Number         0  defsig_abrt_inner.o ABSOLUTE
    ../clib/signal.c                         0x00000000   Number         0  defsig_exit.o ABSOLUTE
    ../clib/signal.c                         0x00000000   Number         0  defsig_fpe_inner.o ABSOLUTE
    ../clib/signal.c                         0x00000000   Number         0  defsig_rtred_inner.o ABSOLUTE
    ../clib/signal.c                         0x00000000   Number         0  defsig_stak_inner.o ABSOLUTE
    ../clib/signal.c                         0x00000000   Number         0  __raise.o ABSOLUTE
    ../clib/signal.c                         0x00000000   Number         0  defsig_rtmem_formal.o ABSOLUTE
    ../clib/signal.c                         0x00000000   Number         0  defsig_general.o ABSOLUTE
    ../clib/signal.c                         0x00000000   Number         0  defsig_cppl_inner.o ABSOLUTE
    ../clib/signal.c                         0x00000000   Number         0  defsig_segv_inner.o ABSOLUTE
    ../clib/signal.c                         0x00000000   Number         0  defsig_other.o ABSOLUTE
    ../clib/signal.c                         0x00000000   Number         0  defsig_rtmem_inner.o ABSOLUTE
    ../clib/signal.c                         0x00000000   Number         0  defsig_rtmem_outer.o ABSOLUTE
    ../clib/signal.c                         0x00000000   Number         0  defsig_pvfn_inner.o ABSOLUTE
    ../clib/signal.s                         0x00000000   Number         0  defsig.o ABSOLUTE
    ../clib/stdlib.c                         0x00000000   Number         0  exit.o ABSOLUTE
    ../fplib/dretinf.s                       0x00000000   Number         0  dretinf.o ABSOLUTE
    ../fplib/f2d.s                           0x00000000   Number         0  f2d.o ABSOLUTE
    ../fplib/fnaninf.s                       0x00000000   Number         0  fnaninf.o ABSOLUTE
    ../fplib/fpinit.s                        0x00000000   Number         0  fpinit.o ABSOLUTE
    ../fplib/istatus.s                       0x00000000   Number         0  istatus.o ABSOLUTE
    ../fplib/printf1.s                       0x00000000   Number         0  printf1.o ABSOLUTE
    ../fplib/usenofp.s                       0x00000000   Number         0  usenofp.o ABSOLUTE
    ../mathlib/fpclassify.c                  0x00000000   Number         0  fpclassify.o ABSOLUTE
    I2C1 Functions.c                         0x00000000   Number         0  i2c1 functions.o ABSOLUTE
    IMU2.c                                   0x00000000   Number         0  imu2.o ABSOLUTE
    MPU9250.c                                0x00000000   Number         0  mpu9250.o ABSOLUTE
    cpu.c                                    0x00000000   Number         0  cpu.o ABSOLUTE
    cpu.c                                    0x00000000   Number         0  cpu.o ABSOLUTE
    dc.s                                     0x00000000   Number         0  dc.o ABSOLUTE
    gpio.c                                   0x00000000   Number         0  gpio.o ABSOLUTE
    i2c.c                                    0x00000000   Number         0  i2c.o ABSOLUTE
    interrupt.c                              0x00000000   Number         0  interrupt.o ABSOLUTE
    startup_rvmdk.S                          0x00000000   Number         0  startup_rvmdk.o ABSOLUTE
    sysctl.c                                 0x00000000   Number         0  sysctl.o ABSOLUTE
    sysctl.c                                 0x00000000   Number         0  sysctl.o ABSOLUTE
    timer.c                                  0x00000000   Number         0  timer.o ABSOLUTE
    uart.c                                   0x00000000   Number         0  uart.o ABSOLUTE
    $v0                                      0x0000026c   Number         0  startup_rvmdk.o(RESET)
    NmiSR                                    0x00000281   Thumb Code     0  startup_rvmdk.o(RESET)
    FaultISR                                 0x00000283   Thumb Code     0  startup_rvmdk.o(RESET)
    IntDefaultHandler                        0x00000285   Thumb Code     0  startup_rvmdk.o(RESET)
    !!!main                                  0x00000288   Section        8  __main.o(!!!main)
    !!!scatter                               0x00000290   Section       52  __scatter.o(!!!scatter)
    !!handler_copy                           0x000002c4   Section       26  __scatter_copy.o(!!handler_copy)
    !!handler_zi                             0x000002e0   Section       28  __scatter_zi.o(!!handler_zi)
    .ARM.Collect$$_printf_percent$$00000000  0x000002fc   Section        0  _printf_percent.o(.ARM.Collect$$_printf_percent$$00000000)
    .ARM.Collect$$_printf_percent$$00000003  0x000002fc   Section        6  _printf_f.o(.ARM.Collect$$_printf_percent$$00000003)
    .ARM.Collect$$_printf_percent$$00000009  0x00000302   Section        6  _printf_d.o(.ARM.Collect$$_printf_percent$$00000009)
    .ARM.Collect$$_printf_percent$$00000017  0x00000308   Section        4  _printf_percent_end.o(.ARM.Collect$$_printf_percent$$00000017)
    .ARM.Collect$$libinit$$00000000          0x0000030c   Section        2  libinit.o(.ARM.Collect$$libinit$$00000000)
    .ARM.Collect$$libinit$$00000001          0x0000030e   Section        4  libinit2.o(.ARM.Collect$$libinit$$00000001)
    .ARM.Collect$$libinit$$00000004          0x00000312   Section        0  libinit2.o(.ARM.Collect$$libinit$$00000004)
    .ARM.Collect$$libinit$$0000000A          0x00000312   Section        0  libinit2.o(.ARM.Collect$$libinit$$0000000A)
    .ARM.Collect$$libinit$$0000000C          0x00000312   Section        0  libinit2.o(.ARM.Collect$$libinit$$0000000C)
    .ARM.Collect$$libinit$$0000000E          0x00000312   Section        0  libinit2.o(.ARM.Collect$$libinit$$0000000E)
    .ARM.Collect$$libinit$$0000000F          0x00000312   Section        6  libinit2.o(.ARM.Collect$$libinit$$0000000F)
    .ARM.Collect$$libinit$$00000011          0x00000318   Section        0  libinit2.o(.ARM.Collect$$libinit$$00000011)
    .ARM.Collect$$libinit$$00000013          0x00000318   Section        0  libinit2.o(.ARM.Collect$$libinit$$00000013)
    .ARM.Collect$$libinit$$00000015          0x00000318   Section        0  libinit2.o(.ARM.Collect$$libinit$$00000015)
    .ARM.Collect$$libinit$$00000016          0x00000318   Section       10  libinit2.o(.ARM.Collect$$libinit$$00000016)
    .ARM.Collect$$libinit$$00000017          0x00000322   Section        0  libinit2.o(.ARM.Collect$$libinit$$00000017)
    .ARM.Collect$$libinit$$00000019          0x00000322   Section        0  libinit2.o(.ARM.Collect$$libinit$$00000019)
    .ARM.Collect$$libinit$$0000001B          0x00000322   Section        0  libinit2.o(.ARM.Collect$$libinit$$0000001B)
    .ARM.Collect$$libinit$$0000001D          0x00000322   Section        0  libinit2.o(.ARM.Collect$$libinit$$0000001D)
    .ARM.Collect$$libinit$$0000001F          0x00000322   Section        0  libinit2.o(.ARM.Collect$$libinit$$0000001F)
    .ARM.Collect$$libinit$$00000021          0x00000322   Section        0  libinit2.o(.ARM.Collect$$libinit$$00000021)
    .ARM.Collect$$libinit$$00000023          0x00000322   Section        0  libinit2.o(.ARM.Collect$$libinit$$00000023)
    .ARM.Collect$$libinit$$00000025          0x00000322   Section        0  libinit2.o(.ARM.Collect$$libinit$$00000025)
    .ARM.Collect$$libinit$$0000002C          0x00000322   Section        0  libinit2.o(.ARM.Collect$$libinit$$0000002C)
    .ARM.Collect$$libinit$$0000002E          0x00000322   Section        0  libinit2.o(.ARM.Collect$$libinit$$0000002E)
    .ARM.Collect$$libinit$$00000030          0x00000322   Section        0  libinit2.o(.ARM.Collect$$libinit$$00000030)
    .ARM.Collect$$libinit$$00000032          0x00000322   Section        0  libinit2.o(.ARM.Collect$$libinit$$00000032)
    .ARM.Collect$$libinit$$00000033          0x00000322   Section        2  libinit2.o(.ARM.Collect$$libinit$$00000033)
    .ARM.Collect$$libshutdown$$00000000      0x00000324   Section        2  libshutdown.o(.ARM.Collect$$libshutdown$$00000000)
    .ARM.Collect$$libshutdown$$00000002      0x00000326   Section        0  libshutdown2.o(.ARM.Collect$$libshutdown$$00000002)
    .ARM.Collect$$libshutdown$$00000004      0x00000326   Section        0  libshutdown2.o(.ARM.Collect$$libshutdown$$00000004)
    .ARM.Collect$$libshutdown$$00000007      0x00000326   Section        0  libshutdown2.o(.ARM.Collect$$libshutdown$$00000007)
    .ARM.Collect$$libshutdown$$0000000A      0x00000326   Section        0  libshutdown2.o(.ARM.Collect$$libshutdown$$0000000A)
    .ARM.Collect$$libshutdown$$0000000C      0x00000326   Section        0  libshutdown2.o(.ARM.Collect$$libshutdown$$0000000C)
    .ARM.Collect$$libshutdown$$0000000F      0x00000326   Section        0  libshutdown2.o(.ARM.Collect$$libshutdown$$0000000F)
    .ARM.Collect$$libshutdown$$00000010      0x00000326   Section        2  libshutdown2.o(.ARM.Collect$$libshutdown$$00000010)
    .ARM.Collect$$rtentry$$00000000          0x00000328   Section        0  __rtentry.o(.ARM.Collect$$rtentry$$00000000)
    .ARM.Collect$$rtentry$$00000002          0x00000328   Section        0  __rtentry2.o(.ARM.Collect$$rtentry$$00000002)
    .ARM.Collect$$rtentry$$00000004          0x00000328   Section        6  __rtentry4.o(.ARM.Collect$$rtentry$$00000004)
    .ARM.Collect$$rtentry$$00000009          0x0000032e   Section        0  __rtentry2.o(.ARM.Collect$$rtentry$$00000009)
    .ARM.Collect$$rtentry$$0000000A          0x0000032e   Section        4  __rtentry2.o(.ARM.Collect$$rtentry$$0000000A)
    .ARM.Collect$$rtentry$$0000000C          0x00000332   Section        0  __rtentry2.o(.ARM.Collect$$rtentry$$0000000C)
    .ARM.Collect$$rtentry$$0000000D          0x00000332   Section        8  __rtentry2.o(.ARM.Collect$$rtentry$$0000000D)
    .ARM.Collect$$rtexit$$00000000           0x0000033a   Section        2  rtexit.o(.ARM.Collect$$rtexit$$00000000)
    .ARM.Collect$$rtexit$$00000002           0x0000033c   Section        0  rtexit2.o(.ARM.Collect$$rtexit$$00000002)
    .ARM.Collect$$rtexit$$00000003           0x0000033c   Section        4  rtexit2.o(.ARM.Collect$$rtexit$$00000003)
    .ARM.Collect$$rtexit$$00000004           0x00000340   Section        6  rtexit2.o(.ARM.Collect$$rtexit$$00000004)
    .emb_text                                0x00000348   Section        6  sysctl.o(.emb_text)
    $v0                                      0x00000348   Number         0  sysctl.o(.emb_text)
    .text                                    0x00000350   Section       24  startup_rvmdk.o(.text)
    $v0                                      0x00000350   Number         0  startup_rvmdk.o(.text)
    .text                                    0x00000368   Section        0  imu2.o(.text)
    .text                                    0x00001214   Section        0  mpu9250.o(.text)
    .text                                    0x000013bc   Section        0  i2c1 functions.o(.text)
    .text                                    0x0000146c   Section        0  noretval__2sprintf.o(.text)
    .text                                    0x00001494   Section        0  __printf.o(.text)
    .text                                    0x000014fc   Section        0  _printf_dec.o(.text)
    .text                                    0x00001574   Section        0  heapauxi.o(.text)
    .text                                    0x0000157a   Section        0  _printf_intcommon.o(.text)
    .text                                    0x0000162c   Section        0  _printf_fp_dec.o(.text)
    _fp_digits                               0x0000162f   Thumb Code   432  _printf_fp_dec.o(.text)
    .text                                    0x00001a4c   Section        0  _printf_char_common.o(.text)
    _printf_input_char                       0x00001a4d   Thumb Code    10  _printf_char_common.o(.text)
    .text                                    0x00001a7c   Section        0  _sputc.o(.text)
    .text                                    0x00001a88   Section        8  rt_locale_intlibspace.o(.text)
    .text                                    0x00001a90   Section      138  lludiv10.o(.text)
    .text                                    0x00001b1c   Section        0  _printf_fp_infnan.o(.text)
    .text                                    0x00001b9c   Section        0  bigflt0.o(.text)
    .text                                    0x00001c80   Section        8  libspace.o(.text)
    .text                                    0x00001c88   Section       74  sys_stackheap_outer.o(.text)
    .text                                    0x00001cd2   Section        0  exit.o(.text)
    .text                                    0x00001ce4   Section      128  strcmpv7m.o(.text)
    .text                                    0x00001d64   Section        0  sys_exit.o(.text)
    .text                                    0x00001d70   Section        2  use_no_semi.o(.text)
    .text                                    0x00001d72   Section        0  indicate_semi.o(.text)
    CL$$btod_d2e                             0x00001d72   Section       62  btod.o(CL$$btod_d2e)
    CL$$btod_d2e_denorm_low                  0x00001db0   Section       70  btod.o(CL$$btod_d2e_denorm_low)
    CL$$btod_d2e_norm_op1                    0x00001df6   Section       96  btod.o(CL$$btod_d2e_norm_op1)
    CL$$btod_div_common                      0x00001e56   Section      824  btod.o(CL$$btod_div_common)
    CL$$btod_e2e                             0x0000218e   Section      220  btod.o(CL$$btod_e2e)
    CL$$btod_ediv                            0x0000226a   Section       42  btod.o(CL$$btod_ediv)
    CL$$btod_emul                            0x00002294   Section       42  btod.o(CL$$btod_emul)
    CL$$btod_mult_common                     0x000022be   Section      580  btod.o(CL$$btod_mult_common)
    i.GPIODirModeSet                         0x00002502   Section        0  gpio.o(i.GPIODirModeSet)
    i.GPIOPadConfigSet                       0x0000252a   Section        0  gpio.o(i.GPIOPadConfigSet)
    i.GPIOPinConfigure                       0x00002664   Section        0  gpio.o(i.GPIOPinConfigure)
    i.GPIOPinTypeGPIOOutput                  0x000026a8   Section        0  gpio.o(i.GPIOPinTypeGPIOOutput)
    i.GPIOPinTypeI2C                         0x000026c4   Section        0  gpio.o(i.GPIOPinTypeI2C)
    i.GPIOPinTypeI2CSCL                      0x000026e0   Section        0  gpio.o(i.GPIOPinTypeI2CSCL)
    i.GPIOPinTypeTimer                       0x000026fc   Section        0  gpio.o(i.GPIOPinTypeTimer)
    i.GPIOPinTypeUART                        0x00002718   Section        0  gpio.o(i.GPIOPinTypeUART)
    i.GPIOPinWrite                           0x00002734   Section        0  gpio.o(i.GPIOPinWrite)
    i.I2CMasterBusy                          0x0000273a   Section        0  i2c.o(i.I2CMasterBusy)
    i.I2CMasterControl                       0x00002746   Section        0  i2c.o(i.I2CMasterControl)
    i.I2CMasterDataGet                       0x0000274a   Section        0  i2c.o(i.I2CMasterDataGet)
    i.I2CMasterDataPut                       0x0000274e   Section        0  i2c.o(i.I2CMasterDataPut)
    i.I2CMasterInitExpClk                    0x00002754   Section        0  i2c.o(i.I2CMasterInitExpClk)
    i.I2CMasterSlaveAddrSet                  0x000027a8   Section        0  i2c.o(i.I2CMasterSlaveAddrSet)
    i.IntEnable                              0x000027b0   Section        0  interrupt.o(i.IntEnable)
    i.IntPrioritySet                         0x00002814   Section        0  interrupt.o(i.IntPrioritySet)
    i.SysCtlClockGet                         0x0000283c   Section        0  sysctl.o(i.SysCtlClockGet)
    i.SysCtlClockSet                         0x00002990   Section        0  sysctl.o(i.SysCtlClockSet)
    i.SysCtlPeripheralEnable                 0x00002ab0   Section        0  sysctl.o(i.SysCtlPeripheralEnable)
    i.SysCtlPeripheralReset                  0x00002ad8   Section        0  sysctl.o(i.SysCtlPeripheralReset)
    i.TimerConfigure                         0x00002b14   Section        0  timer.o(i.TimerConfigure)
    i.TimerEnable                            0x00002b74   Section        0  timer.o(i.TimerEnable)
    i.TimerIntEnable                         0x00002b82   Section        0  timer.o(i.TimerIntEnable)
    i.TimerLoadSet                           0x00002b8a   Section        0  timer.o(i.TimerLoadSet)
    i.UARTCharPut                            0x00002b9c   Section        0  uart.o(i.UARTCharPut)
    i.UARTConfigSetExpClk                    0x00002ba8   Section        0  uart.o(i.UARTConfigSetExpClk)
    i.__ARM_fpclassify                       0x00002c16   Section        0  fpclassify.o(i.__ARM_fpclassify)
    locale$$code                             0x00002c48   Section       44  lc_numeric_c.o(locale$$code)
    x$fpl$dretinf                            0x00002c74   Section       12  dretinf.o(x$fpl$dretinf)
    $v0                                      0x00002c74   Number         0  dretinf.o(x$fpl$dretinf)
    x$fpl$f2d                                0x00002c80   Section       86  f2d.o(x$fpl$f2d)
    $v0                                      0x00002c80   Number         0  f2d.o(x$fpl$f2d)
    x$fpl$fnaninf                            0x00002cd6   Section      140  fnaninf.o(x$fpl$fnaninf)
    $v0                                      0x00002cd6   Number         0  fnaninf.o(x$fpl$fnaninf)
    x$fpl$fpinit                             0x00002d62   Section       10  fpinit.o(x$fpl$fpinit)
    $v0                                      0x00002d62   Number         0  fpinit.o(x$fpl$fpinit)
    x$fpl$printf1                            0x00002d6c   Section        4  printf1.o(x$fpl$printf1)
    $v0                                      0x00002d6c   Number         0  printf1.o(x$fpl$printf1)
    .constdata                               0x00002d70   Section      552  gpio.o(.constdata)
    x$fpl$usenofp                            0x00002d70   Section        0  usenofp.o(x$fpl$usenofp)
    g_ppui32GPIOIntMapBlizzard               0x00002d70   Data         192  gpio.o(.constdata)
    g_ppui32GPIOIntMapSnowflake              0x00002e30   Data         216  gpio.o(.constdata)
    g_pui32GPIOBaseAddrs                     0x00002f08   Data         144  gpio.o(.constdata)
    .constdata                               0x00002f98   Section      268  interrupt.o(.constdata)
    g_pui32Priority                          0x00002f98   Data          32  interrupt.o(.constdata)
    g_pui32Regs                              0x00002fb8   Data         156  interrupt.o(.constdata)
    g_pui32EnRegs                            0x00003054   Data          20  interrupt.o(.constdata)
    g_pui32Dii16Regs                         0x00003068   Data          20  interrupt.o(.constdata)
    g_pui32PendRegs                          0x0000307c   Data          20  interrupt.o(.constdata)
    g_pui32UnpendRegs                        0x00003090   Data          20  interrupt.o(.constdata)
    .constdata                               0x000030a4   Section      596  sysctl.o(.constdata)
    g_pui32VCOFrequencies                    0x000030a4   Data           8  sysctl.o(.constdata)
    g_pui32Xtals                             0x000030ac   Data         108  sysctl.o(.constdata)
    g_pppui32XTALtoVCO                       0x00003118   Data         432  sysctl.o(.constdata)
    g_sXTALtoMEMTIM                          0x000032c8   Data          48  sysctl.o(.constdata)
    .constdata                               0x000032f8   Section      148  bigflt0.o(.constdata)
    tenpwrs_x                                0x000032f8   Data          60  bigflt0.o(.constdata)
    tenpwrs_i                                0x00003334   Data          64  bigflt0.o(.constdata)
    .conststring                             0x0000338c   Section       72  imu2.o(.conststring)
    locale$$data                             0x000033f4   Section       28  lc_numeric_c.o(locale$$data)
    __lcnum_c_name                           0x000033f8   Data           2  lc_numeric_c.o(locale$$data)
    __lcnum_c_start                          0x00003400   Data           0  lc_numeric_c.o(locale$$data)
    __lcnum_c_point                          0x0000340c   Data           0  lc_numeric_c.o(locale$$data)
    __lcnum_c_thousands                      0x0000340e   Data           0  lc_numeric_c.o(locale$$data)
    __lcnum_c_grouping                       0x0000340f   Data           0  lc_numeric_c.o(locale$$data)
    __lcnum_c_end                            0x00003410   Data           0  lc_numeric_c.o(locale$$data)
    .data                                    0x20000000   Section      162  imu2.o(.data)
    .bss                                     0x200000a4   Section      736  imu2.o(.bss)
    .bss                                     0x20000384   Section       96  libspace.o(.bss)
    HEAP                                     0x200003e8   Section        0  startup_rvmdk.o(HEAP)
    STACK                                    0x200003e8   Section      256  startup_rvmdk.o(STACK)
    HeapMem                                  0x200003e8   Data           0  startup_rvmdk.o(HEAP)
    StackMem                                 0x200003e8   Data           0  startup_rvmdk.o(STACK)

    Global Symbols

    Symbol Name                              Value     Ov Type        Size  Object(Section)

    BuildAttributes$$THM_ISAv4$E$P$D$K$B$S$7EM$VFPi3$EXTD16$VFPS$VFMA$PE$A:L22UL41UL21$X:L11$S22US41US21$IEEE1$IW$USESV6$~STKCKD$USESV7$~SHL$OTIME$ROPI$IEEEJ$EBA8$UX$STANDARDLIB$REQ8$PRES8$EABIv2 0x00000000   Number         0  anon$$obj.o ABSOLUTE
    __ARM_use_no_argv                        0x00000000   Number         0  imu2.o ABSOLUTE
    __Vectors                                0x00000000   Data           0  startup_rvmdk.o(RESET)
    __ARM_exceptions_init                     - Undefined Weak Reference
    __alloca_initialize                       - Undefined Weak Reference
    __arm_preinit_                            - Undefined Weak Reference
    __cpp_initialize__aeabi_                  - Undefined Weak Reference
    __cxa_finalize                            - Undefined Weak Reference
    __sigvec_lookup                           - Undefined Weak Reference
    _atexit_init                              - Undefined Weak Reference
    _call_atexit_fns                          - Undefined Weak Reference
    _clock_init                               - Undefined Weak Reference
    _fp_trap_init                             - Undefined Weak Reference
    _fp_trap_shutdown                         - Undefined Weak Reference
    _get_lc_collate                           - Undefined Weak Reference
    _get_lc_ctype                             - Undefined Weak Reference
    _get_lc_monetary                          - Undefined Weak Reference
    _get_lc_time                              - Undefined Weak Reference
    _getenv_init                              - Undefined Weak Reference
    _handle_redirection                       - Undefined Weak Reference
    _init_alloc                               - Undefined Weak Reference
    _init_user_alloc                          - Undefined Weak Reference
    _initio                                   - Undefined Weak Reference
    _printf_post_padding                      - Undefined Weak Reference
    _printf_pre_padding                       - Undefined Weak Reference
    _printf_truncate_signed                   - Undefined Weak Reference
    _printf_truncate_unsigned                 - Undefined Weak Reference
    _rand_init                                - Undefined Weak Reference
    _signal_finish                            - Undefined Weak Reference
    _signal_init                              - Undefined Weak Reference
    _terminate_alloc                          - Undefined Weak Reference
    _terminate_user_alloc                     - Undefined Weak Reference
    _terminateio                              - Undefined Weak Reference
    Reset_Handler                            0x0000026d   Thumb Code     0  startup_rvmdk.o(RESET)
    __main                                   0x00000289   Thumb Code     8  __main.o(!!!main)
    __scatterload                            0x00000291   Thumb Code     0  __scatter.o(!!!scatter)
    __scatterload_rt2                        0x00000291   Thumb Code    44  __scatter.o(!!!scatter)
    __scatterload_rt2_thumb_only             0x00000291   Thumb Code     0  __scatter.o(!!!scatter)
    __scatterload_null                       0x0000029f   Thumb Code     0  __scatter.o(!!!scatter)
    __scatterload_copy                       0x000002c5   Thumb Code    26  __scatter_copy.o(!!handler_copy)
    __scatterload_zeroinit                   0x000002e1   Thumb Code    28  __scatter_zi.o(!!handler_zi)
    _printf_f                                0x000002fd   Thumb Code     0  _printf_f.o(.ARM.Collect$$_printf_percent$$00000003)
    _printf_percent                          0x000002fd   Thumb Code     0  _printf_percent.o(.ARM.Collect$$_printf_percent$$00000000)
    _printf_d                                0x00000303   Thumb Code     0  _printf_d.o(.ARM.Collect$$_printf_percent$$00000009)
    _printf_percent_end                      0x00000309   Thumb Code     0  _printf_percent_end.o(.ARM.Collect$$_printf_percent$$00000017)
    __rt_lib_init                            0x0000030d   Thumb Code     0  libinit.o(.ARM.Collect$$libinit$$00000000)
    __rt_lib_init_fp_1                       0x0000030f   Thumb Code     0  libinit2.o(.ARM.Collect$$libinit$$00000001)
    __rt_lib_init_heap_1                     0x00000313   Thumb Code     0  libinit2.o(.ARM.Collect$$libinit$$0000000A)
    __rt_lib_init_lc_common                  0x00000313   Thumb Code     0  libinit2.o(.ARM.Collect$$libinit$$0000000F)
    __rt_lib_init_preinit_1                  0x00000313   Thumb Code     0  libinit2.o(.ARM.Collect$$libinit$$00000004)
    __rt_lib_init_rand_1                     0x00000313   Thumb Code     0  libinit2.o(.ARM.Collect$$libinit$$0000000E)
    __rt_lib_init_user_alloc_1               0x00000313   Thumb Code     0  libinit2.o(.ARM.Collect$$libinit$$0000000C)
    __rt_lib_init_lc_collate_1               0x00000319   Thumb Code     0  libinit2.o(.ARM.Collect$$libinit$$00000011)
    __rt_lib_init_lc_ctype_1                 0x00000319   Thumb Code     0  libinit2.o(.ARM.Collect$$libinit$$00000013)
    __rt_lib_init_lc_monetary_1              0x00000319   Thumb Code     0  libinit2.o(.ARM.Collect$$libinit$$00000015)
    __rt_lib_init_lc_numeric_2               0x00000319   Thumb Code     0  libinit2.o(.ARM.Collect$$libinit$$00000016)
    __rt_lib_init_alloca_1                   0x00000323   Thumb Code     0  libinit2.o(.ARM.Collect$$libinit$$0000002E)
    __rt_lib_init_argv_1                     0x00000323   Thumb Code     0  libinit2.o(.ARM.Collect$$libinit$$0000002C)
    __rt_lib_init_atexit_1                   0x00000323   Thumb Code     0  libinit2.o(.ARM.Collect$$libinit$$0000001B)
    __rt_lib_init_clock_1                    0x00000323   Thumb Code     0  libinit2.o(.ARM.Collect$$libinit$$00000021)
    __rt_lib_init_cpp_1                      0x00000323   Thumb Code     0  libinit2.o(.ARM.Collect$$libinit$$00000032)
    __rt_lib_init_exceptions_1               0x00000323   Thumb Code     0  libinit2.o(.ARM.Collect$$libinit$$00000030)
    __rt_lib_init_fp_trap_1                  0x00000323   Thumb Code     0  libinit2.o(.ARM.Collect$$libinit$$0000001F)
    __rt_lib_init_getenv_1                   0x00000323   Thumb Code     0  libinit2.o(.ARM.Collect$$libinit$$00000023)
    __rt_lib_init_lc_numeric_1               0x00000323   Thumb Code     0  libinit2.o(.ARM.Collect$$libinit$$00000017)
    __rt_lib_init_lc_time_1                  0x00000323   Thumb Code     0  libinit2.o(.ARM.Collect$$libinit$$00000019)
    __rt_lib_init_return                     0x00000323   Thumb Code     0  libinit2.o(.ARM.Collect$$libinit$$00000033)
    __rt_lib_init_signal_1                   0x00000323   Thumb Code     0  libinit2.o(.ARM.Collect$$libinit$$0000001D)
    __rt_lib_init_stdio_1                    0x00000323   Thumb Code     0  libinit2.o(.ARM.Collect$$libinit$$00000025)
    __rt_lib_shutdown                        0x00000325   Thumb Code     0  libshutdown.o(.ARM.Collect$$libshutdown$$00000000)
    __rt_lib_shutdown_cpp_1                  0x00000327   Thumb Code     0  libshutdown2.o(.ARM.Collect$$libshutdown$$00000002)
    __rt_lib_shutdown_fp_trap_1              0x00000327   Thumb Code     0  libshutdown2.o(.ARM.Collect$$libshutdown$$00000007)
    __rt_lib_shutdown_heap_1                 0x00000327   Thumb Code     0  libshutdown2.o(.ARM.Collect$$libshutdown$$0000000F)
    __rt_lib_shutdown_return                 0x00000327   Thumb Code     0  libshutdown2.o(.ARM.Collect$$libshutdown$$00000010)
    __rt_lib_shutdown_signal_1               0x00000327   Thumb Code     0  libshutdown2.o(.ARM.Collect$$libshutdown$$0000000A)
    __rt_lib_shutdown_stdio_1                0x00000327   Thumb Code     0  libshutdown2.o(.ARM.Collect$$libshutdown$$00000004)
    __rt_lib_shutdown_user_alloc_1           0x00000327   Thumb Code     0  libshutdown2.o(.ARM.Collect$$libshutdown$$0000000C)
    __rt_entry                               0x00000329   Thumb Code     0  __rtentry.o(.ARM.Collect$$rtentry$$00000000)
    __rt_entry_presh_1                       0x00000329   Thumb Code     0  __rtentry2.o(.ARM.Collect$$rtentry$$00000002)
    __rt_entry_sh                            0x00000329   Thumb Code     0  __rtentry4.o(.ARM.Collect$$rtentry$$00000004)
    __rt_entry_li                            0x0000032f   Thumb Code     0  __rtentry2.o(.ARM.Collect$$rtentry$$0000000A)
    __rt_entry_postsh_1                      0x0000032f   Thumb Code     0  __rtentry2.o(.ARM.Collect$$rtentry$$00000009)
    __rt_entry_main                          0x00000333   Thumb Code     0  __rtentry2.o(.ARM.Collect$$rtentry$$0000000D)
    __rt_entry_postli_1                      0x00000333   Thumb Code     0  __rtentry2.o(.ARM.Collect$$rtentry$$0000000C)
    __rt_exit                                0x0000033b   Thumb Code     0  rtexit.o(.ARM.Collect$$rtexit$$00000000)
    __rt_exit_ls                             0x0000033d   Thumb Code     0  rtexit2.o(.ARM.Collect$$rtexit$$00000003)
    __rt_exit_prels_1                        0x0000033d   Thumb Code     0  rtexit2.o(.ARM.Collect$$rtexit$$00000002)
    __rt_exit_exit                           0x00000341   Thumb Code     0  rtexit2.o(.ARM.Collect$$rtexit$$00000004)
    SysCtlDelay                              0x00000349   Thumb Code     6  sysctl.o(.emb_text)
    __user_initial_stackheap                 0x00000351   Thumb Code     0  startup_rvmdk.o(.text)
    PortFunctionInit                         0x00000369   Thumb Code    50  imu2.o(.text)
    UART_Init                                0x0000039b   Thumb Code   122  imu2.o(.text)
    I2C_Init                                 0x00000415   Thumb Code    66  imu2.o(.text)
    Timer_Init                               0x00000457   Thumb Code    88  imu2.o(.text)
    UART_OutChar                             0x000004af   Thumb Code    22  imu2.o(.text)
    UART_OutString                           0x000004c5   Thumb Code    22  imu2.o(.text)
    UART_OutUDec                             0x000004db   Thumb Code    42  imu2.o(.text)
    MPU9250_GetComp                          0x00000505   Thumb Code   140  imu2.o(.text)
    magcalMPU9250                            0x00000591   Thumb Code   660  imu2.o(.text)
    MPU9250_GetGyro                          0x00000825   Thumb Code   128  imu2.o(.text)
    MPU9250_GetAcc                           0x000008a5   Thumb Code   128  imu2.o(.text)
    MPU9250SelfTest                          0x00000925   Thumb Code   558  imu2.o(.text)
    MPU9250_initialize                       0x00000b53   Thumb Code   402  imu2.o(.text)
    Calibrate                                0x00000ce5   Thumb Code   524  imu2.o(.text)
    main                                     0x00000ef1   Thumb Code   770  imu2.o(.text)
    MPU9250_setGyroSelfTest                  0x00001215   Thumb Code    28  mpu9250.o(.text)
    MPU9250_setAccelSelfTest                 0x00001231   Thumb Code    28  mpu9250.o(.text)
    MPU9250_clearGyroSelfTest                0x0000124d   Thumb Code    28  mpu9250.o(.text)
    MPU9250_clearAccelSelfTest               0x00001269   Thumb Code    28  mpu9250.o(.text)
    MPU9250_setFullScaleGyroRange            0x00001285   Thumb Code    70  mpu9250.o(.text)
    MPU9250_setFullScaleAccelRange           0x000012cb   Thumb Code    70  mpu9250.o(.text)
    MPU9250_getFullScaleAccelRange           0x00001311   Thumb Code    12  mpu9250.o(.text)
    MPU9250_setFullScaleMagRange             0x0000131d   Thumb Code    28  mpu9250.o(.text)
    MPU9250_setMagContinousMeasurementMode   0x00001339   Thumb Code    32  mpu9250.o(.text)
    MPU9250_setMagPowerDown                  0x00001359   Thumb Code    28  mpu9250.o(.text)
    MPU9250_setMagFuseROM                    0x00001375   Thumb Code    28  mpu9250.o(.text)
    MPU9250_setSleepDisabled                 0x00001391   Thumb Code    14  mpu9250.o(.text)
    MPU9250_ConfigureAcceleromterLowPassFilter 0x0000139f   Thumb Code    30  mpu9250.o(.text)
    I2C1ReadByte                             0x000013bd   Thumb Code    84  i2c1 functions.o(.text)
    I2C1WriteByte                            0x00001411   Thumb Code    86  i2c1 functions.o(.text)
    __2sprintf                               0x0000146d   Thumb Code    34  noretval__2sprintf.o(.text)
    __printf                                 0x00001495   Thumb Code   104  __printf.o(.text)
    _printf_int_dec                          0x000014fd   Thumb Code   104  _printf_dec.o(.text)
    __use_two_region_memory                  0x00001575   Thumb Code     2  heapauxi.o(.text)
    __rt_heap_escrow$2region                 0x00001577   Thumb Code     2  heapauxi.o(.text)
    __rt_heap_expand$2region                 0x00001579   Thumb Code     2  heapauxi.o(.text)
    _printf_int_common                       0x0000157b   Thumb Code   178  _printf_intcommon.o(.text)
    __lib_sel_fp_printf                      0x0000162d   Thumb Code     2  _printf_fp_dec.o(.text)
    _printf_fp_dec_real                      0x000017df   Thumb Code   620  _printf_fp_dec.o(.text)
    _printf_char_common                      0x00001a57   Thumb Code    32  _printf_char_common.o(.text)
    _sputc                                   0x00001a7d   Thumb Code    10  _sputc.o(.text)
    __rt_locale                              0x00001a89   Thumb Code     8  rt_locale_intlibspace.o(.text)
    _ll_udiv10                               0x00001a91   Thumb Code   138  lludiv10.o(.text)
    _printf_fp_infnan                        0x00001b1d   Thumb Code   112  _printf_fp_infnan.o(.text)
    _btod_etento                             0x00001b9d   Thumb Code   224  bigflt0.o(.text)
    __user_libspace                          0x00001c81   Thumb Code     8  libspace.o(.text)
    __user_perproc_libspace                  0x00001c81   Thumb Code     0  libspace.o(.text)
    __user_perthread_libspace                0x00001c81   Thumb Code     0  libspace.o(.text)
    __user_setup_stackheap                   0x00001c89   Thumb Code    74  sys_stackheap_outer.o(.text)
    exit                                     0x00001cd3   Thumb Code    18  exit.o(.text)
    strcmp                                   0x00001ce5   Thumb Code   128  strcmpv7m.o(.text)
    _sys_exit                                0x00001d65   Thumb Code     8  sys_exit.o(.text)
    __I$use$semihosting                      0x00001d71   Thumb Code     0  use_no_semi.o(.text)
    __use_no_semihosting_swi                 0x00001d71   Thumb Code     2  use_no_semi.o(.text)
    __semihosting_library_function           0x00001d73   Thumb Code     0  indicate_semi.o(.text)
    _btod_d2e                                0x00001d73   Thumb Code    62  btod.o(CL$$btod_d2e)
    _d2e_denorm_low                          0x00001db1   Thumb Code    70  btod.o(CL$$btod_d2e_denorm_low)
    _d2e_norm_op1                            0x00001df7   Thumb Code    96  btod.o(CL$$btod_d2e_norm_op1)
    __btod_div_common                        0x00001e57   Thumb Code   696  btod.o(CL$$btod_div_common)
    _e2e                                     0x0000218f   Thumb Code   220  btod.o(CL$$btod_e2e)
    _btod_ediv                               0x0000226b   Thumb Code    42  btod.o(CL$$btod_ediv)
    _btod_emul                               0x00002295   Thumb Code    42  btod.o(CL$$btod_emul)
    __btod_mult_common                       0x000022bf   Thumb Code   580  btod.o(CL$$btod_mult_common)
    GPIODirModeSet                           0x00002503   Thumb Code    40  gpio.o(i.GPIODirModeSet)
    GPIOPadConfigSet                         0x0000252b   Thumb Code   312  gpio.o(i.GPIOPadConfigSet)
    GPIOPinConfigure                         0x00002665   Thumb Code    60  gpio.o(i.GPIOPinConfigure)
    GPIOPinTypeGPIOOutput                    0x000026a9   Thumb Code    28  gpio.o(i.GPIOPinTypeGPIOOutput)
    GPIOPinTypeI2C                           0x000026c5   Thumb Code    28  gpio.o(i.GPIOPinTypeI2C)
    GPIOPinTypeI2CSCL                        0x000026e1   Thumb Code    28  gpio.o(i.GPIOPinTypeI2CSCL)
    GPIOPinTypeTimer                         0x000026fd   Thumb Code    28  gpio.o(i.GPIOPinTypeTimer)
    GPIOPinTypeUART                          0x00002719   Thumb Code    28  gpio.o(i.GPIOPinTypeUART)
    GPIOPinWrite                             0x00002735   Thumb Code     6  gpio.o(i.GPIOPinWrite)
    I2CMasterBusy                            0x0000273b   Thumb Code    12  i2c.o(i.I2CMasterBusy)
    I2CMasterControl                         0x00002747   Thumb Code     4  i2c.o(i.I2CMasterControl)
    I2CMasterDataGet                         0x0000274b   Thumb Code     4  i2c.o(i.I2CMasterDataGet)
    I2CMasterDataPut                         0x0000274f   Thumb Code     4  i2c.o(i.I2CMasterDataPut)
    I2CMasterInitExpClk                      0x00002755   Thumb Code    72  i2c.o(i.I2CMasterInitExpClk)
    I2CMasterSlaveAddrSet                    0x000027a9   Thumb Code     8  i2c.o(i.I2CMasterSlaveAddrSet)
    IntEnable                                0x000027b1   Thumb Code    92  interrupt.o(i.IntEnable)
    IntPrioritySet                           0x00002815   Thumb Code    36  interrupt.o(i.IntPrioritySet)
    SysCtlClockGet                           0x0000283d   Thumb Code   304  sysctl.o(i.SysCtlClockGet)
    SysCtlClockSet                           0x00002991   Thumb Code   270  sysctl.o(i.SysCtlClockSet)
    SysCtlPeripheralEnable                   0x00002ab1   Thumb Code    36  sysctl.o(i.SysCtlPeripheralEnable)
    SysCtlPeripheralReset                    0x00002ad9   Thumb Code    56  sysctl.o(i.SysCtlPeripheralReset)
    TimerConfigure                           0x00002b15   Thumb Code    88  timer.o(i.TimerConfigure)
    TimerEnable                              0x00002b75   Thumb Code    14  timer.o(i.TimerEnable)
    TimerIntEnable                           0x00002b83   Thumb Code     8  timer.o(i.TimerIntEnable)
    TimerLoadSet                             0x00002b8b   Thumb Code    18  timer.o(i.TimerLoadSet)
    UARTCharPut                              0x00002b9d   Thumb Code    12  uart.o(i.UARTCharPut)
    UARTConfigSetExpClk                      0x00002ba9   Thumb Code   110  uart.o(i.UARTConfigSetExpClk)
    __ARM_fpclassify                         0x00002c17   Thumb Code    48  fpclassify.o(i.__ARM_fpclassify)
    _get_lc_numeric                          0x00002c49   Thumb Code    44  lc_numeric_c.o(locale$$code)
    __fpl_dretinf                            0x00002c75   Thumb Code    12  dretinf.o(x$fpl$dretinf)
    __aeabi_f2d                              0x00002c81   Thumb Code     0  f2d.o(x$fpl$f2d)
    _f2d                                     0x00002c81   Thumb Code    86  f2d.o(x$fpl$f2d)
    __fpl_fnaninf                            0x00002cd7   Thumb Code   140  fnaninf.o(x$fpl$fnaninf)
    _fp_init                                 0x00002d63   Thumb Code    10  fpinit.o(x$fpl$fpinit)
    __fplib_config_fpu_vfp                   0x00002d6b   Thumb Code     0  fpinit.o(x$fpl$fpinit)
    __fplib_config_pureend_doubles           0x00002d6b   Thumb Code     0  fpinit.o(x$fpl$fpinit)
    _printf_fp_dec                           0x00002d6d   Thumb Code     4  printf1.o(x$fpl$printf1)
    __I$use$fp                               0x00002d70   Number         0  usenofp.o(x$fpl$usenofp)
    Region$$Table$$Base                      0x000033d4   Number         0  anon$$obj.o(Region$$Table)
    Region$$Table$$Limit                     0x000033f4   Number         0  anon$$obj.o(Region$$Table)
    CAX                                      0x20000000   Data           2  imu2.o(.data)
    CAY                                      0x20000002   Data           2  imu2.o(.data)
    CAZ                                      0x20000004   Data           2  imu2.o(.data)
    CGX                                      0x20000006   Data           2  imu2.o(.data)
    CGY                                      0x20000008   Data           2  imu2.o(.data)
    CGZ                                      0x2000000a   Data           2  imu2.o(.data)
    CMX                                      0x2000000c   Data           2  imu2.o(.data)
    CMY                                      0x2000000e   Data           2  imu2.o(.data)
    CMZ                                      0x20000010   Data           2  imu2.o(.data)
    AXoff1                                   0x20000014   Data           4  imu2.o(.data)
    AYoff1                                   0x20000018   Data           4  imu2.o(.data)
    AZoff1                                   0x2000001c   Data           4  imu2.o(.data)
    GXoff1                                   0x20000020   Data           4  imu2.o(.data)
    GYoff1                                   0x20000024   Data           4  imu2.o(.data)
    GZoff1                                   0x20000028   Data           4  imu2.o(.data)
    MXoff1                                   0x2000002c   Data           4  imu2.o(.data)
    MYoff1                                   0x20000030   Data           4  imu2.o(.data)
    MZoff1                                   0x20000034   Data           4  imu2.o(.data)
    AX                                       0x20000038   Data           4  imu2.o(.data)
    AY                                       0x2000003c   Data           4  imu2.o(.data)
    AZ                                       0x20000040   Data           4  imu2.o(.data)
    GX                                       0x20000044   Data           4  imu2.o(.data)
    GY                                       0x20000048   Data           4  imu2.o(.data)
    GZ                                       0x2000004c   Data           4  imu2.o(.data)
    MX                                       0x20000050   Data           4  imu2.o(.data)
    MY                                       0x20000054   Data           4  imu2.o(.data)
    MZ                                       0x20000058   Data           4  imu2.o(.data)
    magScaleX                                0x2000005c   Data           4  imu2.o(.data)
    magScaleY                                0x20000060   Data           4  imu2.o(.data)
    magScaleZ                                0x20000064   Data           4  imu2.o(.data)
    magCalibrationX                          0x20000068   Data           4  imu2.o(.data)
    magCalibrationY                          0x2000006c   Data           4  imu2.o(.data)
    magCalibrationZ                          0x20000070   Data           4  imu2.o(.data)
    q                                        0x20000074   Data          16  imu2.o(.data)
    deltat                                   0x20000084   Data           4  imu2.o(.data)
    sum                                      0x20000088   Data           4  imu2.o(.data)
    GyroMeasError                            0x2000008c   Data           4  imu2.o(.data)
    GyroMeasDrift                            0x20000090   Data           4  imu2.o(.data)
    beta                                     0x20000094   Data           4  imu2.o(.data)
    zeta                                     0x20000098   Data           4  imu2.o(.data)
    buffer                                   0x2000009c   Data           6  imu2.o(.data)
    buf                                      0x200000a4   Data         200  imu2.o(.bss)
    buf1                                     0x2000016c   Data         500  imu2.o(.bss)
    mag_bias                                 0x20000360   Data          12  imu2.o(.bss)
    mag_scale                                0x2000036c   Data          12  imu2.o(.bss)
    eInt                                     0x20000378   Data          12  imu2.o(.bss)
    __libspace_start                         0x20000384   Data          96  libspace.o(.bss)
    __temporary_stack_top$libspace           0x200003e4   Data           0  libspace.o(.bss)



==============================================================================

Memory Map of the image

  Image Entry point : 0x0000026d

  Load Region LR_1 (Base: 0x00000000, Size: 0x000034b4, Max: 0xffffffff, ABSOLUTE)

    Execution Region ER_RO (Exec base: 0x00000000, Load base: 0x00000000, Size: 0x00003410, Max: 0xffffffff, ABSOLUTE)

    Exec Addr    Load Addr    Size         Type   Attr      Idx    E Section Name        Object

    0x00000000   0x00000000   0x00000288   Code   RO            3  * RESET               startup_rvmdk.o
    0x00000288   0x00000288   0x00000008   Code   RO         1838  * !!!main             c_w.l(__main.o)
    0x00000290   0x00000290   0x00000034   Code   RO         2058    !!!scatter          c_w.l(__scatter.o)
    0x000002c4   0x000002c4   0x0000001a   Code   RO         2060    !!handler_copy      c_w.l(__scatter_copy.o)
    0x000002de   0x000002de   0x00000002   PAD
    0x000002e0   0x000002e0   0x0000001c   Code   RO         2062    !!handler_zi        c_w.l(__scatter_zi.o)
    0x000002fc   0x000002fc   0x00000000   Code   RO         1835    .ARM.Collect$$_printf_percent$$00000000  c_w.l(_printf_percent.o)
    0x000002fc   0x000002fc   0x00000006   Code   RO         1834    .ARM.Collect$$_printf_percent$$00000003  c_w.l(_printf_f.o)
    0x00000302   0x00000302   0x00000006   Code   RO         1833    .ARM.Collect$$_printf_percent$$00000009  c_w.l(_printf_d.o)
    0x00000308   0x00000308   0x00000004   Code   RO         1853    .ARM.Collect$$_printf_percent$$00000017  c_w.l(_printf_percent_end.o)
    0x0000030c   0x0000030c   0x00000002   Code   RO         1931    .ARM.Collect$$libinit$$00000000  c_w.l(libinit.o)
    0x0000030e   0x0000030e   0x00000004   Code   RO         1932    .ARM.Collect$$libinit$$00000001  c_w.l(libinit2.o)
    0x00000312   0x00000312   0x00000000   Code   RO         1935    .ARM.Collect$$libinit$$00000004  c_w.l(libinit2.o)
    0x00000312   0x00000312   0x00000000   Code   RO         1938    .ARM.Collect$$libinit$$0000000A  c_w.l(libinit2.o)
    0x00000312   0x00000312   0x00000000   Code   RO         1940    .ARM.Collect$$libinit$$0000000C  c_w.l(libinit2.o)
    0x00000312   0x00000312   0x00000000   Code   RO         1942    .ARM.Collect$$libinit$$0000000E  c_w.l(libinit2.o)
    0x00000312   0x00000312   0x00000006   Code   RO         1943    .ARM.Collect$$libinit$$0000000F  c_w.l(libinit2.o)
    0x00000318   0x00000318   0x00000000   Code   RO         1945    .ARM.Collect$$libinit$$00000011  c_w.l(libinit2.o)
    0x00000318   0x00000318   0x00000000   Code   RO         1947    .ARM.Collect$$libinit$$00000013  c_w.l(libinit2.o)
    0x00000318   0x00000318   0x00000000   Code   RO         1949    .ARM.Collect$$libinit$$00000015  c_w.l(libinit2.o)
    0x00000318   0x00000318   0x0000000a   Code   RO         1950    .ARM.Collect$$libinit$$00000016  c_w.l(libinit2.o)
    0x00000322   0x00000322   0x00000000   Code   RO         1951    .ARM.Collect$$libinit$$00000017  c_w.l(libinit2.o)
    0x00000322   0x00000322   0x00000000   Code   RO         1953    .ARM.Collect$$libinit$$00000019  c_w.l(libinit2.o)
    0x00000322   0x00000322   0x00000000   Code   RO         1955    .ARM.Collect$$libinit$$0000001B  c_w.l(libinit2.o)
    0x00000322   0x00000322   0x00000000   Code   RO         1957    .ARM.Collect$$libinit$$0000001D  c_w.l(libinit2.o)
    0x00000322   0x00000322   0x00000000   Code   RO         1959    .ARM.Collect$$libinit$$0000001F  c_w.l(libinit2.o)
    0x00000322   0x00000322   0x00000000   Code   RO         1961    .ARM.Collect$$libinit$$00000021  c_w.l(libinit2.o)
    0x00000322   0x00000322   0x00000000   Code   RO         1963    .ARM.Collect$$libinit$$00000023  c_w.l(libinit2.o)
    0x00000322   0x00000322   0x00000000   Code   RO         1965    .ARM.Collect$$libinit$$00000025  c_w.l(libinit2.o)
    0x00000322   0x00000322   0x00000000   Code   RO         1969    .ARM.Collect$$libinit$$0000002C  c_w.l(libinit2.o)
    0x00000322   0x00000322   0x00000000   Code   RO         1971    .ARM.Collect$$libinit$$0000002E  c_w.l(libinit2.o)
    0x00000322   0x00000322   0x00000000   Code   RO         1973    .ARM.Collect$$libinit$$00000030  c_w.l(libinit2.o)
    0x00000322   0x00000322   0x00000000   Code   RO         1975    .ARM.Collect$$libinit$$00000032  c_w.l(libinit2.o)
    0x00000322   0x00000322   0x00000002   Code   RO         1976    .ARM.Collect$$libinit$$00000033  c_w.l(libinit2.o)
    0x00000324   0x00000324   0x00000002   Code   RO         2006    .ARM.Collect$$libshutdown$$00000000  c_w.l(libshutdown.o)
    0x00000326   0x00000326   0x00000000   Code   RO         2017    .ARM.Collect$$libshutdown$$00000002  c_w.l(libshutdown2.o)
    0x00000326   0x00000326   0x00000000   Code   RO         2019    .ARM.Collect$$libshutdown$$00000004  c_w.l(libshutdown2.o)
    0x00000326   0x00000326   0x00000000   Code   RO         2022    .ARM.Collect$$libshutdown$$00000007  c_w.l(libshutdown2.o)
    0x00000326   0x00000326   0x00000000   Code   RO         2025    .ARM.Collect$$libshutdown$$0000000A  c_w.l(libshutdown2.o)
    0x00000326   0x00000326   0x00000000   Code   RO         2027    .ARM.Collect$$libshutdown$$0000000C  c_w.l(libshutdown2.o)
    0x00000326   0x00000326   0x00000000   Code   RO         2030    .ARM.Collect$$libshutdown$$0000000F  c_w.l(libshutdown2.o)
    0x00000326   0x00000326   0x00000002   Code   RO         2031    .ARM.Collect$$libshutdown$$00000010  c_w.l(libshutdown2.o)
    0x00000328   0x00000328   0x00000000   Code   RO         1844    .ARM.Collect$$rtentry$$00000000  c_w.l(__rtentry.o)
    0x00000328   0x00000328   0x00000000   Code   RO         1860    .ARM.Collect$$rtentry$$00000002  c_w.l(__rtentry2.o)
    0x00000328   0x00000328   0x00000006   Code   RO         1872    .ARM.Collect$$rtentry$$00000004  c_w.l(__rtentry4.o)
    0x0000032e   0x0000032e   0x00000000   Code   RO         1862    .ARM.Collect$$rtentry$$00000009  c_w.l(__rtentry2.o)
    0x0000032e   0x0000032e   0x00000004   Code   RO         1863    .ARM.Collect$$rtentry$$0000000A  c_w.l(__rtentry2.o)
    0x00000332   0x00000332   0x00000000   Code   RO         1865    .ARM.Collect$$rtentry$$0000000C  c_w.l(__rtentry2.o)
    0x00000332   0x00000332   0x00000008   Code   RO         1866    .ARM.Collect$$rtentry$$0000000D  c_w.l(__rtentry2.o)
    0x0000033a   0x0000033a   0x00000002   Code   RO         1977    .ARM.Collect$$rtexit$$00000000  c_w.l(rtexit.o)
    0x0000033c   0x0000033c   0x00000000   Code   RO         1984    .ARM.Collect$$rtexit$$00000002  c_w.l(rtexit2.o)
    0x0000033c   0x0000033c   0x00000004   Code   RO         1985    .ARM.Collect$$rtexit$$00000003  c_w.l(rtexit2.o)
    0x00000340   0x00000340   0x00000006   Code   RO         1986    .ARM.Collect$$rtexit$$00000004  c_w.l(rtexit2.o)
    0x00000346   0x00000346   0x00000002   PAD
    0x00000348   0x00000348   0x00000006   Code   RO          908    .emb_text           driverlib.lib(sysctl.o)
    0x0000034e   0x0000034e   0x00000002   PAD
    0x00000350   0x00000350   0x00000018   Code   RO            4    .text               startup_rvmdk.o
    0x00000368   0x00000368   0x00000eac   Code   RO           11    .text               imu2.o
    0x00001214   0x00001214   0x000001a8   Code   RO          100    .text               mpu9250.o
    0x000013bc   0x000013bc   0x000000b0   Code   RO          112    .text               i2c1 functions.o
    0x0000146c   0x0000146c   0x00000028   Code   RO         1807    .text               c_w.l(noretval__2sprintf.o)
    0x00001494   0x00001494   0x00000068   Code   RO         1809    .text               c_w.l(__printf.o)
    0x000014fc   0x000014fc   0x00000078   Code   RO         1811    .text               c_w.l(_printf_dec.o)
    0x00001574   0x00001574   0x00000006   Code   RO         1836    .text               c_w.l(heapauxi.o)
    0x0000157a   0x0000157a   0x000000b2   Code   RO         1845    .text               c_w.l(_printf_intcommon.o)
    0x0000162c   0x0000162c   0x0000041e   Code   RO         1847    .text               c_w.l(_printf_fp_dec.o)
    0x00001a4a   0x00001a4a   0x00000002   PAD
    0x00001a4c   0x00001a4c   0x00000030   Code   RO         1849    .text               c_w.l(_printf_char_common.o)
    0x00001a7c   0x00001a7c   0x0000000a   Code   RO         1851    .text               c_w.l(_sputc.o)
    0x00001a86   0x00001a86   0x00000002   PAD
    0x00001a88   0x00001a88   0x00000008   Code   RO         1877    .text               c_w.l(rt_locale_intlibspace.o)
    0x00001a90   0x00001a90   0x0000008a   Code   RO         1879    .text               c_w.l(lludiv10.o)
    0x00001b1a   0x00001b1a   0x00000002   PAD
    0x00001b1c   0x00001b1c   0x00000080   Code   RO         1881    .text               c_w.l(_printf_fp_infnan.o)
    0x00001b9c   0x00001b9c   0x000000e4   Code   RO         1885    .text               c_w.l(bigflt0.o)
    0x00001c80   0x00001c80   0x00000008   Code   RO         1917    .text               c_w.l(libspace.o)
    0x00001c88   0x00001c88   0x0000004a   Code   RO         1920    .text               c_w.l(sys_stackheap_outer.o)
    0x00001cd2   0x00001cd2   0x00000012   Code   RO         1922    .text               c_w.l(exit.o)
    0x00001ce4   0x00001ce4   0x00000080   Code   RO         1924    .text               c_w.l(strcmpv7m.o)
    0x00001d64   0x00001d64   0x0000000c   Code   RO         1996    .text               c_w.l(sys_exit.o)
    0x00001d70   0x00001d70   0x00000002   Code   RO         2007    .text               c_w.l(use_no_semi.o)
    0x00001d72   0x00001d72   0x00000000   Code   RO         2009    .text               c_w.l(indicate_semi.o)
    0x00001d72   0x00001d72   0x0000003e   Code   RO         1888    CL$$btod_d2e        c_w.l(btod.o)
    0x00001db0   0x00001db0   0x00000046   Code   RO         1890    CL$$btod_d2e_denorm_low  c_w.l(btod.o)
    0x00001df6   0x00001df6   0x00000060   Code   RO         1889    CL$$btod_d2e_norm_op1  c_w.l(btod.o)
    0x00001e56   0x00001e56   0x00000338   Code   RO         1898    CL$$btod_div_common  c_w.l(btod.o)
    0x0000218e   0x0000218e   0x000000dc   Code   RO         1895    CL$$btod_e2e        c_w.l(btod.o)
    0x0000226a   0x0000226a   0x0000002a   Code   RO         1892    CL$$btod_ediv       c_w.l(btod.o)
    0x00002294   0x00002294   0x0000002a   Code   RO         1891    CL$$btod_emul       c_w.l(btod.o)
    0x000022be   0x000022be   0x00000244   Code   RO         1897    CL$$btod_mult_common  c_w.l(btod.o)
    0x00002502   0x00002502   0x00000028   Code   RO          129    i.GPIODirModeSet    driverlib.lib(gpio.o)
    0x0000252a   0x0000252a   0x00000138   Code   RO          141    i.GPIOPadConfigSet  driverlib.lib(gpio.o)
    0x00002662   0x00002662   0x00000002   PAD
    0x00002664   0x00002664   0x00000044   Code   RO          142    i.GPIOPinConfigure  driverlib.lib(gpio.o)
    0x000026a8   0x000026a8   0x0000001c   Code   RO          153    i.GPIOPinTypeGPIOOutput  driverlib.lib(gpio.o)
    0x000026c4   0x000026c4   0x0000001c   Code   RO          156    i.GPIOPinTypeI2C    driverlib.lib(gpio.o)
    0x000026e0   0x000026e0   0x0000001c   Code   RO          157    i.GPIOPinTypeI2CSCL  driverlib.lib(gpio.o)
    0x000026fc   0x000026fc   0x0000001c   Code   RO          163    i.GPIOPinTypeTimer  driverlib.lib(gpio.o)
    0x00002718   0x00002718   0x0000001c   Code   RO          165    i.GPIOPinTypeUART   driverlib.lib(gpio.o)
    0x00002734   0x00002734   0x00000006   Code   RO          171    i.GPIOPinWrite      driverlib.lib(gpio.o)
    0x0000273a   0x0000273a   0x0000000c   Code   RO          466    i.I2CMasterBusy     driverlib.lib(i2c.o)
    0x00002746   0x00002746   0x00000004   Code   RO          467    i.I2CMasterControl  driverlib.lib(i2c.o)
    0x0000274a   0x0000274a   0x00000004   Code   RO          468    i.I2CMasterDataGet  driverlib.lib(i2c.o)
    0x0000274e   0x0000274e   0x00000004   Code   RO          469    i.I2CMasterDataPut  driverlib.lib(i2c.o)
    0x00002752   0x00002752   0x00000002   PAD
    0x00002754   0x00002754   0x00000054   Code   RO          474    i.I2CMasterInitExpClk  driverlib.lib(i2c.o)
    0x000027a8   0x000027a8   0x00000008   Code   RO          484    i.I2CMasterSlaveAddrSet  driverlib.lib(i2c.o)
    0x000027b0   0x000027b0   0x00000064   Code   RO          793    i.IntEnable         driverlib.lib(interrupt.o)
    0x00002814   0x00002814   0x00000028   Code   RO          804    i.IntPrioritySet    driverlib.lib(interrupt.o)
    0x0000283c   0x0000283c   0x00000154   Code   RO          911    i.SysCtlClockGet    driverlib.lib(sysctl.o)
    0x00002990   0x00002990   0x00000120   Code   RO          913    i.SysCtlClockSet    driverlib.lib(sysctl.o)
    0x00002ab0   0x00002ab0   0x00000028   Code   RO          942    i.SysCtlPeripheralEnable  driverlib.lib(sysctl.o)
    0x00002ad8   0x00002ad8   0x0000003c   Code   RO          947    i.SysCtlPeripheralReset  driverlib.lib(sysctl.o)
    0x00002b14   0x00002b14   0x00000060   Code   RO         1260    i.TimerConfigure    driverlib.lib(timer.o)
    0x00002b74   0x00002b74   0x0000000e   Code   RO         1269    i.TimerEnable       driverlib.lib(timer.o)
    0x00002b82   0x00002b82   0x00000008   Code   RO         1272    i.TimerIntEnable    driverlib.lib(timer.o)
    0x00002b8a   0x00002b8a   0x00000012   Code   RO         1278    i.TimerLoadSet      driverlib.lib(timer.o)
    0x00002b9c   0x00002b9c   0x0000000c   Code   RO         1506    i.UARTCharPut       driverlib.lib(uart.o)
    0x00002ba8   0x00002ba8   0x0000006e   Code   RO         1512    i.UARTConfigSetExpClk  driverlib.lib(uart.o)
    0x00002c16   0x00002c16   0x00000030   Code   RO         1915    i.__ARM_fpclassify  m_wm.l(fpclassify.o)
    0x00002c46   0x00002c46   0x00000002   PAD
    0x00002c48   0x00002c48   0x0000002c   Code   RO         1911    locale$$code        c_w.l(lc_numeric_c.o)
    0x00002c74   0x00002c74   0x0000000c   Code   RO         1854    x$fpl$dretinf       fz_wm.l(dretinf.o)
    0x00002c80   0x00002c80   0x00000056   Code   RO         1840    x$fpl$f2d           fz_wm.l(f2d.o)
    0x00002cd6   0x00002cd6   0x0000008c   Code   RO         1856    x$fpl$fnaninf       fz_wm.l(fnaninf.o)
    0x00002d62   0x00002d62   0x0000000a   Code   RO         1981    x$fpl$fpinit        fz_wm.l(fpinit.o)
    0x00002d6c   0x00002d6c   0x00000004   Code   RO         1842    x$fpl$printf1       fz_wm.l(printf1.o)
    0x00002d70   0x00002d70   0x00000000   Code   RO         1858    x$fpl$usenofp       fz_wm.l(usenofp.o)
    0x00002d70   0x00002d70   0x00000228   Data   RO          173    .constdata          driverlib.lib(gpio.o)
    0x00002f98   0x00002f98   0x0000010c   Data   RO          809    .constdata          driverlib.lib(interrupt.o)
    0x000030a4   0x000030a4   0x00000254   Data   RO          964    .constdata          driverlib.lib(sysctl.o)
    0x000032f8   0x000032f8   0x00000094   Data   RO         1886    .constdata          c_w.l(bigflt0.o)
    0x0000338c   0x0000338c   0x00000048   Data   RO           13    .conststring        imu2.o
    0x000033d4   0x000033d4   0x00000020   Data   RO         2056    Region$$Table       anon$$obj.o
    0x000033f4   0x000033f4   0x0000001c   Data   RO         1910    locale$$data        c_w.l(lc_numeric_c.o)


    Execution Region ER_RW (Exec base: 0x20000000, Load base: 0x00003410, Size: 0x000000a4, Max: 0xffffffff, ABSOLUTE)

    Exec Addr    Load Addr    Size         Type   Attr      Idx    E Section Name        Object

    0x20000000   0x00003410   0x000000a2   Data   RW           14    .data               imu2.o


    Execution Region ER_ZI (Exec base: 0x200000a4, Load base: 0x000034b4, Size: 0x00000444, Max: 0xffffffff, ABSOLUTE)

    Exec Addr    Load Addr    Size         Type   Attr      Idx    E Section Name        Object

    0x200000a4        -       0x000002e0   Zero   RW           12    .bss                imu2.o
    0x20000384        -       0x00000060   Zero   RW         1918    .bss                c_w.l(libspace.o)
    0x200003e4   0x000034b4   0x00000004   PAD
    0x200003e8        -       0x00000000   Zero   RW            2    HEAP                startup_rvmdk.o
    0x200003e8        -       0x00000100   Zero   RW            1    STACK               startup_rvmdk.o


==============================================================================

Image component sizes


      Code (inc. data)   RO Data    RW Data    ZI Data      Debug   Object Name

       176          6          0          0          0        977   i2c1 functions.o
      3756        536         72        162        736      10918   imu2.o
       424          0          0          0          0       2818   mpu9250.o
       672        636          0          0        256        588   startup_rvmdk.o

    ----------------------------------------------------------------------
      5028       1178        104        164        992      15301   Object Totals
         0          0         32          0          0          0   (incl. Generated)
         0          0          0          2          0          0   (incl. Padding)

    ----------------------------------------------------------------------

      Code (inc. data)   RO Data    RW Data    ZI Data      Debug   Library Member Name

         8          0          0          0          0         68   __main.o
       104          0          0          0          0         84   __printf.o
         0          0          0          0          0          0   __rtentry.o
        12          0          0          0          0          0   __rtentry2.o
         6          0          0          0          0          0   __rtentry4.o
        52          8          0          0          0          0   __scatter.o
        26          0          0          0          0          0   __scatter_copy.o
        28          0          0          0          0          0   __scatter_zi.o
        48          6          0          0          0         96   _printf_char_common.o
         6          0          0          0          0          0   _printf_d.o
       120         16          0          0          0         92   _printf_dec.o
         6          0          0          0          0          0   _printf_f.o
      1054          0          0          0          0        216   _printf_fp_dec.o
       128         16          0          0          0         84   _printf_fp_infnan.o
       178          0          0          0          0         88   _printf_intcommon.o
         0          0          0          0          0          0   _printf_percent.o
         4          0          0          0          0          0   _printf_percent_end.o
        10          0          0          0          0         68   _sputc.o
       228          4        148          0          0         96   bigflt0.o
      1936        128          0          0          0        672   btod.o
        18          0          0          0          0         80   exit.o
         6          0          0          0          0        152   heapauxi.o
         0          0          0          0          0          0   indicate_semi.o
        44         10         28          0          0         76   lc_numeric_c.o
         2          0          0          0          0          0   libinit.o
        22          0          0          0          0          0   libinit2.o
         2          0          0          0          0          0   libshutdown.o
         2          0          0          0          0          0   libshutdown2.o
         8          4          0          0         96         68   libspace.o
       138          0          0          0          0         80   lludiv10.o
        40          6          0          0          0         84   noretval__2sprintf.o
         8          4          0          0          0         68   rt_locale_intlibspace.o
         2          0          0          0          0          0   rtexit.o
        10          0          0          0          0          0   rtexit2.o
       128          0          0          0          0         68   strcmpv7m.o
        12          4          0          0          0         68   sys_exit.o
        74          0          0          0          0         80   sys_stackheap_outer.o
         2          0          0          0          0         68   use_no_semi.o
       566          8        552          0          0       9284   gpio.o
       116         12          0          0          0       3972   i2c.o
       140         12        268          0          0       2053   interrupt.o
       734         62        596          0          0       4975   sysctl.o
       136          8          0          0          0       2103   timer.o
       122          0          0          0          0       2077   uart.o
        12          0          0          0          0        116   dretinf.o
        86          4          0          0          0        132   f2d.o
       140          4          0          0          0        132   fnaninf.o
        10          0          0          0          0        116   fpinit.o
         4          0          0          0          0        116   printf1.o
         0          0          0          0          0          0   usenofp.o
        48          0          0          0          0        124   fpclassify.o

    ----------------------------------------------------------------------
      6604        316       1592          0        100      27656   Library Totals
        18          0          0          0          4          0   (incl. Padding)

    ----------------------------------------------------------------------

      Code (inc. data)   RO Data    RW Data    ZI Data      Debug   Library Name

      4472        206        176          0         96       2456   c_w.l
      1814        102       1416          0          0      24464   driverlib.lib
       252          8          0          0          0        612   fz_wm.l
        48          0          0          0          0        124   m_wm.l

    ----------------------------------------------------------------------
      6604        316       1592          0        100      27656   Library Totals

    ----------------------------------------------------------------------

==============================================================================


      Code (inc. data)   RO Data    RW Data    ZI Data      Debug   

     11632       1494       1696        164       1092      38757   Grand Totals
     11632       1494       1696        164       1092      38757   ELF Image Totals
     11632       1494       1696        164          0          0   ROM Totals

==============================================================================

    Total RO  Size (Code + RO Data)                13328 (  13.02kB)
    Total RW  Size (RW Data + ZI Data)              1256 (   1.23kB)
    Total ROM Size (Code + RO Data + RW Data)      13492 (  13.18kB)

==============================================================================

