<html>
<body>
<pre>
<h1>µVision Build Log</h1>
<h2>Project:</h2>
C:\ti\TivaWare_C_Series-2.1.0.12573\examples\boards\my_projects_123\toggle_SysTick_interrupt_TivaWare\toggle_SysTick_interrupt_TivaWare.uvproj
Project File Date:  05/07/2015

<h2>Output:</h2>
Rebuild target 'Target 1'
assembling startup_rvmdk.S...
compiling toggle_SysTick_interrupt_TivaWare.c...
linking...
Program Size: Code=1568 RO-data=16 RW-data=0 ZI-data=352  
".\toggle_SysTick_interrupt_TivaWare.axf" - 0 Error(s), 0 Warning(s).
Load "C:\\ti\\TivaWare_C_Series-2.1.0.12573\\examples\\boards\\my_projects_123\\toggle_SysTick_interrupt_TivaWare\\toggle_SysTick_interrupt_TivaWare.axf" 
Connecting: Mode=JTAG, Speed=1000000Hz
Erase Done.
Programming Done.
Verify OK.
</pre>
</body>
</html>
