<?xml version="1.0"?>
<link_info>
   <banner>TI ARM Linker PC v5.1.1</banner>
   <copyright>Copyright (c) 1996-2013 Texas Instruments Incorporated</copyright>
   <link_time>0x55306a89</link_time>
   <link_errors>0x0</link_errors>
   <output_file>lab10.out</output_file>
   <entry_point>
      <name>_c_int00</name>
      <address>0xb009</address>
   </entry_point>
   <input_file_list>
      <input_file id="fl-2">
         <path>.\</path>
         <kind>object</kind>
         <file>ustdlib.obj</file>
         <name>ustdlib.obj</name>
      </input_file>
      <input_file id="fl-3">
         <path>.\</path>
         <kind>object</kind>
         <file>touch.obj</file>
         <name>touch.obj</name>
      </input_file>
      <input_file id="fl-4">
         <path>.\</path>
         <kind>object</kind>
         <file>tm4c123gh6pm_startup_ccs.obj</file>
         <name>tm4c123gh6pm_startup_ccs.obj</name>
      </input_file>
      <input_file id="fl-5">
         <path>.\</path>
         <kind>object</kind>
         <file>images.obj</file>
         <name>images.obj</name>
      </input_file>
      <input_file id="fl-6">
         <path>.\</path>
         <kind>object</kind>
         <file>grlib_demo.obj</file>
         <name>grlib_demo.obj</name>
      </input_file>
      <input_file id="fl-7">
         <path>.\</path>
         <kind>object</kind>
         <file>Kentec320x240x16_ssd2119_8bit.obj</file>
         <name>Kentec320x240x16_ssd2119_8bit.obj</name>
      </input_file>
      <input_file id="fl-d">
         <path>C:\ti\TivaWare_C_Series-2.1.0.12573\driverlib\ccs\Debug\</path>
         <kind>archive</kind>
         <file>driverlib.lib</file>
         <name>udma.obj</name>
      </input_file>
      <input_file id="fl-e">
         <path>C:\ti\TivaWare_C_Series-2.1.0.12573\driverlib\ccs\Debug\</path>
         <kind>archive</kind>
         <file>driverlib.lib</file>
         <name>timer.obj</name>
      </input_file>
      <input_file id="fl-f">
         <path>C:\ti\TivaWare_C_Series-2.1.0.12573\driverlib\ccs\Debug\</path>
         <kind>archive</kind>
         <file>driverlib.lib</file>
         <name>sysctl.obj</name>
      </input_file>
      <input_file id="fl-10">
         <path>C:\ti\TivaWare_C_Series-2.1.0.12573\driverlib\ccs\Debug\</path>
         <kind>archive</kind>
         <file>driverlib.lib</file>
         <name>interrupt.obj</name>
      </input_file>
      <input_file id="fl-11">
         <path>C:\ti\TivaWare_C_Series-2.1.0.12573\driverlib\ccs\Debug\</path>
         <kind>archive</kind>
         <file>driverlib.lib</file>
         <name>gpio.obj</name>
      </input_file>
      <input_file id="fl-12">
         <path>C:\ti\TivaWare_C_Series-2.1.0.12573\driverlib\ccs\Debug\</path>
         <kind>archive</kind>
         <file>driverlib.lib</file>
         <name>fpu.obj</name>
      </input_file>
      <input_file id="fl-13">
         <path>C:\ti\TivaWare_C_Series-2.1.0.12573\driverlib\ccs\Debug\</path>
         <kind>archive</kind>
         <file>driverlib.lib</file>
         <name>cpu.obj</name>
      </input_file>
      <input_file id="fl-14">
         <path>C:\ti\TivaWare_C_Series-2.1.0.12573\driverlib\ccs\Debug\</path>
         <kind>archive</kind>
         <file>driverlib.lib</file>
         <name>adc.obj</name>
      </input_file>
      <input_file id="fl-15">
         <path>C:\ti\TivaWare_C_Series-2.1.0.12573\grlib\ccs\Debug\</path>
         <kind>archive</kind>
         <file>grlib.lib</file>
         <name>fontcm24.obj</name>
      </input_file>
      <input_file id="fl-16">
         <path>C:\ti\TivaWare_C_Series-2.1.0.12573\grlib\ccs\Debug\</path>
         <kind>archive</kind>
         <file>grlib.lib</file>
         <name>fontcm22.obj</name>
      </input_file>
      <input_file id="fl-17">
         <path>C:\ti\TivaWare_C_Series-2.1.0.12573\grlib\ccs\Debug\</path>
         <kind>archive</kind>
         <file>grlib.lib</file>
         <name>fontcm20.obj</name>
      </input_file>
      <input_file id="fl-18">
         <path>C:\ti\TivaWare_C_Series-2.1.0.12573\grlib\ccs\Debug\</path>
         <kind>archive</kind>
         <file>grlib.lib</file>
         <name>fontcm18.obj</name>
      </input_file>
      <input_file id="fl-19">
         <path>C:\ti\TivaWare_C_Series-2.1.0.12573\grlib\ccs\Debug\</path>
         <kind>archive</kind>
         <file>grlib.lib</file>
         <name>fontcm14.obj</name>
      </input_file>
      <input_file id="fl-1a">
         <path>C:\ti\TivaWare_C_Series-2.1.0.12573\grlib\ccs\Debug\</path>
         <kind>archive</kind>
         <file>grlib.lib</file>
         <name>fontcm12.obj</name>
      </input_file>
      <input_file id="fl-1b">
         <path>C:\ti\TivaWare_C_Series-2.1.0.12573\grlib\ccs\Debug\</path>
         <kind>archive</kind>
         <file>grlib.lib</file>
         <name>widget.obj</name>
      </input_file>
      <input_file id="fl-1c">
         <path>C:\ti\TivaWare_C_Series-2.1.0.12573\grlib\ccs\Debug\</path>
         <kind>archive</kind>
         <file>grlib.lib</file>
         <name>string.obj</name>
      </input_file>
      <input_file id="fl-1d">
         <path>C:\ti\TivaWare_C_Series-2.1.0.12573\grlib\ccs\Debug\</path>
         <kind>archive</kind>
         <file>grlib.lib</file>
         <name>slider.obj</name>
      </input_file>
      <input_file id="fl-1e">
         <path>C:\ti\TivaWare_C_Series-2.1.0.12573\grlib\ccs\Debug\</path>
         <kind>archive</kind>
         <file>grlib.lib</file>
         <name>rectangle.obj</name>
      </input_file>
      <input_file id="fl-1f">
         <path>C:\ti\TivaWare_C_Series-2.1.0.12573\grlib\ccs\Debug\</path>
         <kind>archive</kind>
         <file>grlib.lib</file>
         <name>radiobutton.obj</name>
      </input_file>
      <input_file id="fl-20">
         <path>C:\ti\TivaWare_C_Series-2.1.0.12573\grlib\ccs\Debug\</path>
         <kind>archive</kind>
         <file>grlib.lib</file>
         <name>pushbutton.obj</name>
      </input_file>
      <input_file id="fl-21">
         <path>C:\ti\TivaWare_C_Series-2.1.0.12573\grlib\ccs\Debug\</path>
         <kind>archive</kind>
         <file>grlib.lib</file>
         <name>line.obj</name>
      </input_file>
      <input_file id="fl-22">
         <path>C:\ti\TivaWare_C_Series-2.1.0.12573\grlib\ccs\Debug\</path>
         <kind>archive</kind>
         <file>grlib.lib</file>
         <name>image.obj</name>
      </input_file>
      <input_file id="fl-23">
         <path>C:\ti\TivaWare_C_Series-2.1.0.12573\grlib\ccs\Debug\</path>
         <kind>archive</kind>
         <file>grlib.lib</file>
         <name>context.obj</name>
      </input_file>
      <input_file id="fl-24">
         <path>C:\ti\TivaWare_C_Series-2.1.0.12573\grlib\ccs\Debug\</path>
         <kind>archive</kind>
         <file>grlib.lib</file>
         <name>container.obj</name>
      </input_file>
      <input_file id="fl-25">
         <path>C:\ti\TivaWare_C_Series-2.1.0.12573\grlib\ccs\Debug\</path>
         <kind>archive</kind>
         <file>grlib.lib</file>
         <name>circle.obj</name>
      </input_file>
      <input_file id="fl-26">
         <path>C:\ti\TivaWare_C_Series-2.1.0.12573\grlib\ccs\Debug\</path>
         <kind>archive</kind>
         <file>grlib.lib</file>
         <name>checkbox.obj</name>
      </input_file>
      <input_file id="fl-27">
         <path>C:\ti\TivaWare_C_Series-2.1.0.12573\grlib\ccs\Debug\</path>
         <kind>archive</kind>
         <file>grlib.lib</file>
         <name>charmap.obj</name>
      </input_file>
      <input_file id="fl-28">
         <path>C:\ti\TivaWare_C_Series-2.1.0.12573\grlib\ccs\Debug\</path>
         <kind>archive</kind>
         <file>grlib.lib</file>
         <name>canvas.obj</name>
      </input_file>
      <input_file id="fl-152">
         <path>C:\ti\ccsv5\tools\compiler\arm_5.1.1\lib\</path>
         <kind>archive</kind>
         <file>rtsv7M4_T_le_v4SPD16_eabi.lib</file>
         <name>boot.obj</name>
      </input_file>
      <input_file id="fl-153">
         <path>C:\ti\ccsv5\tools\compiler\arm_5.1.1\lib\</path>
         <kind>archive</kind>
         <file>rtsv7M4_T_le_v4SPD16_eabi.lib</file>
         <name>copy_decompress_none.obj</name>
      </input_file>
      <input_file id="fl-154">
         <path>C:\ti\ccsv5\tools\compiler\arm_5.1.1\lib\</path>
         <kind>archive</kind>
         <file>rtsv7M4_T_le_v4SPD16_eabi.lib</file>
         <name>copy_decompress_rle.obj</name>
      </input_file>
      <input_file id="fl-155">
         <path>C:\ti\ccsv5\tools\compiler\arm_5.1.1\lib\</path>
         <kind>archive</kind>
         <file>rtsv7M4_T_le_v4SPD16_eabi.lib</file>
         <name>copy_zero_init.obj</name>
      </input_file>
      <input_file id="fl-156">
         <path>C:\ti\ccsv5\tools\compiler\arm_5.1.1\lib\</path>
         <kind>archive</kind>
         <file>rtsv7M4_T_le_v4SPD16_eabi.lib</file>
         <name>exit.obj</name>
      </input_file>
      <input_file id="fl-157">
         <path>C:\ti\ccsv5\tools\compiler\arm_5.1.1\lib\</path>
         <kind>archive</kind>
         <file>rtsv7M4_T_le_v4SPD16_eabi.lib</file>
         <name>memcpy_t2.obj</name>
      </input_file>
      <input_file id="fl-158">
         <path>C:\ti\ccsv5\tools\compiler\arm_5.1.1\lib\</path>
         <kind>archive</kind>
         <file>rtsv7M4_T_le_v4SPD16_eabi.lib</file>
         <name>stkdepth_vars.obj</name>
      </input_file>
      <input_file id="fl-159">
         <path>C:\ti\ccsv5\tools\compiler\arm_5.1.1\lib\</path>
         <kind>archive</kind>
         <file>rtsv7M4_T_le_v4SPD16_eabi.lib</file>
         <name>u_divt2.obj</name>
      </input_file>
      <input_file id="fl-15a">
         <path>C:\ti\ccsv5\tools\compiler\arm_5.1.1\lib\</path>
         <kind>archive</kind>
         <file>rtsv7M4_T_le_v4SPD16_eabi.lib</file>
         <name>_lock.obj</name>
      </input_file>
      <input_file id="fl-15b">
         <path>C:\ti\ccsv5\tools\compiler\arm_5.1.1\lib\</path>
         <kind>archive</kind>
         <file>rtsv7M4_T_le_v4SPD16_eabi.lib</file>
         <name>args_main.obj</name>
      </input_file>
      <input_file id="fl-15c">
         <path>C:\ti\ccsv5\tools\compiler\arm_5.1.1\lib\</path>
         <kind>archive</kind>
         <file>rtsv7M4_T_le_v4SPD16_eabi.lib</file>
         <name>auto_init.obj</name>
      </input_file>
      <input_file id="fl-15d">
         <path>C:\ti\ccsv5\tools\compiler\arm_5.1.1\lib\</path>
         <kind>archive</kind>
         <file>rtsv7M4_T_le_v4SPD16_eabi.lib</file>
         <name>cpy_tbl.obj</name>
      </input_file>
   </input_file_list>
   <object_component_list>
      <object_component id="oc-e">
         <name>.intvecs</name>
         <load_address>0x0</load_address>
         <run_address>0x0</run_address>
         <size>0x26c</size>
         <input_file_ref idref="fl-4"/>
      </object_component>
      <object_component id="oc-17e">
         <name>.text</name>
         <load_address>0x5ed0</load_address>
         <run_address>0x5ed0</run_address>
         <size>0xc84</size>
         <input_file_ref idref="fl-2"/>
      </object_component>
      <object_component id="oc-c3">
         <name>.text</name>
         <load_address>0x6b54</load_address>
         <run_address>0x6b54</run_address>
         <size>0xb80</size>
         <input_file_ref idref="fl-6"/>
      </object_component>
      <object_component id="oc-1a7">
         <name>.text</name>
         <load_address>0x76d4</load_address>
         <run_address>0x76d4</run_address>
         <size>0x988</size>
         <input_file_ref idref="fl-7"/>
      </object_component>
      <object_component id="oc-29">
         <name>.text</name>
         <load_address>0x805c</load_address>
         <run_address>0x805c</run_address>
         <size>0x464</size>
         <input_file_ref idref="fl-3"/>
      </object_component>
      <object_component id="oc-2a1">
         <name>.text:InternalImageDraw</name>
         <load_address>0x84c0</load_address>
         <run_address>0x84c0</run_address>
         <size>0x38c</size>
         <input_file_ref idref="fl-22"/>
      </object_component>
      <object_component id="oc-3a0">
         <name>.text:PixelTransparentDraw</name>
         <load_address>0x884c</load_address>
         <run_address>0x884c</run_address>
         <size>0x2ce</size>
         <input_file_ref idref="fl-22"/>
      </object_component>
      <object_component id="oc-40d">
         <name>.text:SliderPaint</name>
         <load_address>0x8b1a</load_address>
         <run_address>0x8b1a</run_address>
         <size>0x2be</size>
         <input_file_ref idref="fl-1d"/>
      </object_component>
      <object_component id="oc-3f3">
         <name>.text:GrFontGlyphRender</name>
         <load_address>0x8dd8</load_address>
         <run_address>0x8dd8</run_address>
         <size>0x266</size>
         <input_file_ref idref="fl-1c"/>
      </object_component>
      <object_component id="oc-15e">
         <name>.text:GrCircleDraw</name>
         <load_address>0x903e</load_address>
         <run_address>0x903e</run_address>
         <size>0x1fa</size>
         <input_file_ref idref="fl-25"/>
      </object_component>
      <object_component id="oc-3d3">
         <name>.text:CheckBoxPaint</name>
         <load_address>0x9238</load_address>
         <run_address>0x9238</run_address>
         <size>0x1f8</size>
         <input_file_ref idref="fl-26"/>
      </object_component>
      <object_component id="oc-420">
         <name>.text:RadioButtonPaint</name>
         <load_address>0x9430</load_address>
         <run_address>0x9430</run_address>
         <size>0x1b2</size>
         <input_file_ref idref="fl-1f"/>
      </object_component>
      <object_component id="oc-357">
         <name>.text:CanvasPaint</name>
         <load_address>0x95e2</load_address>
         <run_address>0x95e2</run_address>
         <size>0x188</size>
         <input_file_ref idref="fl-28"/>
      </object_component>
      <object_component id="oc-370">
         <name>.text:RectangularButtonPaint</name>
         <load_address>0x976a</load_address>
         <run_address>0x976a</run_address>
         <size>0x16e</size>
         <input_file_ref idref="fl-20"/>
      </object_component>
      <object_component id="oc-3df">
         <name>.text:CircularButtonPaint</name>
         <load_address>0x98d8</load_address>
         <run_address>0x98d8</run_address>
         <size>0x164</size>
         <input_file_ref idref="fl-20"/>
      </object_component>
      <object_component id="oc-159">
         <name>.text:GrCircleFill</name>
         <load_address>0x9a3c</load_address>
         <run_address>0x9a3c</run_address>
         <size>0x146</size>
         <input_file_ref idref="fl-25"/>
      </object_component>
      <object_component id="oc-44a">
         <name>.text:ContainerPaint</name>
         <load_address>0x9b82</load_address>
         <run_address>0x9b82</run_address>
         <size>0x144</size>
         <input_file_ref idref="fl-24"/>
      </object_component>
      <object_component id="oc-10d">
         <name>.text:GPIOPadConfigSet</name>
         <load_address>0x9cc6</load_address>
         <run_address>0x9cc6</run_address>
         <size>0x130</size>
         <input_file_ref idref="fl-11"/>
      </object_component>
      <object_component id="oc-99">
         <name>.text:SysCtlClockGet</name>
         <load_address>0x9df8</load_address>
         <run_address>0x9df8</run_address>
         <size>0x118</size>
         <input_file_ref idref="fl-f"/>
      </object_component>
      <object_component id="oc-154">
         <name>.text:GrLineDraw</name>
         <load_address>0x9f10</load_address>
         <run_address>0x9f10</run_address>
         <size>0x100</size>
         <input_file_ref idref="fl-21"/>
      </object_component>
      <object_component id="oc-1a2">
         <name>.text:SysCtlClockSet</name>
         <load_address>0xa010</load_address>
         <run_address>0xa010</run_address>
         <size>0xf0</size>
         <input_file_ref idref="fl-f"/>
      </object_component>
      <object_component id="oc-135">
         <name>.text:WidgetMessageQueueAdd</name>
         <load_address>0xa100</load_address>
         <run_address>0xa100</run_address>
         <size>0xf0</size>
         <input_file_ref idref="fl-1b"/>
      </object_component>
      <object_component id="oc-375">
         <name>.text:RectangularButtonClick</name>
         <load_address>0xa1f0</load_address>
         <run_address>0xa1f0</run_address>
         <size>0xec</size>
         <input_file_ref idref="fl-20"/>
      </object_component>
      <object_component id="oc-3e4">
         <name>.text:CircularButtonClick</name>
         <load_address>0xa2dc</load_address>
         <run_address>0xa2dc</run_address>
         <size>0xd2</size>
         <input_file_ref idref="fl-20"/>
      </object_component>
      <object_component id="oc-412">
         <name>.text:SliderClick</name>
         <load_address>0xa3ae</load_address>
         <run_address>0xa3ae</run_address>
         <size>0xd0</size>
         <input_file_ref idref="fl-1d"/>
      </object_component>
      <object_component id="oc-303">
         <name>.text:GrDefaultStringRenderer</name>
         <load_address>0xa47e</load_address>
         <run_address>0xa47e</run_address>
         <size>0xca</size>
         <input_file_ref idref="fl-1c"/>
      </object_component>
      <object_component id="oc-285">
         <name>.text:GrLineClip</name>
         <load_address>0xa548</load_address>
         <run_address>0xa548</run_address>
         <size>0xbc</size>
         <input_file_ref idref="fl-21"/>
      </object_component>
      <object_component id="oc-316">
         <name>.text:WidgetMessageSendPostOrder</name>
         <load_address>0xa604</load_address>
         <run_address>0xa604</run_address>
         <size>0xb0</size>
         <input_file_ref idref="fl-1b"/>
      </object_component>
      <object_component id="oc-47b">
         <name>.text:SliderValueToPosition</name>
         <load_address>0xa6b4</load_address>
         <run_address>0xa6b4</run_address>
         <size>0xac</size>
         <input_file_ref idref="fl-1d"/>
      </object_component>
      <object_component id="oc-42">
         <name>.text</name>
         <load_address>0xa760</load_address>
         <run_address>0xa760</run_address>
         <size>0x9c</size>
         <input_file_ref idref="fl-157"/>
      </object_component>
      <object_component id="oc-31">
         <name>.text</name>
         <load_address>0xa7fc</load_address>
         <run_address>0xa7fc</run_address>
         <size>0x94</size>
         <input_file_ref idref="fl-15c"/>
      </object_component>
      <object_component id="oc-425">
         <name>.text:RadioButtonClick</name>
         <load_address>0xa890</load_address>
         <run_address>0xa890</run_address>
         <size>0x8c</size>
         <input_file_ref idref="fl-1f"/>
      </object_component>
      <object_component id="oc-163">
         <name>.text:GrRectFill</name>
         <load_address>0xa91c</load_address>
         <run_address>0xa91c</run_address>
         <size>0x86</size>
         <input_file_ref idref="fl-1e"/>
      </object_component>
      <object_component id="oc-476">
         <name>.text:GrRectIntersectGet</name>
         <load_address>0xa9a2</load_address>
         <run_address>0xa9a2</run_address>
         <size>0x84</size>
         <input_file_ref idref="fl-1e"/>
      </object_component>
      <object_component id="oc-76">
         <name>.text:ADCSequenceStepConfigure</name>
         <load_address>0xaa26</load_address>
         <run_address>0xaa26</run_address>
         <size>0x80</size>
         <input_file_ref idref="fl-14"/>
      </object_component>
      <object_component id="oc-172">
         <name>.text:GrStringWidthGet</name>
         <load_address>0xaaa6</load_address>
         <run_address>0xaaa6</run_address>
         <size>0x6a</size>
         <input_file_ref idref="fl-1c"/>
      </object_component>
      <object_component id="oc-168">
         <name>.text:GrRectDraw</name>
         <load_address>0xab10</load_address>
         <run_address>0xab10</run_address>
         <size>0x66</size>
         <input_file_ref idref="fl-1e"/>
      </object_component>
      <object_component id="oc-1ac">
         <name>.text:GrContextInit</name>
         <load_address>0xab78</load_address>
         <run_address>0xab78</run_address>
         <size>0x64</size>
         <input_file_ref idref="fl-23"/>
      </object_component>
      <object_component id="oc-1bc">
         <name>.text:WidgetMessageQueueProcess</name>
         <load_address>0xabdc</load_address>
         <run_address>0xabdc</run_address>
         <size>0x64</size>
         <input_file_ref idref="fl-1b"/>
      </object_component>
      <object_component id="oc-430">
         <name>.text:GrContextClipRegionSet</name>
         <load_address>0xac40</load_address>
         <run_address>0xac40</run_address>
         <size>0x62</size>
         <input_file_ref idref="fl-23"/>
      </object_component>
      <object_component id="oc-85">
         <name>.text:IntEnable</name>
         <load_address>0xaca4</load_address>
         <run_address>0xaca4</run_address>
         <size>0x60</size>
         <input_file_ref idref="fl-10"/>
      </object_component>
      <object_component id="oc-54">
         <name>.text</name>
         <load_address>0xad04</load_address>
         <run_address>0xad04</run_address>
         <size>0x5e</size>
         <input_file_ref idref="fl-154"/>
      </object_component>
      <object_component id="oc-3ab">
         <name>.text:FontWideGlyphDataGet</name>
         <load_address>0xad62</load_address>
         <run_address>0xad62</run_address>
         <size>0x5c</size>
         <input_file_ref idref="fl-1c"/>
      </object_component>
      <object_component id="oc-94">
         <name>.text:TimerConfigure</name>
         <load_address>0xadc0</load_address>
         <run_address>0xadc0</run_address>
         <size>0x5c</size>
         <input_file_ref idref="fl-e"/>
      </object_component>
      <object_component id="oc-481">
         <name>.text:SliderPositionToValue</name>
         <load_address>0xae1c</load_address>
         <run_address>0xae1c</run_address>
         <size>0x58</size>
         <input_file_ref idref="fl-1d"/>
      </object_component>
      <object_component id="oc-a3">
         <name>.text:TimerControlTrigger</name>
         <load_address>0xae74</load_address>
         <run_address>0xae74</run_address>
         <size>0x58</size>
         <input_file_ref idref="fl-e"/>
      </object_component>
      <object_component id="oc-311">
         <name>.text:WidgetMessageSendPreOrder</name>
         <load_address>0xaecc</load_address>
         <run_address>0xaecc</run_address>
         <size>0x56</size>
         <input_file_ref idref="fl-1b"/>
      </object_component>
      <object_component id="oc-3d8">
         <name>.text:CheckBoxClick</name>
         <load_address>0xaf22</load_address>
         <run_address>0xaf22</run_address>
         <size>0x4e</size>
         <input_file_ref idref="fl-26"/>
      </object_component>
      <object_component id="oc-12b">
         <name>.text:WidgetRemove</name>
         <load_address>0xaf70</load_address>
         <run_address>0xaf70</run_address>
         <size>0x4c</size>
         <input_file_ref idref="fl-1b"/>
      </object_component>
      <object_component id="oc-278">
         <name>.text:UpdateContextCharMapping</name>
         <load_address>0xafbc</load_address>
         <run_address>0xafbc</run_address>
         <size>0x4a</size>
         <input_file_ref idref="fl-1c"/>
      </object_component>
      <object_component id="oc-10">
         <name>.text</name>
         <load_address>0xb008</load_address>
         <run_address>0xb008</run_address>
         <size>0x48</size>
         <input_file_ref idref="fl-152"/>
      </object_component>
      <object_component id="oc-28a">
         <name>.text:GrLineDrawH</name>
         <load_address>0xb050</load_address>
         <run_address>0xb050</run_address>
         <size>0x46</size>
         <input_file_ref idref="fl-21"/>
      </object_component>
      <object_component id="oc-28f">
         <name>.text:GrLineDrawV</name>
         <load_address>0xb096</load_address>
         <run_address>0xb096</run_address>
         <size>0x46</size>
         <input_file_ref idref="fl-21"/>
      </object_component>
      <object_component id="oc-bd">
         <name>.text</name>
         <load_address>0xb0dc</load_address>
         <run_address>0xb0dc</run_address>
         <size>0x44</size>
         <input_file_ref idref="fl-15d"/>
      </object_component>
      <object_component id="oc-3a">
         <name>.text</name>
         <load_address>0xb120</load_address>
         <run_address>0xb120</run_address>
         <size>0x44</size>
         <input_file_ref idref="fl-156"/>
      </object_component>
      <object_component id="oc-2be">
         <name>.text</name>
         <load_address>0xb164</load_address>
         <run_address>0xb164</run_address>
         <size>0x42</size>
         <input_file_ref idref="fl-159"/>
      </object_component>
      <object_component id="oc-71">
         <name>.text:ADCSequenceConfigure</name>
         <load_address>0xb1a6</load_address>
         <run_address>0xb1a6</run_address>
         <size>0x3e</size>
         <input_file_ref idref="fl-14"/>
      </object_component>
      <object_component id="oc-3b0">
         <name>.text:FontGlyphDataGet</name>
         <load_address>0xb1e4</load_address>
         <run_address>0xb1e4</run_address>
         <size>0x3a</size>
         <input_file_ref idref="fl-1c"/>
      </object_component>
      <object_component id="oc-4a0">
         <name>.text:GrRectOverlapCheck</name>
         <load_address>0xb21e</load_address>
         <run_address>0xb21e</run_address>
         <size>0x38</size>
         <input_file_ref idref="fl-1e"/>
      </object_component>
      <object_component id="oc-391">
         <name>.text:GrClipCodeGet</name>
         <load_address>0xb256</load_address>
         <run_address>0xb256</run_address>
         <size>0x36</size>
         <input_file_ref idref="fl-21"/>
      </object_component>
      <object_component id="oc-67">
         <name>.text:SysCtlPeripheralEnable</name>
         <load_address>0xb28c</load_address>
         <run_address>0xb28c</run_address>
         <size>0x34</size>
         <input_file_ref idref="fl-f"/>
      </object_component>
      <object_component id="oc-31c">
         <name>.text:SliderMsgProc</name>
         <load_address>0xb2c0</load_address>
         <run_address>0xb2c0</run_address>
         <size>0x2c</size>
         <input_file_ref idref="fl-1d"/>
      </object_component>
      <object_component id="oc-112">
         <name>.text:GPIODirModeSet</name>
         <load_address>0xb2ec</load_address>
         <run_address>0xb2ec</run_address>
         <size>0x2a</size>
         <input_file_ref idref="fl-11"/>
      </object_component>
      <object_component id="oc-177">
         <name>.text:GrFontBaselineGet</name>
         <load_address>0xb316</load_address>
         <run_address>0xb316</run_address>
         <size>0x2a</size>
         <input_file_ref idref="fl-1c"/>
      </object_component>
      <object_component id="oc-435">
         <name>.text:GrFontHeightGet</name>
         <load_address>0xb340</load_address>
         <run_address>0xb340</run_address>
         <size>0x2a</size>
         <input_file_ref idref="fl-1c"/>
      </object_component>
      <object_component id="oc-2a8">
         <name>.text:GrStringNextCharGet</name>
         <load_address>0xb36a</load_address>
         <run_address>0xb36a</run_address>
         <size>0x2a</size>
         <input_file_ref idref="fl-1c"/>
      </object_component>
      <object_component id="oc-209">
         <name>.text:WidgetIsInTree</name>
         <load_address>0xb394</load_address>
         <run_address>0xb394</run_address>
         <size>0x2a</size>
         <input_file_ref idref="fl-1b"/>
      </object_component>
      <object_component id="oc-2b2">
         <name>.text:GrFontInfoGet</name>
         <load_address>0xb3be</load_address>
         <run_address>0xb3be</run_address>
         <size>0x26</size>
         <input_file_ref idref="fl-1c"/>
      </object_component>
      <object_component id="oc-2e6">
         <name>.text:CheckBoxMsgProc</name>
         <load_address>0xb3e4</load_address>
         <run_address>0xb3e4</run_address>
         <size>0x24</size>
         <input_file_ref idref="fl-26"/>
      </object_component>
      <object_component id="oc-32d">
         <name>.text:RadioButtonMsgProc</name>
         <load_address>0xb408</load_address>
         <run_address>0xb408</run_address>
         <size>0x24</size>
         <input_file_ref idref="fl-1f"/>
      </object_component>
      <object_component id="oc-130">
         <name>.text:WidgetAdd</name>
         <load_address>0xb42c</load_address>
         <run_address>0xb42c</run_address>
         <size>0x24</size>
         <input_file_ref idref="fl-1b"/>
      </object_component>
      <object_component id="oc-2f3">
         <name>.text:CircularButtonMsgProc</name>
         <load_address>0xb450</load_address>
         <run_address>0xb450</run_address>
         <size>0x22</size>
         <input_file_ref idref="fl-20"/>
      </object_component>
      <object_component id="oc-2ad">
         <name>.text:GrFontGlyphDataGet</name>
         <load_address>0xb472</load_address>
         <run_address>0xb472</run_address>
         <size>0x22</size>
         <input_file_ref idref="fl-1c"/>
      </object_component>
      <object_component id="oc-26b">
         <name>.text:RectangularButtonMsgProc</name>
         <load_address>0xb494</load_address>
         <run_address>0xb494</run_address>
         <size>0x22</size>
         <input_file_ref idref="fl-20"/>
      </object_component>
      <object_component id="oc-380">
         <name>.text:GrFontCodepageGet</name>
         <load_address>0xb4b6</load_address>
         <run_address>0xb4b6</run_address>
         <size>0x1e</size>
         <input_file_ref idref="fl-1c"/>
      </object_component>
      <object_component id="oc-1d3">
         <name>.text:WidgetPointerMessage</name>
         <load_address>0xb4d4</load_address>
         <run_address>0xb4d4</run_address>
         <size>0x1c</size>
         <input_file_ref idref="fl-1b"/>
      </object_component>
      <object_component id="oc-8a">
         <name>.text:GPIOPinTypeGPIOOutput</name>
         <load_address>0xb4f0</load_address>
         <run_address>0xb4f0</run_address>
         <size>0x18</size>
         <input_file_ref idref="fl-11"/>
      </object_component>
      <object_component id="oc-35">
         <name>.text</name>
         <load_address>0xb508</load_address>
         <run_address>0xb508</run_address>
         <size>0x18</size>
         <input_file_ref idref="fl-15b"/>
      </object_component>
      <object_component id="oc-24b">
         <name>.text:CanvasMsgProc</name>
         <load_address>0xb520</load_address>
         <run_address>0xb520</run_address>
         <size>0x14</size>
         <input_file_ref idref="fl-28"/>
      </object_component>
      <object_component id="oc-366">
         <name>.text:ContainerMsgProc</name>
         <load_address>0xb534</load_address>
         <run_address>0xb534</run_address>
         <size>0x14</size>
         <input_file_ref idref="fl-24"/>
      </object_component>
      <object_component id="oc-211">
         <name>.text:WidgetMutexGet</name>
         <load_address>0xb548</load_address>
         <run_address>0xb548</run_address>
         <size>0x14</size>
         <input_file_ref idref="fl-1b"/>
      </object_component>
      <object_component id="oc-1e1">
         <name>.text</name>
         <load_address>0xb55c</load_address>
         <run_address>0xb55c</run_address>
         <size>0x14</size>
         <input_file_ref idref="fl-15a"/>
      </object_component>
      <object_component id="oc-6c">
         <name>.text:ADCHardwareOversampleConfigure</name>
         <load_address>0xb570</load_address>
         <run_address>0xb570</run_address>
         <size>0x12</size>
         <input_file_ref idref="fl-14"/>
      </object_component>
      <object_component id="oc-14d">
         <name>.text:GrStringDraw</name>
         <load_address>0xb582</load_address>
         <run_address>0xb582</run_address>
         <size>0x12</size>
         <input_file_ref idref="fl-1c"/>
      </object_component>
      <object_component id="oc-9e">
         <name>.text:TimerLoadSet</name>
         <load_address>0xb594</load_address>
         <run_address>0xb594</run_address>
         <size>0x12</size>
         <input_file_ref idref="fl-e"/>
      </object_component>
      <object_component id="oc-19">
         <name>.text:decompress:ZI</name>
         <load_address>0xb5a6</load_address>
         <run_address>0xb5a6</run_address>
         <size>0x12</size>
         <input_file_ref idref="fl-155"/>
      </object_component>
      <object_component id="oc-80">
         <name>.text:ADCIntEnable</name>
         <load_address>0xb5b8</load_address>
         <run_address>0xb5b8</run_address>
         <size>0x10</size>
         <input_file_ref idref="fl-14"/>
      </object_component>
      <object_component id="oc-198">
         <name>.text:FPUEnable</name>
         <load_address>0xb5c8</load_address>
         <run_address>0xb5c8</run_address>
         <size>0x10</size>
         <input_file_ref idref="fl-12"/>
      </object_component>
      <object_component id="oc-19d">
         <name>.text:FPULazyStackingEnable</name>
         <load_address>0xb5d8</load_address>
         <run_address>0xb5d8</run_address>
         <size>0x10</size>
         <input_file_ref idref="fl-12"/>
      </object_component>
      <object_component id="oc-1b7">
         <name>.text:uDMAEnable</name>
         <load_address>0xb5e8</load_address>
         <run_address>0xb5e8</run_address>
         <size>0x10</size>
         <input_file_ref idref="fl-d"/>
      </object_component>
      <object_component id="oc-7b">
         <name>.text:ADCSequenceEnable</name>
         <load_address>0xb5f8</load_address>
         <run_address>0xb5f8</run_address>
         <size>0xe</size>
         <input_file_ref idref="fl-14"/>
      </object_component>
      <object_component id="oc-16d">
         <name>.text:GrImageDraw</name>
         <load_address>0xb606</load_address>
         <run_address>0xb606</run_address>
         <size>0xe</size>
         <input_file_ref idref="fl-22"/>
      </object_component>
      <object_component id="oc-a8">
         <name>.text:TimerEnable</name>
         <load_address>0xb614</load_address>
         <run_address>0xb614</run_address>
         <size>0xe</size>
         <input_file_ref idref="fl-e"/>
      </object_component>
      <object_component id="oc-14">
         <name>.text:decompress:none</name>
         <load_address>0xb622</load_address>
         <run_address>0xb622</run_address>
         <size>0xe</size>
         <input_file_ref idref="fl-153"/>
      </object_component>
      <object_component id="oc-24">
         <name>.text</name>
         <load_address>0xb630</load_address>
         <run_address>0xb630</run_address>
         <size>0xc</size>
         <input_file_ref idref="fl-4"/>
      </object_component>
      <object_component id="oc-1b2">
         <name>.text:uDMAControlBaseSet</name>
         <load_address>0xb63c</load_address>
         <run_address>0xb63c</run_address>
         <size>0xc</size>
         <input_file_ref idref="fl-d"/>
      </object_component>
      <object_component id="oc-3f9">
         <name>.text:GrMapISO8859_1_Unicode</name>
         <load_address>0xb648</load_address>
         <run_address>0xb648</run_address>
         <size>0x8</size>
         <input_file_ref idref="fl-27"/>
      </object_component>
      <object_component id="oc-8f">
         <name>.text:GPIOPinWrite</name>
         <load_address>0xb650</load_address>
         <run_address>0xb650</run_address>
         <size>0x6</size>
         <input_file_ref idref="fl-11"/>
      </object_component>
      <object_component id="oc-148">
         <name>.text:GrContextFontSet</name>
         <load_address>0xb656</load_address>
         <run_address>0xb656</run_address>
         <size>0x6</size>
         <input_file_ref idref="fl-1c"/>
      </object_component>
      <object_component id="oc-1b1">
         <name>.text:SysCtlDelay</name>
         <load_address>0xb65c</load_address>
         <run_address>0xb65c</run_address>
         <size>0x6</size>
         <input_file_ref idref="fl-f"/>
      </object_component>
      <object_component id="oc-212">
         <name>.text:WidgetMutexPut</name>
         <load_address>0xb662</load_address>
         <run_address>0xb662</run_address>
         <size>0x6</size>
         <input_file_ref idref="fl-1b"/>
      </object_component>
      <object_component id="oc-1e">
         <name>.text:decompress:rle24</name>
         <load_address>0xb668</load_address>
         <run_address>0xb668</run_address>
         <size>0x6</size>
         <input_file_ref idref="fl-154"/>
      </object_component>
      <object_component id="oc-25a">
         <name>.text:WidgetDefaultMsgProc</name>
         <load_address>0xb66e</load_address>
         <run_address>0xb66e</run_address>
         <size>0x4</size>
         <input_file_ref idref="fl-1b"/>
      </object_component>
      <object_component id="oc-2d9">
         <name>.const:.string:g_pui8Cm24Data</name>
         <load_address>0x26c</load_address>
         <run_address>0x26c</run_address>
         <size>0xa60</size>
         <input_file_ref idref="fl-15"/>
      </object_component>
      <object_component id="oc-2d4">
         <name>.const:.string:g_pui8Cm22Data</name>
         <load_address>0xccc</load_address>
         <run_address>0xccc</run_address>
         <size>0x960</size>
         <input_file_ref idref="fl-16"/>
      </object_component>
      <object_component id="oc-33a">
         <name>.const:.string:g_pui8Cm20Data</name>
         <load_address>0x162c</load_address>
         <run_address>0x162c</run_address>
         <size>0x95e</size>
         <input_file_ref idref="fl-17"/>
      </object_component>
      <object_component id="oc-280">
         <name>.const:.string:g_pui8Cm18Data</name>
         <load_address>0x1f8c</load_address>
         <run_address>0x1f8c</run_address>
         <size>0x86e</size>
         <input_file_ref idref="fl-18"/>
      </object_component>
      <object_component id="oc-327">
         <name>.const:.string:g_pucRedSlider195x37</name>
         <load_address>0x27fa</load_address>
         <run_address>0x27fa</run_address>
         <size>0x83e</size>
         <input_file_ref idref="fl-5"/>
      </object_component>
      <object_component id="oc-325">
         <name>.const:.string:g_pucGreenSlider195x37</name>
         <load_address>0x3038</load_address>
         <run_address>0x3038</run_address>
         <size>0x826</size>
         <input_file_ref idref="fl-5"/>
      </object_component>
      <object_component id="oc-321">
         <name>.const:.string:g_pucGettingHotter28x148</name>
         <load_address>0x385e</load_address>
         <run_address>0x385e</run_address>
         <size>0x705</size>
         <input_file_ref idref="fl-5"/>
      </object_component>
      <object_component id="oc-2b9">
         <name>.const:.string:g_pui8Cm14Data</name>
         <load_address>0x3f64</load_address>
         <run_address>0x3f64</run_address>
         <size>0x65a</size>
         <input_file_ref idref="fl-19"/>
      </object_component>
      <object_component id="oc-2e1">
         <name>.const:.string:g_pui8Cm12Data</name>
         <load_address>0x45c0</load_address>
         <run_address>0x45c0</run_address>
         <size>0x55f</size>
         <input_file_ref idref="fl-1a"/>
      </object_component>
      <object_component id="oc-323">
         <name>.const:.string:g_pucGettingHotter28x148Mono</name>
         <load_address>0x4b1f</load_address>
         <run_address>0x4b1f</run_address>
         <size>0x3ad</size>
         <input_file_ref idref="fl-5"/>
      </object_component>
      <object_component id="oc-187">
         <name>.const:.string:g_pucLogo</name>
         <load_address>0x4ecc</load_address>
         <run_address>0x4ecc</run_address>
         <size>0x230</size>
         <input_file_ref idref="fl-5"/>
      </object_component>
      <object_component id="oc-270">
         <name>.const:.string:g_pucBlue50x50</name>
         <load_address>0x50fc</load_address>
         <run_address>0x50fc</run_address>
         <size>0x210</size>
         <input_file_ref idref="fl-5"/>
      </object_component>
      <object_component id="oc-272">
         <name>.const:.string:g_pucBlue50x50Press</name>
         <load_address>0x530c</load_address>
         <run_address>0x530c</run_address>
         <size>0x20e</size>
         <input_file_ref idref="fl-5"/>
      </object_component>
      <object_component id="oc-268">
         <name>.const:.string</name>
         <load_address>0x551c</load_address>
         <run_address>0x551c</run_address>
         <size>0x17a</size>
         <input_file_ref idref="fl-6"/>
      </object_component>
      <object_component id="oc-191">
         <name>.const:.string:g_pucLightOff</name>
         <load_address>0x5696</load_address>
         <run_address>0x5696</run_address>
         <size>0xf5</size>
         <input_file_ref idref="fl-5"/>
      </object_component>
      <object_component id="oc-18f">
         <name>.const:.string:g_pucLightOn</name>
         <load_address>0x578b</load_address>
         <run_address>0x578b</run_address>
         <size>0xe6</size>
         <input_file_ref idref="fl-5"/>
      </object_component>
      <object_component id="oc-189">
         <name>.const:g_sFontCm12</name>
         <load_address>0x5874</load_address>
         <run_address>0x5874</run_address>
         <size>0xc8</size>
         <input_file_ref idref="fl-1a"/>
      </object_component>
      <object_component id="oc-17c">
         <name>.const:g_sFontCm14</name>
         <load_address>0x593c</load_address>
         <run_address>0x593c</run_address>
         <size>0xc8</size>
         <input_file_ref idref="fl-19"/>
      </object_component>
      <object_component id="oc-152">
         <name>.const:g_sFontCm18</name>
         <load_address>0x5a04</load_address>
         <run_address>0x5a04</run_address>
         <size>0xc8</size>
         <input_file_ref idref="fl-18"/>
      </object_component>
      <object_component id="oc-1cf">
         <name>.const:g_sFontCm20</name>
         <load_address>0x5acc</load_address>
         <run_address>0x5acc</run_address>
         <size>0xc8</size>
         <input_file_ref idref="fl-17"/>
      </object_component>
      <object_component id="oc-183">
         <name>.const:g_sFontCm22</name>
         <load_address>0x5b94</load_address>
         <run_address>0x5b94</run_address>
         <size>0xc8</size>
         <input_file_ref idref="fl-16"/>
      </object_component>
      <object_component id="oc-185">
         <name>.const:g_sFontCm24</name>
         <load_address>0x5c5c</load_address>
         <run_address>0x5c5c</run_address>
         <size>0xc8</size>
         <input_file_ref idref="fl-15"/>
      </object_component>
      <object_component id="oc-109">
         <name>.const</name>
         <load_address>0x5d24</load_address>
         <run_address>0x5d24</run_address>
         <size>0x70</size>
         <input_file_ref idref="fl-10"/>
      </object_component>
      <object_component id="oc-11c">
         <name>.const:g_pui32Xtals</name>
         <load_address>0x5d94</load_address>
         <run_address>0x5d94</run_address>
         <size>0x6c</size>
         <input_file_ref idref="fl-f"/>
      </object_component>
      <object_component id="oc-b1">
         <name>.const:g_lTouchParameters</name>
         <load_address>0x5e00</load_address>
         <run_address>0x5e00</run_address>
         <size>0x38</size>
         <input_file_ref idref="fl-3"/>
      </object_component>
      <object_component id="oc-2c4">
         <name>.const:g_psDaysToMonth</name>
         <load_address>0x5e38</load_address>
         <run_address>0x5e38</run_address>
         <size>0x30</size>
         <input_file_ref idref="fl-2"/>
      </object_component>
      <object_component id="oc-1cd">
         <name>.const:g_sKentec320x240x16_SSD2119</name>
         <load_address>0x5e68</load_address>
         <run_address>0x5e68</run_address>
         <size>0x28</size>
         <input_file_ref idref="fl-7"/>
      </object_component>
      <object_component id="oc-2c2">
         <name>.const</name>
         <load_address>0x5e90</load_address>
         <run_address>0x5e90</run_address>
         <size>0x1c</size>
         <input_file_ref idref="fl-2"/>
      </object_component>
      <object_component id="oc-3bc">
         <name>.const:.string</name>
         <load_address>0x5eac</load_address>
         <run_address>0x5eac</run_address>
         <size>0x12</size>
         <input_file_ref idref="fl-2"/>
      </object_component>
      <object_component id="oc-308">
         <name>.const</name>
         <load_address>0x5ec0</load_address>
         <run_address>0x5ec0</run_address>
         <size>0x10</size>
         <input_file_ref idref="fl-23"/>
      </object_component>
      <object_component id="oc-4c5">
         <name>.cinit..data.load</name>
         <load_address>0xb678</load_address>
         <run_address>0xb678</run_address>
         <size>0xba9</size>
      </object_component>
      <object_component id="oc-4c3">
         <name>__TI_handler_table</name>
         <load_address>0xc224</load_address>
         <run_address>0xc224</run_address>
         <size>0xc</size>
      </object_component>
      <object_component id="oc-4c6">
         <name>.cinit..bss.load</name>
         <load_address>0xc230</load_address>
         <run_address>0xc230</run_address>
         <size>0x8</size>
      </object_component>
      <object_component id="oc-4c4">
         <name>__TI_cinit_table</name>
         <load_address>0xc238</load_address>
         <run_address>0xc238</run_address>
         <size>0x10</size>
      </object_component>
      <object_component id="oc-3f">
         <name>.data</name>
         <load_address>0x200010ec</load_address>
         <run_address>0x200010ec</run_address>
         <size>0x4</size>
         <input_file_ref idref="fl-158"/>
      </object_component>
      <object_component id="oc-65">
         <name>.data</name>
         <load_address>0x200010f0</load_address>
         <run_address>0x200010f0</run_address>
         <size>0x4</size>
         <input_file_ref idref="fl-3"/>
      </object_component>
      <object_component id="oc-cf">
         <name>.data</name>
         <load_address>0x200010dc</load_address>
         <run_address>0x200010dc</run_address>
         <size>0x8</size>
         <input_file_ref idref="fl-15a"/>
      </object_component>
      <object_component id="oc-d1">
         <name>.data</name>
         <load_address>0x200010e4</load_address>
         <run_address>0x200010e4</run_address>
         <size>0x8</size>
         <input_file_ref idref="fl-156"/>
      </object_component>
      <object_component id="oc-13c">
         <name>.data:g_psPanels</name>
         <load_address>0x200004a8</load_address>
         <run_address>0x200004a8</run_address>
         <size>0x200</size>
         <input_file_ref idref="fl-6"/>
      </object_component>
      <object_component id="oc-13e">
         <name>.data</name>
         <load_address>0x20001080</load_address>
         <run_address>0x20001080</run_address>
         <size>0x2d</size>
         <input_file_ref idref="fl-1b"/>
      </object_component>
      <object_component id="oc-140">
         <name>.data:g_sTitle</name>
         <load_address>0x20000f98</load_address>
         <run_address>0x20000f98</run_address>
         <size>0x40</size>
         <input_file_ref idref="fl-6"/>
      </object_component>
      <object_component id="oc-142">
         <name>.data:g_pcPanelNames</name>
         <load_address>0x200010b0</load_address>
         <run_address>0x200010b0</run_address>
         <size>0x24</size>
         <input_file_ref idref="fl-6"/>
      </object_component>
      <object_component id="oc-144">
         <name>.data:g_sPrevious</name>
         <load_address>0x20000dc8</load_address>
         <run_address>0x20000dc8</run_address>
         <size>0x50</size>
         <input_file_ref idref="fl-6"/>
      </object_component>
      <object_component id="oc-146">
         <name>.data:g_sNext</name>
         <load_address>0x20000d78</load_address>
         <run_address>0x20000d78</run_address>
         <size>0x50</size>
         <input_file_ref idref="fl-6"/>
      </object_component>
      <object_component id="oc-18b">
         <name>.data:g_psCheckBoxes</name>
         <load_address>0x20000ac8</load_address>
         <run_address>0x20000ac8</run_address>
         <size>0xc0</size>
         <input_file_ref idref="fl-6"/>
      </object_component>
      <object_component id="oc-18d">
         <name>.data:g_psCheckBoxIndicators</name>
         <load_address>0x20000a08</load_address>
         <run_address>0x20000a08</run_address>
         <size>0xc0</size>
         <input_file_ref idref="fl-6"/>
      </object_component>
      <object_component id="oc-193">
         <name>.data:g_psPushButtons</name>
         <load_address>0x200006a8</load_address>
         <run_address>0x200006a8</run_address>
         <size>0x1e0</size>
         <input_file_ref idref="fl-6"/>
      </object_component>
      <object_component id="oc-196">
         <name>.data:g_psPushButtonIndicators</name>
         <load_address>0x20000000</load_address>
         <run_address>0x20000000</run_address>
         <size>0x280</size>
         <input_file_ref idref="fl-6"/>
      </object_component>
      <object_component id="oc-1c1">
         <name>.data:g_psSliders</name>
         <load_address>0x20000280</load_address>
         <run_address>0x20000280</run_address>
         <size>0x228</size>
         <input_file_ref idref="fl-6"/>
      </object_component>
      <object_component id="oc-1c4">
         <name>.data:g_sSliderValueCanvas</name>
         <load_address>0x20000f58</load_address>
         <run_address>0x20000f58</run_address>
         <size>0x40</size>
         <input_file_ref idref="fl-6"/>
      </object_component>
      <object_component id="oc-1c7">
         <name>.data:g_psRadioButtons1</name>
         <load_address>0x20000b88</load_address>
         <run_address>0x20000b88</run_address>
         <size>0xc0</size>
         <input_file_ref idref="fl-6"/>
      </object_component>
      <object_component id="oc-1c9">
         <name>.data:g_psRadioButtons2</name>
         <load_address>0x20000c48</load_address>
         <run_address>0x20000c48</run_address>
         <size>0xc0</size>
         <input_file_ref idref="fl-6"/>
      </object_component>
      <object_component id="oc-1cb">
         <name>.data:g_psRadioButtonIndicators</name>
         <load_address>0x20000888</load_address>
         <run_address>0x20000888</run_address>
         <size>0x180</size>
         <input_file_ref idref="fl-6"/>
      </object_component>
      <object_component id="oc-249">
         <name>.data:g_sIntroduction</name>
         <load_address>0x20000ed8</load_address>
         <run_address>0x20000ed8</run_address>
         <size>0x40</size>
         <input_file_ref idref="fl-6"/>
      </object_component>
      <object_component id="oc-250">
         <name>.data:g_sPrimitives</name>
         <load_address>0x20000f18</load_address>
         <run_address>0x20000f18</run_address>
         <size>0x40</size>
         <input_file_ref idref="fl-6"/>
      </object_component>
      <object_component id="oc-252">
         <name>.data:g_sCanvas1</name>
         <load_address>0x20000e18</load_address>
         <run_address>0x20000e18</run_address>
         <size>0x40</size>
         <input_file_ref idref="fl-6"/>
      </object_component>
      <object_component id="oc-254">
         <name>.data:g_sContainer1</name>
         <load_address>0x20000fd8</load_address>
         <run_address>0x20000fd8</run_address>
         <size>0x38</size>
         <input_file_ref idref="fl-6"/>
      </object_component>
      <object_component id="oc-256">
         <name>.data:g_psRadioContainers</name>
         <load_address>0x20000d08</load_address>
         <run_address>0x20000d08</run_address>
         <size>0x70</size>
         <input_file_ref idref="fl-6"/>
      </object_component>
      <object_component id="oc-2c6">
         <name>.data</name>
         <load_address>0x200010f4</load_address>
         <run_address>0x200010f4</run_address>
         <size>0x4</size>
         <input_file_ref idref="fl-2"/>
      </object_component>
      <object_component id="oc-2ff">
         <name>.data</name>
         <load_address>0x200010d4</load_address>
         <run_address>0x200010d4</run_address>
         <size>0x8</size>
         <input_file_ref idref="fl-7"/>
      </object_component>
      <object_component id="oc-360">
         <name>.data:g_sCanvas2</name>
         <load_address>0x20000e58</load_address>
         <run_address>0x20000e58</run_address>
         <size>0x40</size>
         <input_file_ref idref="fl-6"/>
      </object_component>
      <object_component id="oc-364">
         <name>.data:g_sContainer2</name>
         <load_address>0x20001010</load_address>
         <run_address>0x20001010</run_address>
         <size>0x38</size>
         <input_file_ref idref="fl-6"/>
      </object_component>
      <object_component id="oc-442">
         <name>.data:g_sCanvas3</name>
         <load_address>0x20000e98</load_address>
         <run_address>0x20000e98</run_address>
         <size>0x40</size>
         <input_file_ref idref="fl-6"/>
      </object_component>
      <object_component id="oc-446">
         <name>.data:g_sContainer3</name>
         <load_address>0x20001048</load_address>
         <run_address>0x20001048</run_address>
         <size>0x38</size>
         <input_file_ref idref="fl-6"/>
      </object_component>
      <object_component id="oc-1d1">
         <name>.bss:sDMAControlTable</name>
         <uninitialized>true</uninitialized>
         <run_address>0x20001400</run_address>
         <size>0x400</size>
         <input_file_ref idref="fl-6"/>
      </object_component>
      <object_component id="oc-217">
         <name>.bss:g_psMQ</name>
         <uninitialized>true</uninitialized>
         <run_address>0x20001800</run_address>
         <size>0x140</size>
         <input_file_ref idref="fl-1b"/>
      </object_component>
      <object_component id="oc-30a">
         <name>.bss</name>
         <uninitialized>true</uninitialized>
         <run_address>0x20001980</run_address>
         <size>0x4</size>
         <input_file_ref idref="fl-23"/>
      </object_component>
      <object_component id="oc-3a5">
         <name>.bss</name>
         <uninitialized>true</uninitialized>
         <run_address>0x20001940</run_address>
         <size>0x20</size>
         <input_file_ref idref="fl-22"/>
      </object_component>
      <object_component id="oc-b0">
         <name>.common:g_ulTSState</name>
         <uninitialized>true</uninitialized>
         <run_address>0x20001994</run_address>
         <size>0x4</size>
      </object_component>
      <object_component id="oc-b4">
         <name>.common:g_pfnTSHandler</name>
         <uninitialized>true</uninitialized>
         <run_address>0x20001984</run_address>
         <size>0x4</size>
      </object_component>
      <object_component id="oc-af">
         <name>.common:g_psSamples</name>
         <uninitialized>true</uninitialized>
         <run_address>0x20001960</run_address>
         <size>0x10</size>
      </object_component>
      <object_component id="oc-b3">
         <name>.common:g_plParmSet</name>
         <uninitialized>true</uninitialized>
         <run_address>0x20001988</run_address>
         <size>0x4</size>
      </object_component>
      <object_component id="oc-61">
         <name>.common:g_sTouchX</name>
         <uninitialized>true</uninitialized>
         <run_address>0x20001998</run_address>
         <size>0x2</size>
      </object_component>
      <object_component id="oc-63">
         <name>.common:g_sTouchY</name>
         <uninitialized>true</uninitialized>
         <run_address>0x2000199a</run_address>
         <size>0x2</size>
      </object_component>
      <object_component id="oc-1c3">
         <name>.common:pcCanvasText$1</name>
         <uninitialized>true</uninitialized>
         <run_address>0x20001970</run_address>
         <size>0x8</size>
      </object_component>
      <object_component id="oc-1c6">
         <name>.common:pcSliderText$2</name>
         <uninitialized>true</uninitialized>
         <run_address>0x20001978</run_address>
         <size>0x8</size>
      </object_component>
      <object_component id="oc-195">
         <name>.common:g_ulButtonState</name>
         <uninitialized>true</uninitialized>
         <run_address>0x2000198c</run_address>
         <size>0x4</size>
      </object_component>
      <object_component id="oc-1d8">
         <name>.common:g_ulPanel</name>
         <uninitialized>true</uninitialized>
         <run_address>0x20001990</run_address>
         <size>0x4</size>
      </object_component>
      <object_component id="oc-23">
         <name>.stack</name>
         <uninitialized>true</uninitialized>
         <run_address>0x2000199c</run_address>
         <size>0x0</size>
         <input_file_ref idref="fl-152"/>
      </object_component>
      <object_component id="oc-4c7">
         <name>.stack</name>
         <uninitialized>true</uninitialized>
         <run_address>0x2000199c</run_address>
         <size>0x0</size>
      </object_component>
      <object_component id="oc-f">
         <name>.debug_info</name>
         <load_address>0x0</load_address>
         <run_address>0x0</run_address>
         <size>0xe6</size>
         <input_file_ref idref="fl-4"/>
      </object_component>
      <object_component id="oc-12">
         <name>.debug_info</name>
         <load_address>0xe6</load_address>
         <run_address>0xe6</run_address>
         <size>0xf3</size>
         <input_file_ref idref="fl-152"/>
      </object_component>
      <object_component id="oc-17">
         <name>.debug_info</name>
         <load_address>0x1d9</load_address>
         <run_address>0x1d9</run_address>
         <size>0x194</size>
         <input_file_ref idref="fl-153"/>
      </object_component>
      <object_component id="oc-1a">
         <name>.debug_info</name>
         <load_address>0x36d</load_address>
         <run_address>0x36d</run_address>
         <size>0x16a</size>
         <input_file_ref idref="fl-155"/>
      </object_component>
      <object_component id="oc-1f">
         <name>.debug_info</name>
         <load_address>0x4d7</load_address>
         <run_address>0x4d7</run_address>
         <size>0x18e</size>
         <input_file_ref idref="fl-154"/>
      </object_component>
      <object_component id="oc-25">
         <name>.debug_info</name>
         <load_address>0x665</load_address>
         <run_address>0x665</run_address>
         <size>0x262</size>
         <input_file_ref idref="fl-4"/>
      </object_component>
      <object_component id="oc-2a">
         <name>.debug_info</name>
         <load_address>0x8c7</load_address>
         <run_address>0x8c7</run_address>
         <size>0x4a1</size>
         <input_file_ref idref="fl-3"/>
      </object_component>
      <object_component id="oc-30">
         <name>.debug_info</name>
         <load_address>0xd68</load_address>
         <run_address>0xd68</run_address>
         <size>0x12d</size>
         <input_file_ref idref="fl-4"/>
      </object_component>
      <object_component id="oc-33">
         <name>.debug_info</name>
         <load_address>0xe95</load_address>
         <run_address>0xe95</run_address>
         <size>0x13d</size>
         <input_file_ref idref="fl-15c"/>
      </object_component>
      <object_component id="oc-36">
         <name>.debug_info</name>
         <load_address>0xfd2</load_address>
         <run_address>0xfd2</run_address>
         <size>0x11c</size>
         <input_file_ref idref="fl-15b"/>
      </object_component>
      <object_component id="oc-3b">
         <name>.debug_info</name>
         <load_address>0x10ee</load_address>
         <run_address>0x10ee</run_address>
         <size>0x1c2</size>
         <input_file_ref idref="fl-156"/>
      </object_component>
      <object_component id="oc-40">
         <name>.debug_info</name>
         <load_address>0x12b0</load_address>
         <run_address>0x12b0</run_address>
         <size>0xbe</size>
         <input_file_ref idref="fl-158"/>
      </object_component>
      <object_component id="oc-44">
         <name>.debug_info</name>
         <load_address>0x136e</load_address>
         <run_address>0x136e</run_address>
         <size>0xcc</size>
         <input_file_ref idref="fl-157"/>
      </object_component>
      <object_component id="oc-47">
         <name>.debug_info</name>
         <load_address>0x143a</load_address>
         <run_address>0x143a</run_address>
         <size>0x46</size>
         <input_file_ref idref="fl-153"/>
      </object_component>
      <object_component id="oc-4c">
         <name>.debug_info</name>
         <load_address>0x1480</load_address>
         <run_address>0x1480</run_address>
         <size>0xf2</size>
         <input_file_ref idref="fl-153"/>
      </object_component>
      <object_component id="oc-4e">
         <name>.debug_info</name>
         <load_address>0x1572</load_address>
         <run_address>0x1572</run_address>
         <size>0x46</size>
         <input_file_ref idref="fl-155"/>
      </object_component>
      <object_component id="oc-53">
         <name>.debug_info</name>
         <load_address>0x15b8</load_address>
         <run_address>0x15b8</run_address>
         <size>0xad</size>
         <input_file_ref idref="fl-155"/>
      </object_component>
      <object_component id="oc-55">
         <name>.debug_info</name>
         <load_address>0x1665</load_address>
         <run_address>0x1665</run_address>
         <size>0x1ef</size>
         <input_file_ref idref="fl-154"/>
      </object_component>
      <object_component id="oc-5a">
         <name>.debug_info</name>
         <load_address>0x1854</load_address>
         <run_address>0x1854</run_address>
         <size>0xb7</size>
         <input_file_ref idref="fl-154"/>
      </object_component>
      <object_component id="oc-5b">
         <name>.debug_info</name>
         <load_address>0x190b</load_address>
         <run_address>0x190b</run_address>
         <size>0x39</size>
         <input_file_ref idref="fl-154"/>
      </object_component>
      <object_component id="oc-62">
         <name>.debug_info</name>
         <load_address>0x1944</load_address>
         <run_address>0x1944</run_address>
         <size>0x76b</size>
         <input_file_ref idref="fl-3"/>
      </object_component>
      <object_component id="oc-66">
         <name>.debug_info</name>
         <load_address>0x20af</load_address>
         <run_address>0x20af</run_address>
         <size>0x112</size>
         <input_file_ref idref="fl-3"/>
      </object_component>
      <object_component id="oc-68">
         <name>.debug_info</name>
         <load_address>0x21c1</load_address>
         <run_address>0x21c1</run_address>
         <size>0x1e1</size>
         <input_file_ref idref="fl-f"/>
      </object_component>
      <object_component id="oc-6d">
         <name>.debug_info</name>
         <load_address>0x23a2</load_address>
         <run_address>0x23a2</run_address>
         <size>0x2b4</size>
         <input_file_ref idref="fl-14"/>
      </object_component>
      <object_component id="oc-73">
         <name>.debug_info</name>
         <load_address>0x2656</load_address>
         <run_address>0x2656</run_address>
         <size>0x28a</size>
         <input_file_ref idref="fl-14"/>
      </object_component>
      <object_component id="oc-78">
         <name>.debug_info</name>
         <load_address>0x28e0</load_address>
         <run_address>0x28e0</run_address>
         <size>0x297</size>
         <input_file_ref idref="fl-14"/>
      </object_component>
      <object_component id="oc-7d">
         <name>.debug_info</name>
         <load_address>0x2b77</load_address>
         <run_address>0x2b77</run_address>
         <size>0x204</size>
         <input_file_ref idref="fl-14"/>
      </object_component>
      <object_component id="oc-82">
         <name>.debug_info</name>
         <load_address>0x2d7b</load_address>
         <run_address>0x2d7b</run_address>
         <size>0x1fa</size>
         <input_file_ref idref="fl-14"/>
      </object_component>
      <object_component id="oc-86">
         <name>.debug_info</name>
         <load_address>0x2f75</load_address>
         <run_address>0x2f75</run_address>
         <size>0x1cc</size>
         <input_file_ref idref="fl-10"/>
      </object_component>
      <object_component id="oc-8b">
         <name>.debug_info</name>
         <load_address>0x3141</load_address>
         <run_address>0x3141</run_address>
         <size>0x1eb</size>
         <input_file_ref idref="fl-11"/>
      </object_component>
      <object_component id="oc-90">
         <name>.debug_info</name>
         <load_address>0x332c</load_address>
         <run_address>0x332c</run_address>
         <size>0x207</size>
         <input_file_ref idref="fl-11"/>
      </object_component>
      <object_component id="oc-95">
         <name>.debug_info</name>
         <load_address>0x3533</load_address>
         <run_address>0x3533</run_address>
         <size>0x1f0</size>
         <input_file_ref idref="fl-e"/>
      </object_component>
      <object_component id="oc-9a">
         <name>.debug_info</name>
         <load_address>0x3723</load_address>
         <run_address>0x3723</run_address>
         <size>0x219</size>
         <input_file_ref idref="fl-f"/>
      </object_component>
      <object_component id="oc-9f">
         <name>.debug_info</name>
         <load_address>0x393c</load_address>
         <run_address>0x393c</run_address>
         <size>0x21e</size>
         <input_file_ref idref="fl-e"/>
      </object_component>
      <object_component id="oc-a4">
         <name>.debug_info</name>
         <load_address>0x3b5a</load_address>
         <run_address>0x3b5a</run_address>
         <size>0x23b</size>
         <input_file_ref idref="fl-e"/>
      </object_component>
      <object_component id="oc-a9">
         <name>.debug_info</name>
         <load_address>0x3d95</load_address>
         <run_address>0x3d95</run_address>
         <size>0x1e3</size>
         <input_file_ref idref="fl-e"/>
      </object_component>
      <object_component id="oc-b2">
         <name>.debug_info</name>
         <load_address>0x3f78</load_address>
         <run_address>0x3f78</run_address>
         <size>0xdf</size>
         <input_file_ref idref="fl-3"/>
      </object_component>
      <object_component id="oc-b6">
         <name>.debug_info</name>
         <load_address>0x4057</load_address>
         <run_address>0x4057</run_address>
         <size>0x18b</size>
         <input_file_ref idref="fl-2"/>
      </object_component>
      <object_component id="oc-be">
         <name>.debug_info</name>
         <load_address>0x41e2</load_address>
         <run_address>0x41e2</run_address>
         <size>0x14b</size>
         <input_file_ref idref="fl-15d"/>
      </object_component>
      <object_component id="oc-c4">
         <name>.debug_info</name>
         <load_address>0x432d</load_address>
         <run_address>0x432d</run_address>
         <size>0x12e7</size>
         <input_file_ref idref="fl-6"/>
      </object_component>
      <object_component id="oc-c9">
         <name>.debug_info</name>
         <load_address>0x5614</load_address>
         <run_address>0x5614</run_address>
         <size>0x84</size>
         <input_file_ref idref="fl-2"/>
      </object_component>
      <object_component id="oc-ce">
         <name>.debug_info</name>
         <load_address>0x5698</load_address>
         <run_address>0x5698</run_address>
         <size>0x11b</size>
         <input_file_ref idref="fl-15b"/>
      </object_component>
      <object_component id="oc-d0">
         <name>.debug_info</name>
         <load_address>0x57b3</load_address>
         <run_address>0x57b3</run_address>
         <size>0xc8</size>
         <input_file_ref idref="fl-15a"/>
      </object_component>
      <object_component id="oc-d2">
         <name>.debug_info</name>
         <load_address>0x587b</load_address>
         <run_address>0x587b</run_address>
         <size>0xeb</size>
         <input_file_ref idref="fl-156"/>
      </object_component>
      <object_component id="oc-d4">
         <name>.debug_info</name>
         <load_address>0x5966</load_address>
         <run_address>0x5966</run_address>
         <size>0x146</size>
         <input_file_ref idref="fl-156"/>
      </object_component>
      <object_component id="oc-d8">
         <name>.debug_info</name>
         <load_address>0x5aac</load_address>
         <run_address>0x5aac</run_address>
         <size>0x2c</size>
         <input_file_ref idref="fl-153"/>
      </object_component>
      <object_component id="oc-df">
         <name>.debug_info</name>
         <load_address>0x5ad8</load_address>
         <run_address>0x5ad8</run_address>
         <size>0x2c</size>
         <input_file_ref idref="fl-155"/>
      </object_component>
      <object_component id="oc-eb">
         <name>.debug_info</name>
         <load_address>0x5b04</load_address>
         <run_address>0x5b04</run_address>
         <size>0x6bd</size>
         <input_file_ref idref="fl-3"/>
      </object_component>
      <object_component id="oc-f0">
         <name>.debug_info</name>
         <load_address>0x61c1</load_address>
         <run_address>0x61c1</run_address>
         <size>0xc6</size>
         <input_file_ref idref="fl-3"/>
      </object_component>
      <object_component id="oc-f5">
         <name>.debug_info</name>
         <load_address>0x6287</load_address>
         <run_address>0x6287</run_address>
         <size>0x2c</size>
         <input_file_ref idref="fl-3"/>
      </object_component>
      <object_component id="oc-fd">
         <name>.debug_info</name>
         <load_address>0x62b3</load_address>
         <run_address>0x62b3</run_address>
         <size>0x18b</size>
         <input_file_ref idref="fl-d"/>
      </object_component>
      <object_component id="oc-102">
         <name>.debug_info</name>
         <load_address>0x643e</load_address>
         <run_address>0x643e</run_address>
         <size>0x226</size>
         <input_file_ref idref="fl-f"/>
      </object_component>
      <object_component id="oc-104">
         <name>.debug_info</name>
         <load_address>0x6664</load_address>
         <run_address>0x6664</run_address>
         <size>0x1a8</size>
         <input_file_ref idref="fl-14"/>
      </object_component>
      <object_component id="oc-10a">
         <name>.debug_info</name>
         <load_address>0x680c</load_address>
         <run_address>0x680c</run_address>
         <size>0x1c2</size>
         <input_file_ref idref="fl-10"/>
      </object_component>
      <object_component id="oc-10c">
         <name>.debug_info</name>
         <load_address>0x69ce</load_address>
         <run_address>0x69ce</run_address>
         <size>0x1ba</size>
         <input_file_ref idref="fl-10"/>
      </object_component>
      <object_component id="oc-10e">
         <name>.debug_info</name>
         <load_address>0x6b88</load_address>
         <run_address>0x6b88</run_address>
         <size>0x312</size>
         <input_file_ref idref="fl-11"/>
      </object_component>
      <object_component id="oc-113">
         <name>.debug_info</name>
         <load_address>0x6e9a</load_address>
         <run_address>0x6e9a</run_address>
         <size>0x217</size>
         <input_file_ref idref="fl-11"/>
      </object_component>
      <object_component id="oc-119">
         <name>.debug_info</name>
         <load_address>0x70b1</load_address>
         <run_address>0x70b1</run_address>
         <size>0x1d7</size>
         <input_file_ref idref="fl-11"/>
      </object_component>
      <object_component id="oc-11b">
         <name>.debug_info</name>
         <load_address>0x7288</load_address>
         <run_address>0x7288</run_address>
         <size>0x1cf</size>
         <input_file_ref idref="fl-e"/>
      </object_component>
      <object_component id="oc-11d">
         <name>.debug_info</name>
         <load_address>0x7457</load_address>
         <run_address>0x7457</run_address>
         <size>0xff</size>
         <input_file_ref idref="fl-f"/>
      </object_component>
      <object_component id="oc-121">
         <name>.debug_info</name>
         <load_address>0x7556</load_address>
         <run_address>0x7556</run_address>
         <size>0x90</size>
         <input_file_ref idref="fl-d"/>
      </object_component>
      <object_component id="oc-12a">
         <name>.debug_info</name>
         <load_address>0x75e6</load_address>
         <run_address>0x75e6</run_address>
         <size>0x148</size>
         <input_file_ref idref="fl-15d"/>
      </object_component>
      <object_component id="oc-12c">
         <name>.debug_info</name>
         <load_address>0x772e</load_address>
         <run_address>0x772e</run_address>
         <size>0x271</size>
         <input_file_ref idref="fl-1b"/>
      </object_component>
      <object_component id="oc-131">
         <name>.debug_info</name>
         <load_address>0x799f</load_address>
         <run_address>0x799f</run_address>
         <size>0x287</size>
         <input_file_ref idref="fl-1b"/>
      </object_component>
      <object_component id="oc-136">
         <name>.debug_info</name>
         <load_address>0x7c26</load_address>
         <run_address>0x7c26</run_address>
         <size>0x32a</size>
         <input_file_ref idref="fl-1b"/>
      </object_component>
      <object_component id="oc-13b">
         <name>.debug_info</name>
         <load_address>0x7f50</load_address>
         <run_address>0x7f50</run_address>
         <size>0xf4b</size>
         <input_file_ref idref="fl-6"/>
      </object_component>
      <object_component id="oc-13d">
         <name>.debug_info</name>
         <load_address>0x8e9b</load_address>
         <run_address>0x8e9b</run_address>
         <size>0xd5</size>
         <input_file_ref idref="fl-6"/>
      </object_component>
      <object_component id="oc-13f">
         <name>.debug_info</name>
         <load_address>0x8f70</load_address>
         <run_address>0x8f70</run_address>
         <size>0x19a</size>
         <input_file_ref idref="fl-1b"/>
      </object_component>
      <object_component id="oc-141">
         <name>.debug_info</name>
         <load_address>0x910a</load_address>
         <run_address>0x910a</run_address>
         <size>0xd1</size>
         <input_file_ref idref="fl-6"/>
      </object_component>
      <object_component id="oc-143">
         <name>.debug_info</name>
         <load_address>0x91db</load_address>
         <run_address>0x91db</run_address>
         <size>0xdd</size>
         <input_file_ref idref="fl-6"/>
      </object_component>
      <object_component id="oc-145">
         <name>.debug_info</name>
         <load_address>0x92b8</load_address>
         <run_address>0x92b8</run_address>
         <size>0xd7</size>
         <input_file_ref idref="fl-6"/>
      </object_component>
      <object_component id="oc-147">
         <name>.debug_info</name>
         <load_address>0x938f</load_address>
         <run_address>0x938f</run_address>
         <size>0xcf</size>
         <input_file_ref idref="fl-6"/>
      </object_component>
      <object_component id="oc-149">
         <name>.debug_info</name>
         <load_address>0x945e</load_address>
         <run_address>0x945e</run_address>
         <size>0x1f1</size>
         <input_file_ref idref="fl-1c"/>
      </object_component>
      <object_component id="oc-14e">
         <name>.debug_info</name>
         <load_address>0x964f</load_address>
         <run_address>0x964f</run_address>
         <size>0x21b</size>
         <input_file_ref idref="fl-1c"/>
      </object_component>
      <object_component id="oc-153">
         <name>.debug_info</name>
         <load_address>0x986a</load_address>
         <run_address>0x986a</run_address>
         <size>0xfe</size>
         <input_file_ref idref="fl-18"/>
      </object_component>
      <object_component id="oc-155">
         <name>.debug_info</name>
         <load_address>0x9968</load_address>
         <run_address>0x9968</run_address>
         <size>0x3df</size>
         <input_file_ref idref="fl-21"/>
      </object_component>
      <object_component id="oc-15b">
         <name>.debug_info</name>
         <load_address>0x9d47</load_address>
         <run_address>0x9d47</run_address>
         <size>0x4ae</size>
         <input_file_ref idref="fl-25"/>
      </object_component>
      <object_component id="oc-161">
         <name>.debug_info</name>
         <load_address>0xa1f5</load_address>
         <run_address>0xa1f5</run_address>
         <size>0x4e5</size>
         <input_file_ref idref="fl-25"/>
      </object_component>
      <object_component id="oc-164">
         <name>.debug_info</name>
         <load_address>0xa6da</load_address>
[...]
      </symbol>
      <symbol id="sm-326">
         <name>g_sIntroduction</name>
         <value>0x20000ed8</value>
         <object_component_ref idref="oc-249"/>
      </symbol>
      <symbol id="sm-327">
         <name>main</name>
         <value>0x7525</value>
         <object_component_ref idref="oc-c3"/>
      </symbol>
      <symbol id="sm-328">
         <name>g_psRadioContainers</name>
         <value>0x20000d08</value>
         <object_component_ref idref="oc-256"/>
      </symbol>
      <symbol id="sm-329">
         <name>OnCheckChange</name>
         <value>0x7299</value>
         <object_component_ref idref="oc-c3"/>
      </symbol>
      <symbol id="sm-32a">
         <name>OnRadioChange</name>
         <value>0x7469</value>
         <object_component_ref idref="oc-c3"/>
      </symbol>
      <symbol id="sm-32b">
         <name>OnIntroPaint</name>
         <value>0x6d89</value>
         <object_component_ref idref="oc-c3"/>
      </symbol>
      <symbol id="sm-32c">
         <name>OnPrimitivePaint</name>
         <value>0x6fad</value>
         <object_component_ref idref="oc-c3"/>
      </symbol>
      <symbol id="sm-32d">
         <name>g_psPanels</name>
         <value>0x200004a8</value>
         <object_component_ref idref="oc-13c"/>
      </symbol>
      <symbol id="sm-32e">
         <name>g_sNext</name>
         <value>0x20000d78</value>
         <object_component_ref idref="oc-146"/>
      </symbol>
      <symbol id="sm-32f">
         <name>g_psSliders</name>
         <value>0x20000280</value>
         <object_component_ref idref="oc-1c1"/>
      </symbol>
      <symbol id="sm-330">
         <name>g_sPrevious</name>
         <value>0x20000dc8</value>
         <object_component_ref idref="oc-144"/>
      </symbol>
      <symbol id="sm-331">
         <name>OnNext</name>
         <value>0x6c5f</value>
         <object_component_ref idref="oc-c3"/>
      </symbol>
      <symbol id="sm-332">
         <name>sDMAControlTable</name>
         <value>0x20001400</value>
         <object_component_ref idref="oc-1d1"/>
      </symbol>
      <symbol id="sm-333">
         <name>g_sCanvas2</name>
         <value>0x20000e58</value>
         <object_component_ref idref="oc-360"/>
      </symbol>
      <symbol id="sm-334">
         <name>g_sCanvas3</name>
         <value>0x20000e98</value>
         <object_component_ref idref="oc-442"/>
      </symbol>
      <symbol id="sm-335">
         <name>g_sCanvas1</name>
         <value>0x20000e18</value>
         <object_component_ref idref="oc-252"/>
      </symbol>
      <symbol id="sm-336">
         <name>g_psPushButtonIndicators</name>
         <value>0x20000000</value>
         <object_component_ref idref="oc-196"/>
      </symbol>
      <symbol id="sm-39c">
         <name>WriteData</name>
         <value>0x200010d4</value>
         <object_component_ref idref="oc-2ff"/>
      </symbol>
      <symbol id="sm-39d">
         <name>Kentec320x240x16_SSD2119Init</name>
         <value>0x7889</value>
         <object_component_ref idref="oc-1a7"/>
      </symbol>
      <symbol id="sm-39e">
         <name>g_sKentec320x240x16_SSD2119</name>
         <value>0x5e68</value>
         <object_component_ref idref="oc-1cd"/>
      </symbol>
      <symbol id="sm-39f">
         <name>LED_OFF</name>
         <value>0x76ef</value>
         <object_component_ref idref="oc-1a7"/>
      </symbol>
      <symbol id="sm-3a0">
         <name>LED_ON</name>
         <value>0x76d5</value>
         <object_component_ref idref="oc-1a7"/>
      </symbol>
      <symbol id="sm-3a1">
         <name>WriteCommand</name>
         <value>0x200010d8</value>
         <object_component_ref idref="oc-2ff"/>
      </symbol>
      <symbol id="sm-3c7">
         <name>uDMAEnable</name>
         <value>0xb5e9</value>
         <object_component_ref idref="oc-1b7"/>
      </symbol>
      <symbol id="sm-3c8">
         <name>uDMAControlBaseSet</name>
         <value>0xb63d</value>
         <object_component_ref idref="oc-1b2"/>
      </symbol>
      <symbol id="sm-3f6">
         <name>TimerLoadSet</name>
         <value>0xb595</value>
         <object_component_ref idref="oc-9e"/>
      </symbol>
      <symbol id="sm-3f7">
         <name>TimerEnable</name>
         <value>0xb615</value>
         <object_component_ref idref="oc-a8"/>
      </symbol>
      <symbol id="sm-3f8">
         <name>TimerControlTrigger</name>
         <value>0xae75</value>
         <object_component_ref idref="oc-a3"/>
      </symbol>
      <symbol id="sm-3f9">
         <name>TimerConfigure</name>
         <value>0xadc1</value>
         <object_component_ref idref="oc-94"/>
      </symbol>
      <symbol id="sm-450">
         <name>SysCtlClockSet</name>
         <value>0xa011</value>
         <object_component_ref idref="oc-1a2"/>
      </symbol>
      <symbol id="sm-451">
         <name>SysCtlDelay</name>
         <value>0xb65d</value>
         <object_component_ref idref="oc-1b1"/>
      </symbol>
      <symbol id="sm-452">
         <name>SysCtlPeripheralEnable</name>
         <value>0xb28d</value>
         <object_component_ref idref="oc-67"/>
      </symbol>
      <symbol id="sm-453">
         <name>SysCtlClockGet</name>
         <value>0x9df9</value>
         <object_component_ref idref="oc-99"/>
      </symbol>
      <symbol id="sm-477">
         <name>IntEnable</name>
         <value>0xaca5</value>
         <object_component_ref idref="oc-85"/>
      </symbol>
      <symbol id="sm-4a0">
         <name>GPIOPinTypeGPIOOutput</name>
         <value>0xb4f1</value>
         <object_component_ref idref="oc-8a"/>
      </symbol>
      <symbol id="sm-4a1">
         <name>GPIODirModeSet</name>
         <value>0xb2ed</value>
         <object_component_ref idref="oc-112"/>
      </symbol>
      <symbol id="sm-4a2">
         <name>GPIOPinWrite</name>
         <value>0xb651</value>
         <object_component_ref idref="oc-8f"/>
      </symbol>
      <symbol id="sm-4a3">
         <name>GPIOPadConfigSet</name>
         <value>0x9cc7</value>
         <object_component_ref idref="oc-10d"/>
      </symbol>
      <symbol id="sm-4b7">
         <name>FPULazyStackingEnable</name>
         <value>0xb5d9</value>
         <object_component_ref idref="oc-19d"/>
      </symbol>
      <symbol id="sm-4b8">
         <name>FPUEnable</name>
         <value>0xb5c9</value>
         <object_component_ref idref="oc-198"/>
      </symbol>
      <symbol id="sm-4e9">
         <name>ADCSequenceEnable</name>
         <value>0xb5f9</value>
         <object_component_ref idref="oc-7b"/>
      </symbol>
      <symbol id="sm-4ea">
         <name>ADCSequenceConfigure</name>
         <value>0xb1a7</value>
         <object_component_ref idref="oc-71"/>
      </symbol>
      <symbol id="sm-4eb">
         <name>ADCIntEnable</name>
         <value>0xb5b9</value>
         <object_component_ref idref="oc-80"/>
      </symbol>
      <symbol id="sm-4ec">
         <name>ADCSequenceStepConfigure</name>
         <value>0xaa27</value>
         <object_component_ref idref="oc-76"/>
      </symbol>
      <symbol id="sm-4ed">
         <name>ADCHardwareOversampleConfigure</name>
         <value>0xb571</value>
         <object_component_ref idref="oc-6c"/>
      </symbol>
      <symbol id="sm-50c">
         <name>g_sFontCm24</name>
         <value>0x5c5c</value>
         <object_component_ref idref="oc-185"/>
      </symbol>
      <symbol id="sm-51c">
         <name>g_sFontCm22</name>
         <value>0x5b94</value>
         <object_component_ref idref="oc-183"/>
      </symbol>
      <symbol id="sm-52c">
         <name>g_sFontCm20</name>
         <value>0x5acc</value>
         <object_component_ref idref="oc-1cf"/>
      </symbol>
      <symbol id="sm-53c">
         <name>g_sFontCm18</name>
         <value>0x5a04</value>
         <object_component_ref idref="oc-152"/>
      </symbol>
      <symbol id="sm-54c">
         <name>g_sFontCm14</name>
         <value>0x593c</value>
         <object_component_ref idref="oc-17c"/>
      </symbol>
      <symbol id="sm-55c">
         <name>g_sFontCm12</name>
         <value>0x5874</value>
         <object_component_ref idref="oc-189"/>
      </symbol>
      <symbol id="sm-642">
         <name>g_sRoot</name>
         <value>0x20001080</value>
         <object_component_ref idref="oc-13e"/>
      </symbol>
      <symbol id="sm-643">
         <name>WidgetMessageQueueAdd</name>
         <value>0xa101</value>
         <object_component_ref idref="oc-135"/>
      </symbol>
      <symbol id="sm-644">
         <name>WidgetMessageSendPostOrder</name>
         <value>0xa605</value>
         <object_component_ref idref="oc-316"/>
      </symbol>
      <symbol id="sm-645">
         <name>WidgetAdd</name>
         <value>0xb42d</value>
         <object_component_ref idref="oc-130"/>
      </symbol>
      <symbol id="sm-646">
         <name>WidgetRemove</name>
         <value>0xaf71</value>
         <object_component_ref idref="oc-12b"/>
      </symbol>
      <symbol id="sm-647">
         <name>WidgetDefaultMsgProc</name>
         <value>0xb66f</value>
         <object_component_ref idref="oc-25a"/>
      </symbol>
      <symbol id="sm-648">
         <name>WidgetMutexPut</name>
         <value>0xb663</value>
         <object_component_ref idref="oc-212"/>
      </symbol>
      <symbol id="sm-649">
         <name>WidgetMessageQueueProcess</name>
         <value>0xabdd</value>
         <object_component_ref idref="oc-1bc"/>
      </symbol>
      <symbol id="sm-64a">
         <name>WidgetMutexGet</name>
         <value>0xb549</value>
         <object_component_ref idref="oc-211"/>
      </symbol>
      <symbol id="sm-64b">
         <name>WidgetPointerMessage</name>
         <value>0xb4d5</value>
         <object_component_ref idref="oc-1d3"/>
      </symbol>
      <symbol id="sm-64c">
         <name>WidgetMessageSendPreOrder</name>
         <value>0xaecd</value>
         <object_component_ref idref="oc-311"/>
      </symbol>
      <symbol id="sm-771">
         <name>GrFontInfoGet</name>
         <value>0xb3bf</value>
         <object_component_ref idref="oc-2b2"/>
      </symbol>
      <symbol id="sm-772">
         <name>GrDefaultStringRenderer</name>
         <value>0xa47f</value>
         <object_component_ref idref="oc-303"/>
      </symbol>
      <symbol id="sm-773">
         <name>GrFontGlyphRender</name>
         <value>0x8dd9</value>
         <object_component_ref idref="oc-3f3"/>
      </symbol>
      <symbol id="sm-774">
         <name>GrFontHeightGet</name>
         <value>0xb341</value>
         <object_component_ref idref="oc-435"/>
      </symbol>
      <symbol id="sm-775">
         <name>GrContextFontSet</name>
         <value>0xb657</value>
         <object_component_ref idref="oc-148"/>
      </symbol>
      <symbol id="sm-776">
         <name>GrFontGlyphDataGet</name>
         <value>0xb473</value>
         <object_component_ref idref="oc-2ad"/>
      </symbol>
      <symbol id="sm-777">
         <name>GrStringDraw</name>
         <value>0xb583</value>
         <object_component_ref idref="oc-14d"/>
      </symbol>
      <symbol id="sm-778">
         <name>GrFontCodepageGet</name>
         <value>0xb4b7</value>
         <object_component_ref idref="oc-380"/>
      </symbol>
      <symbol id="sm-779">
         <name>GrStringNextCharGet</name>
         <value>0xb36b</value>
         <object_component_ref idref="oc-2a8"/>
      </symbol>
      <symbol id="sm-77a">
         <name>GrStringWidthGet</name>
         <value>0xaaa7</value>
         <object_component_ref idref="oc-172"/>
      </symbol>
      <symbol id="sm-77b">
         <name>GrFontBaselineGet</name>
         <value>0xb317</value>
         <object_component_ref idref="oc-177"/>
      </symbol>
      <symbol id="sm-7ce">
         <name>SliderMsgProc</name>
         <value>0xb2c1</value>
         <object_component_ref idref="oc-31c"/>
      </symbol>
      <symbol id="sm-7f5">
         <name>GrRectIntersectGet</name>
         <value>0xa9a3</value>
         <object_component_ref idref="oc-476"/>
      </symbol>
      <symbol id="sm-7f6">
         <name>GrRectFill</name>
         <value>0xa91d</value>
         <object_component_ref idref="oc-163"/>
      </symbol>
      <symbol id="sm-7f7">
         <name>GrRectOverlapCheck</name>
         <value>0xb21f</value>
         <object_component_ref idref="oc-4a0"/>
      </symbol>
      <symbol id="sm-7f8">
         <name>GrRectDraw</name>
         <value>0xab11</value>
         <object_component_ref idref="oc-168"/>
      </symbol>
      <symbol id="sm-83b">
         <name>RadioButtonMsgProc</name>
         <value>0xb409</value>
         <object_component_ref idref="oc-32d"/>
      </symbol>
      <symbol id="sm-89b">
         <name>RectangularButtonMsgProc</name>
         <value>0xb495</value>
         <object_component_ref idref="oc-26b"/>
      </symbol>
      <symbol id="sm-89c">
         <name>CircularButtonMsgProc</name>
         <value>0xb451</value>
         <object_component_ref idref="oc-2f3"/>
      </symbol>
      <symbol id="sm-8fa">
         <name>GrLineDrawH</name>
         <value>0xb051</value>
         <object_component_ref idref="oc-28a"/>
      </symbol>
      <symbol id="sm-8fb">
         <name>GrLineDrawV</name>
         <value>0xb097</value>
         <object_component_ref idref="oc-28f"/>
      </symbol>
      <symbol id="sm-8fc">
         <name>GrLineDraw</name>
         <value>0x9f11</value>
         <object_component_ref idref="oc-154"/>
      </symbol>
      <symbol id="sm-9e6">
         <name>GrImageDraw</name>
         <value>0xb607</value>
         <object_component_ref idref="oc-16d"/>
      </symbol>
      <symbol id="sm-a11">
         <name>GrContextInit</name>
         <value>0xab79</value>
         <object_component_ref idref="oc-1ac"/>
      </symbol>
      <symbol id="sm-a12">
         <name>GrContextClipRegionSet</name>
         <value>0xac41</value>
         <object_component_ref idref="oc-430"/>
      </symbol>
      <symbol id="sm-a13">
         <name>g_psDefaultCodePointMapTable</name>
         <value>0x5ec0</value>
         <object_component_ref idref="oc-308"/>
      </symbol>
      <symbol id="sm-a31">
         <name>ContainerMsgProc</name>
         <value>0xb535</value>
         <object_component_ref idref="oc-366"/>
      </symbol>
      <symbol id="sm-ae6">
         <name>GrCircleFill</name>
         <value>0x9a3d</value>
         <object_component_ref idref="oc-159"/>
      </symbol>
      <symbol id="sm-ae7">
         <name>GrCircleDraw</name>
         <value>0x903f</value>
         <object_component_ref idref="oc-15e"/>
      </symbol>
      <symbol id="sm-b17">
         <name>CheckBoxMsgProc</name>
         <value>0xb3e5</value>
         <object_component_ref idref="oc-2e6"/>
      </symbol>
      <symbol id="sm-b23">
         <name>GrMapISO8859_1_Unicode</name>
         <value>0xb649</value>
         <object_component_ref idref="oc-3f9"/>
      </symbol>
      <symbol id="sm-b47">
         <name>CanvasMsgProc</name>
         <value>0xb521</value>
         <object_component_ref idref="oc-24b"/>
      </symbol>
      <symbol id="sm-b56">
         <name>_c_int00</name>
         <value>0xb009</value>
         <object_component_ref idref="oc-10"/>
      </symbol>
      <symbol id="sm-b57">
         <name>__stack</name>
         <value>0x2000199c</value>
         <object_component_ref idref="oc-23"/>
      </symbol>
      <symbol id="sm-b6d">
         <name>__TI_decompress_none</name>
         <value>0xb623</value>
         <object_component_ref idref="oc-14"/>
      </symbol>
      <symbol id="sm-b8f">
         <name>__TI_decompress_rle24</name>
         <value>0xb669</value>
         <object_component_ref idref="oc-1e"/>
      </symbol>
      <symbol id="sm-ba7">
         <name>__TI_zero_init</name>
         <value>0xb5a7</value>
         <object_component_ref idref="oc-19"/>
      </symbol>
      <symbol id="sm-bc3">
         <name>C$$EXIT</name>
         <value>0xb121</value>
         <object_component_ref idref="oc-3a"/>
      </symbol>
      <symbol id="sm-bc4">
         <name>abort</name>
         <value>0xb125</value>
         <object_component_ref idref="oc-3a"/>
      </symbol>
      <symbol id="sm-bc5">
         <name>exit</name>
         <value>0xb12d</value>
         <object_component_ref idref="oc-3a"/>
      </symbol>
      <symbol id="sm-bc6">
         <name>__TI_dtors_ptr</name>
         <value>0x200010e8</value>
         <object_component_ref idref="oc-d1"/>
      </symbol>
      <symbol id="sm-bc7">
         <name>__TI_cleanup_ptr</name>
         <value>0x200010e4</value>
         <object_component_ref idref="oc-d1"/>
      </symbol>
      <symbol id="sm-be1">
         <name>memcpy</name>
         <value>0xa761</value>
         <object_component_ref idref="oc-42"/>
      </symbol>
      <symbol id="sm-be2">
         <name>__aeabi_memcpy</name>
         <value>0xa761</value>
         <object_component_ref idref="oc-42"/>
      </symbol>
      <symbol id="sm-be3">
         <name>__aeabi_memcpy8</name>
         <value>0xa761</value>
         <object_component_ref idref="oc-42"/>
      </symbol>
      <symbol id="sm-be4">
         <name>__aeabi_memcpy4</name>
         <value>0xa761</value>
         <object_component_ref idref="oc-42"/>
      </symbol>
      <symbol id="sm-beb">
         <name>main_func_sp</name>
         <value>0x200010ec</value>
         <object_component_ref idref="oc-3f"/>
      </symbol>
      <symbol id="sm-bfa">
         <name>__aeabi_uidivmod</name>
         <value>0xb165</value>
         <object_component_ref idref="oc-2be"/>
      </symbol>
      <symbol id="sm-c10">
         <name>_nop</name>
         <value>0xb56b</value>
         <object_component_ref idref="oc-1e1"/>
      </symbol>
      <symbol id="sm-c11">
         <name>_lock</name>
         <value>0x200010dc</value>
         <object_component_ref idref="oc-cf"/>
      </symbol>
      <symbol id="sm-c12">
         <name>_unlock</name>
         <value>0x200010e0</value>
         <object_component_ref idref="oc-cf"/>
      </symbol>
      <symbol id="sm-c13">
         <name>_register_lock</name>
         <value>0xb563</value>
         <object_component_ref idref="oc-1e1"/>
      </symbol>
      <symbol id="sm-c14">
         <name>_register_unlock</name>
         <value>0xb55d</value>
         <object_component_ref idref="oc-1e1"/>
      </symbol>
      <symbol id="sm-c27">
         <name>_args_main</name>
         <value>0xb509</value>
         <object_component_ref idref="oc-35"/>
      </symbol>
      <symbol id="sm-c43">
         <name>__TI_auto_init</name>
         <value>0xa7fd</value>
         <object_component_ref idref="oc-31"/>
      </symbol>
      <symbol id="sm-c5b">
         <name>copy_in</name>
         <value>0xb0dd</value>
         <object_component_ref idref="oc-bd"/>
      </symbol>
      <symbol id="sm-c5c">
         <name>__TI_static_base__</name>
         <value>0x0</value>
      </symbol>
      <symbol id="sm-c5d">
         <name>__TI_args_main</name>
         <value>0x1</value>
      </symbol>
      <symbol id="sm-c5e">
         <name>SHT$$INIT_ARRAY$$Limit</name>
         <value>0x0</value>
      </symbol>
      <symbol id="sm-c5f">
         <name>SHT$$INIT_ARRAY$$Base</name>
         <value>0x0</value>
      </symbol>
   </symbol_table>
   <title>Link successful</title>
</link_info>
