******************************************************************************
                  TI ARM Linker PC v5.1.1                      
******************************************************************************
>> Linked Thu Apr 16 19:06:01 2015

OUTPUT FILE NAME:   <lab10.out>
ENTRY POINT SYMBOL: "_c_int00"  address: 0000b009


MEMORY CONFIGURATION

         name            origin    length      used     unused   attr    fill
----------------------  --------  ---------  --------  --------  ----  --------
  FLASH                 00000000   00040000  0000c242  00033dbe  R  X
  SRAM                  20000000   00008000  00001a94  0000656c  RW X


SEGMENT ALLOCATION MAP

run origin  load origin   length   init length attrs members
----------  ----------- ---------- ----------- ----- -------
00000000    00000000    0000c248   0000c248    r-x
  00000000    00000000    0000026c   0000026c    r-- .intvecs
  0000026c    0000026c    00005c64   00005c64    r-- .const
  00005ed0    00005ed0    000057a2   000057a2    r-x .text
  0000b678    0000b678    00000bd0   00000bd0    r-- .cinit
20000000    20000000    000010f8   00000000    rw-
  20000000    20000000    000010f8   00000000    rw- .data
20001400    20001400    0000099c   00000000    rw-
  20001400    20001400    0000059c   00000000    rw- .bss
  2000199c    2000199c    00000400   00000000    rw- .stack


SECTION ALLOCATION MAP

 output                                  attributes/
section   page    origin      length       input sections
--------  ----  ----------  ----------   ----------------
.intvecs   0    00000000    0000026c     
                  00000000    0000026c     tm4c123gh6pm_startup_ccs.obj (.intvecs)

.init_array 
*          0    00000000    00000000     UNINITIALIZED

.const     0    0000026c    00005c64     
                  0000026c    00000a60     grlib.lib : fontcm24.obj (.const:.string:g_pui8Cm24Data)
                  00000ccc    00000960               : fontcm22.obj (.const:.string:g_pui8Cm22Data)
                  0000162c    0000095e               : fontcm20.obj (.const:.string:g_pui8Cm20Data)
                  00001f8a    00000002     --HOLE-- [fill = 0]
                  00001f8c    0000086e               : fontcm18.obj (.const:.string:g_pui8Cm18Data)
                  000027fa    0000083e     images.obj (.const:.string:g_pucRedSlider195x37)
                  00003038    00000826     images.obj (.const:.string:g_pucGreenSlider195x37)
                  0000385e    00000705     images.obj (.const:.string:g_pucGettingHotter28x148)
                  00003f63    00000001     --HOLE-- [fill = 0]
                  00003f64    0000065a     grlib.lib : fontcm14.obj (.const:.string:g_pui8Cm14Data)
                  000045be    00000002     --HOLE-- [fill = 0]
                  000045c0    0000055f               : fontcm12.obj (.const:.string:g_pui8Cm12Data)
                  00004b1f    000003ad     images.obj (.const:.string:g_pucGettingHotter28x148Mono)
                  00004ecc    00000230     images.obj (.const:.string:g_pucLogo)
                  000050fc    00000210     images.obj (.const:.string:g_pucBlue50x50)
                  0000530c    0000020e     images.obj (.const:.string:g_pucBlue50x50Press)
                  0000551a    00000002     --HOLE-- [fill = 0]
                  0000551c    0000017a     grlib_demo.obj (.const:.string)
                  00005696    000000f5     images.obj (.const:.string:g_pucLightOff)
                  0000578b    000000e6     images.obj (.const:.string:g_pucLightOn)
                  00005871    00000003     --HOLE-- [fill = 0]
                  00005874    000000c8     grlib.lib : fontcm12.obj (.const:g_sFontCm12)
                  0000593c    000000c8               : fontcm14.obj (.const:g_sFontCm14)
                  00005a04    000000c8               : fontcm18.obj (.const:g_sFontCm18)
                  00005acc    000000c8               : fontcm20.obj (.const:g_sFontCm20)
                  00005b94    000000c8               : fontcm22.obj (.const:g_sFontCm22)
                  00005c5c    000000c8               : fontcm24.obj (.const:g_sFontCm24)
                  00005d24    00000070     driverlib.lib : interrupt.obj (.const)
                  00005d94    0000006c                   : sysctl.obj (.const:g_pui32Xtals)
                  00005e00    00000038     touch.obj (.const:g_lTouchParameters)
                  00005e38    00000030     ustdlib.obj (.const:g_psDaysToMonth)
                  00005e68    00000028     Kentec320x240x16_ssd2119_8bit.obj (.const:g_sKentec320x240x16_SSD2119)
                  00005e90    0000001c     ustdlib.obj (.const)
                  00005eac    00000012     ustdlib.obj (.const:.string)
                  00005ebe    00000002     --HOLE-- [fill = 0]
                  00005ec0    00000010     grlib.lib : context.obj (.const)

.text      0    00005ed0    000057a2     
                  00005ed0    00000c84     ustdlib.obj (.text)
                  00006b54    00000b80     grlib_demo.obj (.text)
                  000076d4    00000988     Kentec320x240x16_ssd2119_8bit.obj (.text)
                  0000805c    00000464     touch.obj (.text)
                  000084c0    0000038c     grlib.lib : image.obj (.text:InternalImageDraw)
                  0000884c    000002ce               : image.obj (.text:PixelTransparentDraw)
                  00008b1a    000002be               : slider.obj (.text:SliderPaint)
                  00008dd8    00000266               : string.obj (.text:GrFontGlyphRender)
                  0000903e    000001fa               : circle.obj (.text:GrCircleDraw)
                  00009238    000001f8               : checkbox.obj (.text:CheckBoxPaint)
                  00009430    000001b2               : radiobutton.obj (.text:RadioButtonPaint)
                  000095e2    00000188               : canvas.obj (.text:CanvasPaint)
                  0000976a    0000016e               : pushbutton.obj (.text:RectangularButtonPaint)
                  000098d8    00000164               : pushbutton.obj (.text:CircularButtonPaint)
                  00009a3c    00000146               : circle.obj (.text:GrCircleFill)
                  00009b82    00000144               : container.obj (.text:ContainerPaint)
                  00009cc6    00000130     driverlib.lib : gpio.obj (.text:GPIOPadConfigSet)
                  00009df6    00000002     --HOLE-- [fill = 0]
                  00009df8    00000118                   : sysctl.obj (.text:SysCtlClockGet)
                  00009f10    00000100     grlib.lib : line.obj (.text:GrLineDraw)
                  0000a010    000000f0     driverlib.lib : sysctl.obj (.text:SysCtlClockSet)
                  0000a100    000000f0     grlib.lib : widget.obj (.text:WidgetMessageQueueAdd)
                  0000a1f0    000000ec               : pushbutton.obj (.text:RectangularButtonClick)
                  0000a2dc    000000d2               : pushbutton.obj (.text:CircularButtonClick)
                  0000a3ae    000000d0               : slider.obj (.text:SliderClick)
                  0000a47e    000000ca               : string.obj (.text:GrDefaultStringRenderer)
                  0000a548    000000bc               : line.obj (.text:GrLineClip)
                  0000a604    000000b0               : widget.obj (.text:WidgetMessageSendPostOrder)
                  0000a6b4    000000ac               : slider.obj (.text:SliderValueToPosition)
                  0000a760    0000009c     rtsv7M4_T_le_v4SPD16_eabi.lib : memcpy_t2.obj (.text)
                  0000a7fc    00000094                                   : auto_init.obj (.text)
                  0000a890    0000008c     grlib.lib : radiobutton.obj (.text:RadioButtonClick)
                  0000a91c    00000086               : rectangle.obj (.text:GrRectFill)
                  0000a9a2    00000084               : rectangle.obj (.text:GrRectIntersectGet)
                  0000aa26    00000080     driverlib.lib : adc.obj (.text:ADCSequenceStepConfigure)
                  0000aaa6    0000006a     grlib.lib : string.obj (.text:GrStringWidthGet)
                  0000ab10    00000066               : rectangle.obj (.text:GrRectDraw)
                  0000ab76    00000002     --HOLE-- [fill = 0]
                  0000ab78    00000064               : context.obj (.text:GrContextInit)
                  0000abdc    00000064               : widget.obj (.text:WidgetMessageQueueProcess)
                  0000ac40    00000062               : context.obj (.text:GrContextClipRegionSet)
                  0000aca2    00000002     --HOLE-- [fill = 0]
                  0000aca4    00000060     driverlib.lib : interrupt.obj (.text:IntEnable)
                  0000ad04    0000005e     rtsv7M4_T_le_v4SPD16_eabi.lib : copy_decompress_rle.obj (.text)
                  0000ad62    0000005c     grlib.lib : string.obj (.text:FontWideGlyphDataGet)
                  0000adbe    00000002     --HOLE-- [fill = 0]
                  0000adc0    0000005c     driverlib.lib : timer.obj (.text:TimerConfigure)
                  0000ae1c    00000058     grlib.lib : slider.obj (.text:SliderPositionToValue)
                  0000ae74    00000058     driverlib.lib : timer.obj (.text:TimerControlTrigger)
                  0000aecc    00000056     grlib.lib : widget.obj (.text:WidgetMessageSendPreOrder)
                  0000af22    0000004e               : checkbox.obj (.text:CheckBoxClick)
                  0000af70    0000004c               : widget.obj (.text:WidgetRemove)
                  0000afbc    0000004a               : string.obj (.text:UpdateContextCharMapping)
                  0000b006    00000002     --HOLE-- [fill = 0]
                  0000b008    00000048     rtsv7M4_T_le_v4SPD16_eabi.lib : boot.obj (.text)
                  0000b050    00000046     grlib.lib : line.obj (.text:GrLineDrawH)
                  0000b096    00000046               : line.obj (.text:GrLineDrawV)
                  0000b0dc    00000044     rtsv7M4_T_le_v4SPD16_eabi.lib : cpy_tbl.obj (.text)
                  0000b120    00000044                                   : exit.obj (.text)
                  0000b164    00000042                                   : u_divt2.obj (.text)
                  0000b1a6    0000003e     driverlib.lib : adc.obj (.text:ADCSequenceConfigure)
                  0000b1e4    0000003a     grlib.lib : string.obj (.text:FontGlyphDataGet)
                  0000b21e    00000038               : rectangle.obj (.text:GrRectOverlapCheck)
                  0000b256    00000036               : line.obj (.text:GrClipCodeGet)
                  0000b28c    00000034     driverlib.lib : sysctl.obj (.text:SysCtlPeripheralEnable)
                  0000b2c0    0000002c     grlib.lib : slider.obj (.text:SliderMsgProc)
                  0000b2ec    0000002a     driverlib.lib : gpio.obj (.text:GPIODirModeSet)
                  0000b316    0000002a     grlib.lib : string.obj (.text:GrFontBaselineGet)
                  0000b340    0000002a               : string.obj (.text:GrFontHeightGet)
                  0000b36a    0000002a               : string.obj (.text:GrStringNextCharGet)
                  0000b394    0000002a               : widget.obj (.text:WidgetIsInTree)
                  0000b3be    00000026               : string.obj (.text:GrFontInfoGet)
                  0000b3e4    00000024               : checkbox.obj (.text:CheckBoxMsgProc)
                  0000b408    00000024               : radiobutton.obj (.text:RadioButtonMsgProc)
                  0000b42c    00000024               : widget.obj (.text:WidgetAdd)
                  0000b450    00000022               : pushbutton.obj (.text:CircularButtonMsgProc)
                  0000b472    00000022               : string.obj (.text:GrFontGlyphDataGet)
                  0000b494    00000022               : pushbutton.obj (.text:RectangularButtonMsgProc)
                  0000b4b6    0000001e               : string.obj (.text:GrFontCodepageGet)
                  0000b4d4    0000001c               : widget.obj (.text:WidgetPointerMessage)
                  0000b4f0    00000018     driverlib.lib : gpio.obj (.text:GPIOPinTypeGPIOOutput)
                  0000b508    00000018     rtsv7M4_T_le_v4SPD16_eabi.lib : args_main.obj (.text)
                  0000b520    00000014     grlib.lib : canvas.obj (.text:CanvasMsgProc)
                  0000b534    00000014               : container.obj (.text:ContainerMsgProc)
                  0000b548    00000014               : widget.obj (.text:WidgetMutexGet)
                  0000b55c    00000014     rtsv7M4_T_le_v4SPD16_eabi.lib : _lock.obj (.text)
                  0000b570    00000012     driverlib.lib : adc.obj (.text:ADCHardwareOversampleConfigure)
                  0000b582    00000012     grlib.lib : string.obj (.text:GrStringDraw)
                  0000b594    00000012     driverlib.lib : timer.obj (.text:TimerLoadSet)
                  0000b5a6    00000012     rtsv7M4_T_le_v4SPD16_eabi.lib : copy_zero_init.obj (.text:decompress:ZI)
                  0000b5b8    00000010     driverlib.lib : adc.obj (.text:ADCIntEnable)
                  0000b5c8    00000010                   : fpu.obj (.text:FPUEnable)
                  0000b5d8    00000010                   : fpu.obj (.text:FPULazyStackingEnable)
                  0000b5e8    00000010                   : udma.obj (.text:uDMAEnable)
                  0000b5f8    0000000e                   : adc.obj (.text:ADCSequenceEnable)
                  0000b606    0000000e     grlib.lib : image.obj (.text:GrImageDraw)
                  0000b614    0000000e     driverlib.lib : timer.obj (.text:TimerEnable)
                  0000b622    0000000e     rtsv7M4_T_le_v4SPD16_eabi.lib : copy_decompress_none.obj (.text:decompress:none)
                  0000b630    0000000c     tm4c123gh6pm_startup_ccs.obj (.text)
                  0000b63c    0000000c     driverlib.lib : udma.obj (.text:uDMAControlBaseSet)
                  0000b648    00000008     grlib.lib : charmap.obj (.text:GrMapISO8859_1_Unicode)
                  0000b650    00000006     driverlib.lib : gpio.obj (.text:GPIOPinWrite)
                  0000b656    00000006     grlib.lib : string.obj (.text:GrContextFontSet)
                  0000b65c    00000006     driverlib.lib : sysctl.obj (.text:SysCtlDelay)
                  0000b662    00000006     grlib.lib : widget.obj (.text:WidgetMutexPut)
                  0000b668    00000006     rtsv7M4_T_le_v4SPD16_eabi.lib : copy_decompress_rle.obj (.text:decompress:rle24)
                  0000b66e    00000004     grlib.lib : widget.obj (.text:WidgetDefaultMsgProc)

.cinit     0    0000b678    00000bd0     
                  0000b678    00000ba9     (.cinit..data.load) [load image, compression = rle]
                  0000c221    00000003     --HOLE-- [fill = 0]
                  0000c224    0000000c     (__TI_handler_table)
                  0000c230    00000008     (.cinit..bss.load) [load image, compression = zero_init]
                  0000c238    00000010     (__TI_cinit_table)

.data      0    20000000    000010f8     UNINITIALIZED
                  20000000    00000280     grlib_demo.obj (.data:g_psPushButtonIndicators)
                  20000280    00000228     grlib_demo.obj (.data:g_psSliders)
                  200004a8    00000200     grlib_demo.obj (.data:g_psPanels)
                  200006a8    000001e0     grlib_demo.obj (.data:g_psPushButtons)
                  20000888    00000180     grlib_demo.obj (.data:g_psRadioButtonIndicators)
                  20000a08    000000c0     grlib_demo.obj (.data:g_psCheckBoxIndicators)
                  20000ac8    000000c0     grlib_demo.obj (.data:g_psCheckBoxes)
                  20000b88    000000c0     grlib_demo.obj (.data:g_psRadioButtons1)
                  20000c48    000000c0     grlib_demo.obj (.data:g_psRadioButtons2)
                  20000d08    00000070     grlib_demo.obj (.data:g_psRadioContainers)
                  20000d78    00000050     grlib_demo.obj (.data:g_sNext)
                  20000dc8    00000050     grlib_demo.obj (.data:g_sPrevious)
                  20000e18    00000040     grlib_demo.obj (.data:g_sCanvas1)
                  20000e58    00000040     grlib_demo.obj (.data:g_sCanvas2)
                  20000e98    00000040     grlib_demo.obj (.data:g_sCanvas3)
                  20000ed8    00000040     grlib_demo.obj (.data:g_sIntroduction)
                  20000f18    00000040     grlib_demo.obj (.data:g_sPrimitives)
                  20000f58    00000040     grlib_demo.obj (.data:g_sSliderValueCanvas)
                  20000f98    00000040     grlib_demo.obj (.data:g_sTitle)
                  20000fd8    00000038     grlib_demo.obj (.data:g_sContainer1)
                  20001010    00000038     grlib_demo.obj (.data:g_sContainer2)
                  20001048    00000038     grlib_demo.obj (.data:g_sContainer3)
                  20001080    0000002d     grlib.lib : widget.obj (.data)
                  200010ad    00000003     --HOLE--
                  200010b0    00000024     grlib_demo.obj (.data:g_pcPanelNames)
                  200010d4    00000008     Kentec320x240x16_ssd2119_8bit.obj (.data)
                  200010dc    00000008     rtsv7M4_T_le_v4SPD16_eabi.lib : _lock.obj (.data)
                  200010e4    00000008                                   : exit.obj (.data)
                  200010ec    00000004                                   : stkdepth_vars.obj (.data)
                  200010f0    00000004     touch.obj (.data)
                  200010f4    00000004     ustdlib.obj (.data)

.bss       0    20001400    0000059c     UNINITIALIZED
                  20001400    00000400     grlib_demo.obj (.bss:sDMAControlTable)
                  20001800    00000140     grlib.lib : widget.obj (.bss:g_psMQ)
                  20001940    00000020               : image.obj (.bss)
                  20001960    00000010     (.common:g_psSamples)
                  20001970    00000008     (.common:pcCanvasText$1)
                  20001978    00000008     (.common:pcSliderText$2)
                  20001980    00000004               : context.obj (.bss)
                  20001984    00000004     (.common:g_pfnTSHandler)
                  20001988    00000004     (.common:g_plParmSet)
                  2000198c    00000004     (.common:g_ulButtonState)
                  20001990    00000004     (.common:g_ulPanel)
                  20001994    00000004     (.common:g_ulTSState)
                  20001998    00000002     (.common:g_sTouchX)
                  2000199a    00000002     (.common:g_sTouchY)

.stack     0    2000199c    00000400     UNINITIALIZED
                  2000199c    00000400     --HOLE--


LINKER GENERATED COPY TABLES

__TI_cinit_table @ 0000c238 records: 2, size/record: 8, table size: 16
	.data: load addr=0000b678, load size=00000ba9 bytes, run addr=20000000, run size=000010f8 bytes, compression=rle
	.bss: load addr=0000c230, load size=00000008 bytes, run addr=20001400, run size=0000059c bytes, compression=zero_init


LINKER GENERATED HANDLER TABLE

__TI_handler_table @ 0000c224 records: 3, size/record: 4, table size: 12
	index: 0, handler: __TI_decompress_rle24
	index: 1, handler: __TI_decompress_none
	index: 2, handler: __TI_zero_init


GLOBAL SYMBOLS: SORTED ALPHABETICALLY BY Name 

address    name
--------   ----
0000b571   ADCHardwareOversampleConfigure
0000b5b9   ADCIntEnable
0000b1a7   ADCSequenceConfigure
0000b5f9   ADCSequenceEnable
0000aa27   ADCSequenceStepConfigure
0000b121   C$$EXIT
0000b521   CanvasMsgProc
0000b3e5   CheckBoxMsgProc
0000b451   CircularButtonMsgProc
0000b535   ContainerMsgProc
0000b5c9   FPUEnable
0000b5d9   FPULazyStackingEnable
0000b2ed   GPIODirModeSet
00009cc7   GPIOPadConfigSet
0000b4f1   GPIOPinTypeGPIOOutput
0000b651   GPIOPinWrite
0000903f   GrCircleDraw
00009a3d   GrCircleFill
0000ac41   GrContextClipRegionSet
0000b657   GrContextFontSet
0000ab79   GrContextInit
0000a47f   GrDefaultStringRenderer
0000b317   GrFontBaselineGet
0000b4b7   GrFontCodepageGet
0000b473   GrFontGlyphDataGet
00008dd9   GrFontGlyphRender
0000b341   GrFontHeightGet
0000b3bf   GrFontInfoGet
0000b607   GrImageDraw
00009f11   GrLineDraw
0000b051   GrLineDrawH
0000b097   GrLineDrawV
0000b649   GrMapISO8859_1_Unicode
0000ab11   GrRectDraw
0000a91d   GrRectFill
0000a9a3   GrRectIntersectGet
0000b21f   GrRectOverlapCheck
0000b583   GrStringDraw
0000b36b   GrStringNextCharGet
0000aaa7   GrStringWidthGet
0000aca5   IntEnable
00007889   Kentec320x240x16_SSD2119Init
000076ef   LED_OFF
000076d5   LED_ON
00007315   OnButtonPress
000071fb   OnCanvasPaint
00007299   OnCheckChange
00006d89   OnIntroPaint
00006c5f   OnNext
00006b55   OnPrevious
00006fad   OnPrimitivePaint
00007469   OnRadioChange
000073b5   OnSliderChange
0000b409   RadioButtonMsgProc
0000b495   RectangularButtonMsgProc
0000b631   ResetISR
UNDEFED    SHT$$INIT_ARRAY$$Base
UNDEFED    SHT$$INIT_ARRAY$$Limit
0000b2c1   SliderMsgProc
00009df9   SysCtlClockGet
0000a011   SysCtlClockSet
0000b65d   SysCtlDelay
0000b28d   SysCtlPeripheralEnable
0000adc1   TimerConfigure
0000ae75   TimerControlTrigger
0000b615   TimerEnable
0000b595   TimerLoadSet
00008455   TouchScreenCallbackSet
00008389   TouchScreenInit
00008253   TouchScreenIntHandler
0000b42d   WidgetAdd
0000b66f   WidgetDefaultMsgProc
0000a101   WidgetMessageQueueAdd
0000abdd   WidgetMessageQueueProcess
0000a605   WidgetMessageSendPostOrder
0000aecd   WidgetMessageSendPreOrder
0000b549   WidgetMutexGet
0000b663   WidgetMutexPut
0000b4d5   WidgetPointerMessage
0000af71   WidgetRemove
200010d8   WriteCommand
200010d4   WriteData
20001d9c   __STACK_END
00000400   __STACK_SIZE
20001d9c   __STACK_TOP
0000c238   __TI_CINIT_Base
0000c248   __TI_CINIT_Limit
0000c224   __TI_Handler_Table_Base
0000c230   __TI_Handler_Table_Limit
00000001   __TI_args_main
0000a7fd   __TI_auto_init
200010e4   __TI_cleanup_ptr
0000b623   __TI_decompress_none
0000b669   __TI_decompress_rle24
200010e8   __TI_dtors_ptr
00000000   __TI_static_base__
0000b5a7   __TI_zero_init
0000a761   __aeabi_memcpy
0000a761   __aeabi_memcpy4
0000a761   __aeabi_memcpy8
0000b165   __aeabi_uidivmod
ffffffff   __binit__
ffffffff   __c_args__
2000199c   __stack
0000b509   _args_main
0000b009   _c_int00
200010dc   _lock
0000b56b   _nop
0000b563   _register_lock
0000b55d   _register_unlock
200010e0   _unlock
0000b125   abort
ffffffff   binit
0000b0dd   copy_in
0000b12d   exit
00005e00   g_lTouchParameters
200010b0   g_pcPanelNames
00000000   g_pfnVectors
20001988   g_plParmSet
20000a08   g_psCheckBoxIndicators
20000ac8   g_psCheckBoxes
00005ec0   g_psDefaultCodePointMapTable
200004a8   g_psPanels
20000000   g_psPushButtonIndicators
200006a8   g_psPushButtons
20000888   g_psRadioButtonIndicators
20000b88   g_psRadioButtons1
20000c48   g_psRadioButtons2
20000d08   g_psRadioContainers
20000280   g_psSliders
000050fc   g_pucBlue50x50
0000530c   g_pucBlue50x50Press
0000385e   g_pucGettingHotter28x148
00004b1f   g_pucGettingHotter28x148Mono
00003038   g_pucGreenSlider195x37
00005696   g_pucLightOff
0000578b   g_pucLightOn
00004ecc   g_pucLogo
000027fa   g_pucRedSlider195x37
20000e18   g_sCanvas1
20000e58   g_sCanvas2
20000e98   g_sCanvas3
20000fd8   g_sContainer1
20001010   g_sContainer2
20001048   g_sContainer3
00005874   g_sFontCm12
0000593c   g_sFontCm14
00005a04   g_sFontCm18
00005acc   g_sFontCm20
00005b94   g_sFontCm22
00005c5c   g_sFontCm24
20000ed8   g_sIntroduction
00005e68   g_sKentec320x240x16_SSD2119
20000d78   g_sNext
20000dc8   g_sPrevious
20000f18   g_sPrimitives
20001080   g_sRoot
20000f58   g_sSliderValueCanvas
20000f98   g_sTitle
200010f0   g_sTouchMin
20001998   g_sTouchX
2000199a   g_sTouchY
2000198c   g_ulButtonState
20001990   g_ulPanel
00007525   main
200010ec   main_func_sp
0000a761   memcpy
20001400   sDMAControlTable
0000b63d   uDMAControlBaseSet
0000b5e9   uDMAEnable
000063b5   ulocaltime
000065b3   umktime
00006b2d   urand
00006385   usnprintf
00006353   usprintf
00006b1d   usrand
00006a95   ustrcasecmp
00006b09   ustrcmp
00006999   ustrlen
000069f1   ustrncasecmp
00006aa9   ustrncmp
00005ed1   ustrncpy
000069bb   ustrstr
00006761   ustrtof
00006629   ustrtoul
00005f29   uvsnprintf


GLOBAL SYMBOLS: SORTED BY Symbol Address 

address    name
--------   ----
00000000   __TI_static_base__
00000000   g_pfnVectors
00000001   __TI_args_main
00000400   __STACK_SIZE
000027fa   g_pucRedSlider195x37
00003038   g_pucGreenSlider195x37
0000385e   g_pucGettingHotter28x148
00004b1f   g_pucGettingHotter28x148Mono
00004ecc   g_pucLogo
000050fc   g_pucBlue50x50
0000530c   g_pucBlue50x50Press
00005696   g_pucLightOff
0000578b   g_pucLightOn
00005874   g_sFontCm12
0000593c   g_sFontCm14
00005a04   g_sFontCm18
00005acc   g_sFontCm20
00005b94   g_sFontCm22
00005c5c   g_sFontCm24
00005e00   g_lTouchParameters
00005e68   g_sKentec320x240x16_SSD2119
00005ec0   g_psDefaultCodePointMapTable
00005ed1   ustrncpy
00005f29   uvsnprintf
00006353   usprintf
00006385   usnprintf
000063b5   ulocaltime
000065b3   umktime
00006629   ustrtoul
00006761   ustrtof
00006999   ustrlen
000069bb   ustrstr
000069f1   ustrncasecmp
00006a95   ustrcasecmp
00006aa9   ustrncmp
00006b09   ustrcmp
00006b1d   usrand
00006b2d   urand
00006b55   OnPrevious
00006c5f   OnNext
00006d89   OnIntroPaint
00006fad   OnPrimitivePaint
000071fb   OnCanvasPaint
00007299   OnCheckChange
00007315   OnButtonPress
000073b5   OnSliderChange
00007469   OnRadioChange
00007525   main
000076d5   LED_ON
000076ef   LED_OFF
00007889   Kentec320x240x16_SSD2119Init
00008253   TouchScreenIntHandler
00008389   TouchScreenInit
00008455   TouchScreenCallbackSet
00008dd9   GrFontGlyphRender
0000903f   GrCircleDraw
00009a3d   GrCircleFill
00009cc7   GPIOPadConfigSet
00009df9   SysCtlClockGet
00009f11   GrLineDraw
0000a011   SysCtlClockSet
0000a101   WidgetMessageQueueAdd
0000a47f   GrDefaultStringRenderer
0000a605   WidgetMessageSendPostOrder
0000a761   __aeabi_memcpy
0000a761   __aeabi_memcpy4
0000a761   __aeabi_memcpy8
0000a761   memcpy
0000a7fd   __TI_auto_init
0000a91d   GrRectFill
0000a9a3   GrRectIntersectGet
0000aa27   ADCSequenceStepConfigure
0000aaa7   GrStringWidthGet
0000ab11   GrRectDraw
0000ab79   GrContextInit
0000abdd   WidgetMessageQueueProcess
0000ac41   GrContextClipRegionSet
0000aca5   IntEnable
0000adc1   TimerConfigure
0000ae75   TimerControlTrigger
0000aecd   WidgetMessageSendPreOrder
0000af71   WidgetRemove
0000b009   _c_int00
0000b051   GrLineDrawH
0000b097   GrLineDrawV
0000b0dd   copy_in
0000b121   C$$EXIT
0000b125   abort
0000b12d   exit
0000b165   __aeabi_uidivmod
0000b1a7   ADCSequenceConfigure
0000b21f   GrRectOverlapCheck
0000b28d   SysCtlPeripheralEnable
0000b2c1   SliderMsgProc
0000b2ed   GPIODirModeSet
0000b317   GrFontBaselineGet
0000b341   GrFontHeightGet
0000b36b   GrStringNextCharGet
0000b3bf   GrFontInfoGet
0000b3e5   CheckBoxMsgProc
0000b409   RadioButtonMsgProc
0000b42d   WidgetAdd
0000b451   CircularButtonMsgProc
0000b473   GrFontGlyphDataGet
0000b495   RectangularButtonMsgProc
0000b4b7   GrFontCodepageGet
0000b4d5   WidgetPointerMessage
0000b4f1   GPIOPinTypeGPIOOutput
0000b509   _args_main
0000b521   CanvasMsgProc
0000b535   ContainerMsgProc
0000b549   WidgetMutexGet
0000b55d   _register_unlock
0000b563   _register_lock
0000b56b   _nop
0000b571   ADCHardwareOversampleConfigure
0000b583   GrStringDraw
0000b595   TimerLoadSet
0000b5a7   __TI_zero_init
0000b5b9   ADCIntEnable
0000b5c9   FPUEnable
0000b5d9   FPULazyStackingEnable
0000b5e9   uDMAEnable
0000b5f9   ADCSequenceEnable
0000b607   GrImageDraw
0000b615   TimerEnable
0000b623   __TI_decompress_none
0000b631   ResetISR
0000b63d   uDMAControlBaseSet
0000b649   GrMapISO8859_1_Unicode
0000b651   GPIOPinWrite
0000b657   GrContextFontSet
0000b65d   SysCtlDelay
0000b663   WidgetMutexPut
0000b669   __TI_decompress_rle24
0000b66f   WidgetDefaultMsgProc
0000c224   __TI_Handler_Table_Base
0000c230   __TI_Handler_Table_Limit
0000c238   __TI_CINIT_Base
0000c248   __TI_CINIT_Limit
20000000   g_psPushButtonIndicators
20000280   g_psSliders
200004a8   g_psPanels
200006a8   g_psPushButtons
20000888   g_psRadioButtonIndicators
20000a08   g_psCheckBoxIndicators
20000ac8   g_psCheckBoxes
20000b88   g_psRadioButtons1
20000c48   g_psRadioButtons2
20000d08   g_psRadioContainers
20000d78   g_sNext
20000dc8   g_sPrevious
20000e18   g_sCanvas1
20000e58   g_sCanvas2
20000e98   g_sCanvas3
20000ed8   g_sIntroduction
20000f18   g_sPrimitives
20000f58   g_sSliderValueCanvas
20000f98   g_sTitle
20000fd8   g_sContainer1
20001010   g_sContainer2
20001048   g_sContainer3
20001080   g_sRoot
200010b0   g_pcPanelNames
200010d4   WriteData
200010d8   WriteCommand
200010dc   _lock
200010e0   _unlock
200010e4   __TI_cleanup_ptr
200010e8   __TI_dtors_ptr
200010ec   main_func_sp
200010f0   g_sTouchMin
20001400   sDMAControlTable
20001988   g_plParmSet
2000198c   g_ulButtonState
20001990   g_ulPanel
20001998   g_sTouchX
2000199a   g_sTouchY
2000199c   __stack
20001d9c   __STACK_END
20001d9c   __STACK_TOP
ffffffff   __binit__
ffffffff   __c_args__
ffffffff   binit
UNDEFED    SHT$$INIT_ARRAY$$Base
UNDEFED    SHT$$INIT_ARRAY$$Limit

[186 symbols]
