<html>
<body>
<pre>
<h1>µVision Build Log</h1>
<h2>Project:</h2>
C:\ti\TivaWare_C_Series-2.1.0.12573\examples\boards\my_projects_123\switch_PinMux\switch_PinMux.uvproj
Project File Date:  11/04/2014

<h2>Output:</h2>
Rebuild target 'Target 1'
assembling startup_rvmdk.S...
compiling switch_PinMux.c...
linking...
Program Size: Code=1504 RO-data=16 RW-data=0 ZI-data=352  
".\switch_PinMux.axf" - 0 Error(s), 0 Warning(s).
Load "C:\\ti\\TivaWare_C_Series-2.1.0.12573\\examples\\boards\\my_projects_123\\switch_PinMux\\switch_PinMux.axf" 
Connecting: Mode=JTAG, Speed=1000000Hz
Erase Done.
Programming Done.
Verify OK.
</pre>
</body>
</html>
